Archive member included to satisfy reference by file (symbol)

/opt/devkitpro/portlibs/3ds/lib/libraylib.a(core.o)
                              main.o (InitWindow)
/opt/devkitpro/portlibs/3ds/lib/libraylib.a(shapes.o)
                              main.o (DrawRectangle)
/opt/devkitpro/portlibs/3ds/lib/libraylib.a(textures.o)
                              /opt/devkitpro/portlibs/3ds/lib/libraylib.a(core.o) (stbi_zlib_decode_malloc)
/opt/devkitpro/portlibs/3ds/lib/libraylib.a(text.o)
                              /opt/devkitpro/portlibs/3ds/lib/libraylib.a(core.o) (LoadFontDefault)
/opt/devkitpro/portlibs/3ds/lib/libraylib.a(utils.o)
                              /opt/devkitpro/portlibs/3ds/lib/libraylib.a(core.o) (TraceLog)
/opt/devkitpro/picaGL/lib/libpicaGL.a(state.o)
                              /opt/devkitpro/portlibs/3ds/lib/libraylib.a(core.o) (glDisable)
/opt/devkitpro/picaGL/lib/libpicaGL.a(texture.o)
                              /opt/devkitpro/picaGL/lib/libpicaGL.a(state.o) (glActiveTexture)
/opt/devkitpro/picaGL/lib/libpicaGL.a(pica.o)
                              /opt/devkitpro/picaGL/lib/libpicaGL.a(state.o) (_picaRenderBuffer)
/opt/devkitpro/picaGL/lib/libpicaGL.a(queue.o)
                              /opt/devkitpro/picaGL/lib/libpicaGL.a(texture.o) (_queueWaitAndClear)
/opt/devkitpro/picaGL/lib/libpicaGL.a(arrays.o)
                              /opt/devkitpro/portlibs/3ds/lib/libraylib.a(core.o) (glVertexPointer)
/opt/devkitpro/picaGL/lib/libpicaGL.a(blend.o)
                              /opt/devkitpro/picaGL/lib/libpicaGL.a(state.o) (glAlphaFunc)
/opt/devkitpro/picaGL/lib/libpicaGL.a(depth.o)
                              /opt/devkitpro/portlibs/3ds/lib/libraylib.a(core.o) (glClearDepth)
/opt/devkitpro/picaGL/lib/libpicaGL.a(misc.o)
                              /opt/devkitpro/portlibs/3ds/lib/libraylib.a(core.o) (glClear)
/opt/devkitpro/picaGL/lib/libpicaGL.a(immediate.o)
                              /opt/devkitpro/portlibs/3ds/lib/libraylib.a(core.o) (glBegin)
/opt/devkitpro/picaGL/lib/libpicaGL.a(picaGL.o)
                              /opt/devkitpro/portlibs/3ds/lib/libraylib.a(core.o) (pglInit)
/opt/devkitpro/picaGL/lib/libpicaGL.a(stubs.o)
                              /opt/devkitpro/portlibs/3ds/lib/libraylib.a(core.o) (glShadeModel)
/opt/devkitpro/picaGL/lib/libpicaGL.a(matrix.o)
                              /opt/devkitpro/portlibs/3ds/lib/libraylib.a(core.o) (glLoadIdentity)
/opt/devkitpro/picaGL/lib/libpicaGL.a(get.o)
                              /opt/devkitpro/portlibs/3ds/lib/libraylib.a(core.o) (glGetString)
/opt/devkitpro/picaGL/lib/libpicaGL.a(math_utils.o)
                              /opt/devkitpro/picaGL/lib/libpicaGL.a(state.o) (matrix4x4_multiply)
/opt/devkitpro/picaGL/lib/libpicaGL.a(hashtable.o)
                              /opt/devkitpro/picaGL/lib/libpicaGL.a(texture.o) (hashTableGet)
/opt/devkitpro/picaGL/lib/libpicaGL.a(clear.shbin.o)
                              /opt/devkitpro/picaGL/lib/libpicaGL.a(state.o) (clear_shbin)
/opt/devkitpro/picaGL/lib/libpicaGL.a(vshader.shbin.o)
                              /opt/devkitpro/picaGL/lib/libpicaGL.a(state.o) (vshader_shbin)
/opt/devkitpro/libctru/lib/libctru.a(vram.o)
                              /opt/devkitpro/picaGL/lib/libpicaGL.a(state.o) (vramAlloc)
/opt/devkitpro/libctru/lib/libctru.a(linear.o)
                              /opt/devkitpro/picaGL/lib/libpicaGL.a(state.o) (linearAlloc)
/opt/devkitpro/libctru/lib/libctru.a(mem_pool.o)
                              /opt/devkitpro/libctru/lib/libctru.a(vram.o) (MemPool::Allocate(MemChunk&, unsigned long, int))
/opt/devkitpro/libctru/lib/libctru.a(romfs_dev.o)
                              main.o (romfsMountSelf)
/opt/devkitpro/libctru/lib/libctru.a(os.o)
                              /opt/devkitpro/picaGL/lib/libpicaGL.a(pica.o) (osConvertVirtToPhys)
/opt/devkitpro/libctru/lib/libctru.a(path_buf.o)
                              /opt/devkitpro/libctru/lib/libctru.a(romfs_dev.o) (__ctru_dev_utf16_buf)
/opt/devkitpro/libctru/lib/libctru.a(gfx.o)
                              /opt/devkitpro/picaGL/lib/libpicaGL.a(picaGL.o) (gfxGetScreenFormat)
/opt/devkitpro/libctru/lib/libctru.a(shaderProgram.o)
                              /opt/devkitpro/picaGL/lib/libpicaGL.a(state.o) (shaderProgramInit)
/opt/devkitpro/libctru/lib/libctru.a(shbin.o)
                              /opt/devkitpro/picaGL/lib/libpicaGL.a(state.o) (DVLB_ParseFile)
/opt/devkitpro/libctru/lib/libctru.a(gx.o)
                              /opt/devkitpro/picaGL/lib/libpicaGL.a(state.o) (GX_BindQueue)
/opt/devkitpro/libctru/lib/libctru.a(gxqueue.o)
                              /opt/devkitpro/picaGL/lib/libpicaGL.a(queue.o) (gxCmdQueueClear)
/opt/devkitpro/libctru/lib/libctru.a(gpu.o)
                              /opt/devkitpro/picaGL/lib/libpicaGL.a(pica.o) (GPUCMD_Add)
/opt/devkitpro/libctru/lib/libctru.a(irrst.o)
[...]
Memory Configuration

Name             Origin             Length             Attributes
*default*        0x0000000000000000 0xffffffffffffffff

Linker script and memory map

                0x0000000000100000                PROVIDE (__start__ = 0x100000)
                0x0000000000100000                . = __start__

.text           0x0000000000100000    0x43898
 *(.crt0)
 .crt0          0x0000000000100000       0x94 /opt/devkitpro/devkitARM/bin/../lib/gcc/arm-none-eabi/10.2.0/../../../../arm-none-eabi/lib/armv6k/fpu/3dsx_crt0.o
                0x0000000000100000                _start
                0x0000000000100008                __service_ptr
                0x000000000010000c                __apt_appid
                0x0000000000100010                __heap_size
                0x0000000000100014                __linear_heap_size
                0x0000000000100018                __system_arglist
                0x000000000010001c                __system_runflags
 *(.init)
 .init          0x0000000000100094        0xc /opt/devkitpro/devkitARM/bin/../lib/gcc/arm-none-eabi/10.2.0/armv6k/fpu/crti.o
                0x0000000000100094                _init
 .init          0x00000000001000a0        0xc /opt/devkitpro/devkitARM/bin/../lib/gcc/arm-none-eabi/10.2.0/armv6k/fpu/crtn.o
                0x00000000001000ac                . = ALIGN (0x4)
 *(.text)
 .text          0x00000000001000ac      0x20c /opt/devkitpro/devkitARM/bin/../lib/gcc/arm-none-eabi/10.2.0/armv6k/fpu/libgcc.a(_udivsi3.o)
                0x00000000001000ac                __udivsi3
                0x00000000001000ac                __aeabi_uidiv
                0x0000000000100298                __aeabi_uidivmod
 .text          0x00000000001002b8      0x240 /opt/devkitpro/devkitARM/bin/../lib/gcc/arm-none-eabi/10.2.0/armv6k/fpu/libgcc.a(_divsi3.o)
                0x00000000001002b8                __aeabi_idiv
                0x00000000001002b8                __divsi3
                0x00000000001004d8                __aeabi_idivmod
 .text          0x00000000001004f8        0x4 /opt/devkitpro/devkitARM/bin/../lib/gcc/arm-none-eabi/10.2.0/armv6k/fpu/libgcc.a(_dvmd_tls.o)
                0x00000000001004f8                __aeabi_ldiv0
                0x00000000001004f8                __aeabi_idiv0
 .text          0x00000000001004fc      0x3c0 /opt/devkitpro/devkitARM/bin/../lib/gcc/arm-none-eabi/10.2.0/armv6k/fpu/libgcc.a(_arm_addsubdf3.o)
                0x00000000001004fc                __aeabi_drsub
                0x0000000000100504                __aeabi_dsub
                0x0000000000100504                __subdf3
                0x0000000000100508                __adddf3
                0x0000000000100508                __aeabi_dadd
                0x00000000001007b4                __aeabi_ui2d
                0x00000000001007b4                __floatunsidf
                0x00000000001007d8                __floatsidf
                0x00000000001007d8                __aeabi_i2d
                0x0000000000100800                __extendsfdf2
                0x0000000000100800                __aeabi_f2d
                0x0000000000100848                __aeabi_ul2d
                0x0000000000100848                __floatundidf
                0x000000000010085c                __floatdidf
                0x000000000010085c                __aeabi_l2d
 .text          0x00000000001008bc       0xd4 /opt/devkitpro/devkitARM/bin/../lib/gcc/arm-none-eabi/10.2.0/armv6k/fpu/libgcc.a(_aeabi_ldivmod.o)
                0x00000000001008bc                __aeabi_ldivmod
 .text          0x0000000000100990       0x3c /opt/devkitpro/devkitARM/bin/../lib/gcc/arm-none-eabi/10.2.0/armv6k/fpu/libgcc.a(_aeabi_uldivmod.o)
                0x0000000000100990                __aeabi_uldivmod
 *fill*         0x00000000001009cc       0x14 
 .text          0x00000000001009e0      0x390 /opt/devkitpro/devkitARM/bin/../lib/gcc/arm-none-eabi/10.2.0/../../../../arm-none-eabi/lib/armv6k/fpu/libg.a(lib_a-strcmp.o)
                0x00000000001009e8                strcmp
 *(.text.*)
 .text.__do_global_dtors_aux
                0x0000000000100d70       0x40 /opt/devkitpro/devkitARM/bin/../lib/gcc/arm-none-eabi/10.2.0/armv6k/fpu/crtbegin.o
 .text.frame_dummy
                0x0000000000100db0       0x2c /opt/devkitpro/devkitARM/bin/../lib/gcc/arm-none-eabi/10.2.0/armv6k/fpu/crtbegin.o
 .text.LoadMapFromImage
                0x0000000000100ddc       0x98 main.o
                0x0000000000100ddc                LoadMapFromImage
 .text.MoveBox  0x0000000000100e74      0x334 main.o
                0x0000000000100e74                MoveBox
 .text.MoveEntity
                0x00000000001011a8      0x980 main.o
                0x00000000001011a8                MoveEntity
 .text.MovePlayer
                0x0000000000101b28      0xa00 main.o
                0x0000000000101b28                MovePlayer
 .text.startup.main
                0x0000000000102528     0x17b4 main.o
                0x0000000000102528                main
 .text.Vector2Distance
                0x0000000000103cdc       0x84 /opt/devkitpro/portlibs/3ds/lib/libraylib.a(core.o)
                0x0000000000103cdc                Vector2Distance
 .text.Vector2Angle
                0x0000000000103d60       0x98 /opt/devkitpro/portlibs/3ds/lib/libraylib.a(core.o)
                0x0000000000103d60                Vector2Angle
 .text.MatrixIdentity
                0x0000000000103df8       0x74 /opt/devkitpro/portlibs/3ds/lib/libraylib.a(core.o)
                0x0000000000103df8                MatrixIdentity
 .text.MatrixTranslate
                0x0000000000103e6c       0xd0 /opt/devkitpro/portlibs/3ds/lib/libraylib.a(core.o)
                0x0000000000103e6c                MatrixTranslate
 .text.MatrixRotate
                0x0000000000103f3c      0x2c4 /opt/devkitpro/portlibs/3ds/lib/libraylib.a(core.o)
                0x0000000000103f3c                MatrixRotate
 .text.MatrixScale
                0x0000000000104200       0xd0 /opt/devkitpro/portlibs/3ds/lib/libraylib.a(core.o)
                0x0000000000104200                MatrixScale
 .text.MatrixMultiply
                0x00000000001042d0      0x46c /opt/devkitpro/portlibs/3ds/lib/libraylib.a(core.o)
                0x00000000001042d0                MatrixMultiply
 .text.MatrixToFloatV
                0x000000000010473c       0xec /opt/devkitpro/portlibs/3ds/lib/libraylib.a(core.o)
                0x000000000010473c                MatrixToFloatV
 .text.rlMatrixMode
                0x0000000000104828       0x84 /opt/devkitpro/portlibs/3ds/lib/libraylib.a(core.o)
                0x0000000000104828                rlMatrixMode
 .text.rlOrtho  0x00000000001048ac       0x48 /opt/devkitpro/portlibs/3ds/lib/libraylib.a(core.o)
                0x00000000001048ac                rlOrtho
 .text.rlPushMatrix
                0x00000000001048f4       0x10 /opt/devkitpro/portlibs/3ds/lib/libraylib.a(core.o)
                0x00000000001048f4                rlPushMatrix
 .text.rlPopMatrix
                0x0000000000104904       0x10 /opt/devkitpro/portlibs/3ds/lib/libraylib.a(core.o)
                0x0000000000104904                rlPopMatrix
 .text.rlLoadIdentity
                0x0000000000104914       0x10 /opt/devkitpro/portlibs/3ds/lib/libraylib.a(core.o)
                0x0000000000104914                rlLoadIdentity
 .text.rlTranslatef
                0x0000000000104924       0x30 /opt/devkitpro/portlibs/3ds/lib/libraylib.a(core.o)
                0x0000000000104924                rlTranslatef
 .text.rlRotatef
                0x0000000000104954       0x38 /opt/devkitpro/portlibs/3ds/lib/libraylib.a(core.o)
                0x0000000000104954                rlRotatef
 .text.rlMultMatrixf
                0x000000000010498c       0x20 /opt/devkitpro/portlibs/3ds/lib/libraylib.a(core.o)
                0x000000000010498c                rlMultMatrixf
 .text.rlViewport
                0x00000000001049ac       0x38 /opt/devkitpro/portlibs/3ds/lib/libraylib.a(core.o)
                0x00000000001049ac                rlViewport
 .text.rlBegin  0x00000000001049e4       0x74 /opt/devkitpro/portlibs/3ds/lib/libraylib.a(core.o)
                0x00000000001049e4                rlBegin
 .text.rlEnd    0x0000000000104a58       0x10 /opt/devkitpro/portlibs/3ds/lib/libraylib.a(core.o)
                0x0000000000104a58                rlEnd
 .text.rlVertex2f
                0x0000000000104a68       0x28 /opt/devkitpro/portlibs/3ds/lib/libraylib.a(core.o)
                0x0000000000104a68                rlVertex2f
 .text.rlTexCoord2f
                0x0000000000104a90       0x28 /opt/devkitpro/portlibs/3ds/lib/libraylib.a(core.o)
                0x0000000000104a90                rlTexCoord2f
 .text.rlNormal3f
                0x0000000000104ab8       0x30 /opt/devkitpro/portlibs/3ds/lib/libraylib.a(core.o)
                0x0000000000104ab8                rlNormal3f
 .text.rlColor4ub
                0x0000000000104ae8       0x58 /opt/devkitpro/portlibs/3ds/lib/libraylib.a(core.o)
                0x0000000000104ae8                rlColor4ub
 .text.rlEnableTexture
                0x0000000000104b40       0x30 /opt/devkitpro/portlibs/3ds/lib/libraylib.a(core.o)
                0x0000000000104b40                rlEnableTexture
 .text.rlDisableTexture
                0x0000000000104b70       0x24 /opt/devkitpro/portlibs/3ds/lib/libraylib.a(core.o)
                0x0000000000104b70                rlDisableTexture
 .text.rlDeleteTextures
                0x0000000000104b94       0x34 /opt/devkitpro/portlibs/3ds/lib/libraylib.a(core.o)
                0x0000000000104b94                rlDeleteTextures
 .text.rlClearColor
                0x0000000000104bc8       0xbc /opt/devkitpro/portlibs/3ds/lib/libraylib.a(core.o)
                0x0000000000104bc8                rlClearColor
 .text.rlClearScreenBuffers
                0x0000000000104c84       0x14 /opt/devkitpro/portlibs/3ds/lib/libraylib.a(core.o)
                0x0000000000104c84                rlClearScreenBuffers
 .text.rlglInit
                0x0000000000104c98      0x1dc /opt/devkitpro/portlibs/3ds/lib/libraylib.a(core.o)
                0x0000000000104c98                rlglInit
 .text.rlglClose
                0x0000000000104e74        0x8 /opt/devkitpro/portlibs/3ds/lib/libraylib.a(core.o)
                0x0000000000104e74                rlglClose
 .text.rlglDraw
                0x0000000000104e7c        0x8 /opt/devkitpro/portlibs/3ds/lib/libraylib.a(core.o)
                0x0000000000104e7c                rlglDraw
 .text.rlCheckBufferLimit
                0x0000000000104e84       0x20 /opt/devkitpro/portlibs/3ds/lib/libraylib.a(core.o)
                0x0000000000104e84                rlCheckBufferLimit
 .text.rlLoadTexture
                0x0000000000104ea4      0x268 /opt/devkitpro/portlibs/3ds/lib/libraylib.a(core.o)
                0x0000000000104ea4                rlLoadTexture
 .text.rlGetGlTextureFormats
                0x000000000010510c      0x1c8 /opt/devkitpro/portlibs/3ds/lib/libraylib.a(core.o)
                0x000000000010510c                rlGetGlTextureFormats
 .text.GetTextureDefault
                0x00000000001052d4       0x50 /opt/devkitpro/portlibs/3ds/lib/libraylib.a(core.o)
                0x00000000001052d4                GetTextureDefault
 .text.GetShapesTexture
                0x0000000000105324       0x40 /opt/devkitpro/portlibs/3ds/lib/libraylib.a(core.o)
                0x0000000000105324                GetShapesTexture
 .text.GetShapesTextureRec
                0x0000000000105364       0x54 /opt/devkitpro/portlibs/3ds/lib/libraylib.a(core.o)
                0x0000000000105364                GetShapesTextureRec
 .text.SetShapesTexture
                0x00000000001053b8       0x80 /opt/devkitpro/portlibs/3ds/lib/libraylib.a(core.o)
                0x00000000001053b8                SetShapesTexture
 .text.ProcessGestureEvent
                0x0000000000105438      0x88c /opt/devkitpro/portlibs/3ds/lib/libraylib.a(core.o)
                0x0000000000105438                ProcessGestureEvent
 *fill*         0x0000000000105cc4        0x4 
 .text.UpdateGestures
                0x0000000000105cc8      0x11c /opt/devkitpro/portlibs/3ds/lib/libraylib.a(core.o)
                0x0000000000105cc8                UpdateGestures
 *fill*         0x0000000000105de4        0x4 
 .text.GetCurrentTime
                0x0000000000105de8       0x38 /opt/devkitpro/portlibs/3ds/lib/libraylib.a(core.o)
 .text.u64_to_double
                0x0000000000105e20       0x50 /opt/devkitpro/portlibs/3ds/lib/libraylib.a(core.o)
 .text.InitWindow
                0x0000000000105e70      0x1b8 /opt/devkitpro/portlibs/3ds/lib/libraylib.a(core.o)
                0x0000000000105e70                InitWindow
 .text.CloseWindow
                0x0000000000106028       0x2c /opt/devkitpro/portlibs/3ds/lib/libraylib.a(core.o)
                0x0000000000106028                CloseWindow
 .text.WindowShouldClose
                0x0000000000106054       0x50 /opt/devkitpro/portlibs/3ds/lib/libraylib.a(core.o)
                0x0000000000106054                WindowShouldClose
 .text.SetWindowMonitor
                0x00000000001060a4       0x38 /opt/devkitpro/portlibs/3ds/lib/libraylib.a(core.o)
                0x00000000001060a4                SetWindowMonitor
 .text.GetScreenWidth
                0x00000000001060dc       0x14 /opt/devkitpro/portlibs/3ds/lib/libraylib.a(core.o)
                0x00000000001060dc                GetScreenWidth
 .text.GetScreenHeight
                0x00000000001060f0       0x14 /opt/devkitpro/portlibs/3ds/lib/libraylib.a(core.o)
                0x00000000001060f0                GetScreenHeight
 .text.ClearBackground
                0x0000000000106104       0x30 /opt/devkitpro/portlibs/3ds/lib/libraylib.a(core.o)
                0x0000000000106104                ClearBackground
 .text.BeginDrawing
                0x0000000000106134       0xbc /opt/devkitpro/portlibs/3ds/lib/libraylib.a(core.o)
                0x0000000000106134                BeginDrawing
 .text.EndDrawing
                0x00000000001061f0      0x168 /opt/devkitpro/portlibs/3ds/lib/libraylib.a(core.o)
                0x00000000001061f0                EndDrawing
 .text.BeginMode2D
                0x0000000000106358       0xec /opt/devkitpro/portlibs/3ds/lib/libraylib.a(core.o)
                0x0000000000106358                BeginMode2D
 .text.EndMode2D
                0x0000000000106444       0x6c /opt/devkitpro/portlibs/3ds/lib/libraylib.a(core.o)
                0x0000000000106444                EndMode2D
 .text.GetCameraMatrix2D
                0x00000000001064b0      0x258 /opt/devkitpro/portlibs/3ds/lib/libraylib.a(core.o)
                0x00000000001064b0                GetCameraMatrix2D
 .text.SetTargetFPS
                0x0000000000106708       0xa4 /opt/devkitpro/portlibs/3ds/lib/libraylib.a(core.o)
                0x0000000000106708                SetTargetFPS
 *fill*         0x00000000001067ac        0x4 
 .text.GetFPS   0x00000000001067b0      0x174 /opt/devkitpro/portlibs/3ds/lib/libraylib.a(core.o)
                0x00000000001067b0                GetFPS
 .text.GetFrameTime
                0x0000000000106924       0x1c /opt/devkitpro/portlibs/3ds/lib/libraylib.a(core.o)
                0x0000000000106924                GetFrameTime
 .text.GetTime  0x0000000000106940       0x5c /opt/devkitpro/portlibs/3ds/lib/libraylib.a(core.o)
                0x0000000000106940                GetTime
 .text.IsFileExtension
                0x000000000010699c      0x10c /opt/devkitpro/portlibs/3ds/lib/libraylib.a(core.o)
                0x000000000010699c                IsFileExtension
 .text.GetExtension
                0x0000000000106aa8       0x54 /opt/devkitpro/portlibs/3ds/lib/libraylib.a(core.o)
                0x0000000000106aa8                GetExtension
 .text.GetGamepadAxisMovement
                0x0000000000106afc       0xe8 /opt/devkitpro/portlibs/3ds/lib/libraylib.a(core.o)
                0x0000000000106afc                GetGamepadAxisMovement
 .text.IsGamepadButtonDown
                0x0000000000106be4       0x94 /opt/devkitpro/portlibs/3ds/lib/libraylib.a(core.o)
                0x0000000000106be4                IsGamepadButtonDown
 .text.GetTouchPosition
                0x0000000000106c78       0x98 /opt/devkitpro/portlibs/3ds/lib/libraylib.a(core.o)
                0x0000000000106c78                GetTouchPosition
 .text.InitGraphicsDevice
                0x0000000000106d10      0x17c /opt/devkitpro/portlibs/3ds/lib/libraylib.a(core.o)
 *fill*         0x0000000000106e8c        0x4 
 .text.SetupViewport
                0x0000000000106e90      0x108 /opt/devkitpro/portlibs/3ds/lib/libraylib.a(core.o)
 .text.SetupFramebuffer
                0x0000000000106f98      0x494 /opt/devkitpro/portlibs/3ds/lib/libraylib.a(core.o)
 .text.InitTimer
                0x000000000010742c       0x58 /opt/devkitpro/portlibs/3ds/lib/libraylib.a(core.o)
 .text.Wait     0x0000000000107484       0x84 /opt/devkitpro/portlibs/3ds/lib/libraylib.a(core.o)
 .text.GetGamepadButton
                0x0000000000107508       0xf0 /opt/devkitpro/portlibs/3ds/lib/libraylib.a(core.o)
 .text.PollInputEvents
                0x00000000001075f8      0x370 /opt/devkitpro/portlibs/3ds/lib/libraylib.a(core.o)
 .text.SwapBuffers
                0x0000000000107968       0x10 /opt/devkitpro/portlibs/3ds/lib/libraylib.a(core.o)
 .text.DrawRectangle
                0x0000000000107978       0x8c /opt/devkitpro/portlibs/3ds/lib/libraylib.a(shapes.o)
                0x0000000000107978                DrawRectangle
 .text.DrawRectangleV
                0x0000000000107a04       0xa8 /opt/devkitpro/portlibs/3ds/lib/libraylib.a(shapes.o)
                0x0000000000107a04                DrawRectangleV
 .text.DrawRectangleRec
                0x0000000000107aac       0x88 /opt/devkitpro/portlibs/3ds/lib/libraylib.a(shapes.o)
                0x0000000000107aac                DrawRectangleRec
 .text.DrawRectanglePro
                0x0000000000107b34      0x454 /opt/devkitpro/portlibs/3ds/lib/libraylib.a(shapes.o)
                0x0000000000107b34                DrawRectanglePro
 .text.CheckCollisionPointRec
                0x0000000000107f88       0xb4 /opt/devkitpro/portlibs/3ds/lib/libraylib.a(shapes.o)
                0x0000000000107f88                CheckCollisionPointRec
 .text.CheckCollisionRecs
                0x000000000010803c       0xd4 /opt/devkitpro/portlibs/3ds/lib/libraylib.a(shapes.o)
                0x000000000010803c                CheckCollisionRecs
 .text.GetCollisionRec
                0x0000000000108110      0x2c8 /opt/devkitpro/portlibs/3ds/lib/libraylib.a(shapes.o)
                0x0000000000108110                GetCollisionRec
 .text.stbi__start_mem
                0x00000000001083d8       0x74 /opt/devkitpro/portlibs/3ds/lib/libraylib.a(textures.o)
 .text.stbi__stdio_read
                0x000000000010844c       0x38 /opt/devkitpro/portlibs/3ds/lib/libraylib.a(textures.o)
 .text.stbi__stdio_skip
                0x0000000000108484       0x2c /opt/devkitpro/portlibs/3ds/lib/libraylib.a(textures.o)
 .text.stbi__stdio_eof
                0x00000000001084b0       0x34 /opt/devkitpro/portlibs/3ds/lib/libraylib.a(textures.o)
 .text.stbi__rewind
                0x00000000001084e4       0x34 /opt/devkitpro/portlibs/3ds/lib/libraylib.a(textures.o)
 .text.stbi__err
                0x0000000000108518       0x34 /opt/devkitpro/portlibs/3ds/lib/libraylib.a(textures.o)
 .text.stbi__malloc
                0x000000000010854c       0x24 /opt/devkitpro/portlibs/3ds/lib/libraylib.a(textures.o)
 .text.stbi__addsizes_valid
                0x0000000000108570       0x4c /opt/devkitpro/portlibs/3ds/lib/libraylib.a(textures.o)
 .text.stbi__mul2sizes_valid
                0x00000000001085bc       0x78 /opt/devkitpro/portlibs/3ds/lib/libraylib.a(textures.o)
 .text.stbi__mad2sizes_valid
                0x0000000000108634       0x68 /opt/devkitpro/portlibs/3ds/lib/libraylib.a(textures.o)
 .text.stbi__mad3sizes_valid
                0x000000000010869c       0x98 /opt/devkitpro/portlibs/3ds/lib/libraylib.a(textures.o)
 .text.stbi__mad4sizes_valid
                0x0000000000108734       0xcc /opt/devkitpro/portlibs/3ds/lib/libraylib.a(textures.o)
 .text.stbi__malloc_mad2
                0x0000000000108800       0x64 /opt/devkitpro/portlibs/3ds/lib/libraylib.a(textures.o)
 .text.stbi__malloc_mad3
                0x0000000000108864       0x74 /opt/devkitpro/portlibs/3ds/lib/libraylib.a(textures.o)
 .text.stbi__malloc_mad4
                0x00000000001088d8       0x84 /opt/devkitpro/portlibs/3ds/lib/libraylib.a(textures.o)
 .text.stbi__load_main
                0x000000000010895c      0x1e0 /opt/devkitpro/portlibs/3ds/lib/libraylib.a(textures.o)
 .text.stbi__convert_16_to_8
                0x0000000000108b3c       0xd0 /opt/devkitpro/portlibs/3ds/lib/libraylib.a(textures.o)
 .text.stbi__vertical_flip
                0x0000000000108c0c      0x150 /opt/devkitpro/portlibs/3ds/lib/libraylib.a(textures.o)
 .text.stbi__load_and_postprocess_8bit
                0x0000000000108d5c      0x18c /opt/devkitpro/portlibs/3ds/lib/libraylib.a(textures.o)
 .text.stbi__float_postprocess
                0x0000000000108ee8       0xd8 /opt/devkitpro/portlibs/3ds/lib/libraylib.a(textures.o)
 .text.stbi_load_from_memory
                0x0000000000108fc0       0x58 /opt/devkitpro/portlibs/3ds/lib/libraylib.a(textures.o)
                0x0000000000108fc0                stbi_load_from_memory
 .text.stbi__loadf_main
                0x0000000000109018      0x108 /opt/devkitpro/portlibs/3ds/lib/libraylib.a(textures.o)
 .text.stbi_loadf_from_memory
                0x0000000000109120       0x58 /opt/devkitpro/portlibs/3ds/lib/libraylib.a(textures.o)
                0x0000000000109120                stbi_loadf_from_memory
 .text.stbi__refill_buffer
                0x0000000000109178       0xb8 /opt/devkitpro/portlibs/3ds/lib/libraylib.a(textures.o)
 .text.stbi__get8
                0x0000000000109230       0x84 /opt/devkitpro/portlibs/3ds/lib/libraylib.a(textures.o)
 .text.stbi__at_eof
                0x00000000001092b4       0x8c /opt/devkitpro/portlibs/3ds/lib/libraylib.a(textures.o)
 .text.stbi__skip
                0x0000000000109340       0xc0 /opt/devkitpro/portlibs/3ds/lib/libraylib.a(textures.o)
 .text.stbi__getn
                0x0000000000109400      0x13c /opt/devkitpro/portlibs/3ds/lib/libraylib.a(textures.o)
 .text.stbi__get16be
                0x000000000010953c       0x40 /opt/devkitpro/portlibs/3ds/lib/libraylib.a(textures.o)
 .text.stbi__get32be
                0x000000000010957c       0x40 /opt/devkitpro/portlibs/3ds/lib/libraylib.a(textures.o)
 .text.stbi__get16le
                0x00000000001095bc       0x40 /opt/devkitpro/portlibs/3ds/lib/libraylib.a(textures.o)
 .text.stbi__get32le
                0x00000000001095fc       0x44 /opt/devkitpro/portlibs/3ds/lib/libraylib.a(textures.o)
 .text.stbi__compute_y
                0x0000000000109640       0x88 /opt/devkitpro/portlibs/3ds/lib/libraylib.a(textures.o)
 .text.stbi__convert_format
                0x00000000001096c8      0x7b8 /opt/devkitpro/portlibs/3ds/lib/libraylib.a(textures.o)
 .text.stbi__compute_y_16
                0x0000000000109e80       0x88 /opt/devkitpro/portlibs/3ds/lib/libraylib.a(textures.o)
 .text.stbi__convert_format16
                0x0000000000109f08      0x7cc /opt/devkitpro/portlibs/3ds/lib/libraylib.a(textures.o)
 .text.stbi__ldr_to_hdr
                0x000000000010a6d4      0x23c /opt/devkitpro/portlibs/3ds/lib/libraylib.a(textures.o)
 .text.stbi__hdr_to_ldr
                0x000000000010a910      0x298 /opt/devkitpro/portlibs/3ds/lib/libraylib.a(textures.o)
 .text.stbi__bitreverse16
                0x000000000010aba8       0xc8 /opt/devkitpro/portlibs/3ds/lib/libraylib.a(textures.o)
 .text.stbi__bit_reverse
                0x000000000010ac70       0x64 /opt/devkitpro/portlibs/3ds/lib/libraylib.a(textures.o)
 .text.stbi__zbuild_huffman
                0x000000000010acd4      0x404 /opt/devkitpro/portlibs/3ds/lib/libraylib.a(textures.o)
 .text.stbi__zget8
                0x000000000010b0d8       0x4c /opt/devkitpro/portlibs/3ds/lib/libraylib.a(textures.o)
 .text.stbi__fill_bits
                0x000000000010b124       0xb0 /opt/devkitpro/portlibs/3ds/lib/libraylib.a(textures.o)
 .text.stbi__zreceive
                0x000000000010b1d4       0x8c /opt/devkitpro/portlibs/3ds/lib/libraylib.a(textures.o)
 .text.stbi__zhuffman_decode_slowpath
                0x000000000010b260      0x168 /opt/devkitpro/portlibs/3ds/lib/libraylib.a(textures.o)
 .text.stbi__zhuffman_decode
                0x000000000010b3c8       0xc0 /opt/devkitpro/portlibs/3ds/lib/libraylib.a(textures.o)
 .text.stbi__zexpand
                0x000000000010b488      0x124 /opt/devkitpro/portlibs/3ds/lib/libraylib.a(textures.o)
 .text.stbi__parse_huffman_block
                0x000000000010b5ac      0x304 /opt/devkitpro/portlibs/3ds/lib/libraylib.a(textures.o)
 .text.stbi__compute_huffman_codes
                0x000000000010b8b0      0x368 /opt/devkitpro/portlibs/3ds/lib/libraylib.a(textures.o)
 .text.stbi__parse_uncompressed_block
                0x000000000010bc18      0x238 /opt/devkitpro/portlibs/3ds/lib/libraylib.a(textures.o)
 .text.stbi__parse_zlib_header
                0x000000000010be50       0xe4 /opt/devkitpro/portlibs/3ds/lib/libraylib.a(textures.o)
 .text.stbi__parse_zlib
                0x000000000010bf34      0x178 /opt/devkitpro/portlibs/3ds/lib/libraylib.a(textures.o)
 .text.stbi__do_zlib
                0x000000000010c0ac       0x6c /opt/devkitpro/portlibs/3ds/lib/libraylib.a(textures.o)
 .text.stbi_zlib_decode_malloc_guesssize_headerflag
                0x000000000010c118       0xf8 /opt/devkitpro/portlibs/3ds/lib/libraylib.a(textures.o)
                0x000000000010c118                stbi_zlib_decode_malloc_guesssize_headerflag
 .text.stbi__get_chunk_header
                0x000000000010c210       0x50 /opt/devkitpro/portlibs/3ds/lib/libraylib.a(textures.o)
 .text.stbi__check_png_header
                0x000000000010c260       0x80 /opt/devkitpro/portlibs/3ds/lib/libraylib.a(textures.o)
 .text.stbi__paeth
                0x000000000010c2e0       0xc0 /opt/devkitpro/portlibs/3ds/lib/libraylib.a(textures.o)
 .text.stbi__create_png_image_raw
                0x000000000010c3a0     0x199c /opt/devkitpro/portlibs/3ds/lib/libraylib.a(textures.o)
 .text.stbi__create_png_image
                0x000000000010dd3c      0x450 /opt/devkitpro/portlibs/3ds/lib/libraylib.a(textures.o)
 .text.stbi__compute_transparency
                0x000000000010e18c      0x1a0 /opt/devkitpro/portlibs/3ds/lib/libraylib.a(textures.o)
 .text.stbi__compute_transparency16
                0x000000000010e32c      0x1a4 /opt/devkitpro/portlibs/3ds/lib/libraylib.a(textures.o)
 .text.stbi__expand_png_palette
                0x000000000010e4d0      0x228 /opt/devkitpro/portlibs/3ds/lib/libraylib.a(textures.o)
 .text.stbi__de_iphone
                0x000000000010e6f8      0x2c0 /opt/devkitpro/portlibs/3ds/lib/libraylib.a(textures.o)
 .text.stbi__parse_png_file
                0x000000000010e9b8      0xe54 /opt/devkitpro/portlibs/3ds/lib/libraylib.a(textures.o)
 .text.stbi__do_png
                0x000000000010f80c      0x238 /opt/devkitpro/portlibs/3ds/lib/libraylib.a(textures.o)
 .text.stbi__png_load
                0x000000000010fa44       0x54 /opt/devkitpro/portlibs/3ds/lib/libraylib.a(textures.o)
 .text.stbi__png_test
                0x000000000010fa98       0x30 /opt/devkitpro/portlibs/3ds/lib/libraylib.a(textures.o)
 .text.stbi__bmp_test_raw
                0x000000000010fac8       0xd0 /opt/devkitpro/portlibs/3ds/lib/libraylib.a(textures.o)
 .text.stbi__bmp_test
                0x000000000010fb98       0x30 /opt/devkitpro/portlibs/3ds/lib/libraylib.a(textures.o)
 .text.stbi__high_bit
                0x000000000010fbc8       0xdc /opt/devkitpro/portlibs/3ds/lib/libraylib.a(textures.o)
 .text.stbi__bitcount
                0x000000000010fca4       0xb4 /opt/devkitpro/portlibs/3ds/lib/libraylib.a(textures.o)
 .text.stbi__shiftsigned
                0x000000000010fd58       0xfc /opt/devkitpro/portlibs/3ds/lib/libraylib.a(textures.o)
 .text.stbi__bmp_parse_header
                0x000000000010fe54      0x4c8 /opt/devkitpro/portlibs/3ds/lib/libraylib.a(textures.o)
 .text.stbi__bmp_load
                0x000000000011031c      0xf8c /opt/devkitpro/portlibs/3ds/lib/libraylib.a(textures.o)
 .text.stbi__tga_get_comp
                0x00000000001112a8      0x108 /opt/devkitpro/portlibs/3ds/lib/libraylib.a(textures.o)
 .text.stbi__tga_test
                0x00000000001113b0      0x208 /opt/devkitpro/portlibs/3ds/lib/libraylib.a(textures.o)
 .text.stbi__tga_read_rgb16
                0x00000000001115b8      0x128 /opt/devkitpro/portlibs/3ds/lib/libraylib.a(textures.o)
 .text.stbi__tga_load
                0x00000000001116e0      0x8b0 /opt/devkitpro/portlibs/3ds/lib/libraylib.a(textures.o)
 .text.stbi__gif_test_raw
                0x0000000000111f90       0xc0 /opt/devkitpro/portlibs/3ds/lib/libraylib.a(textures.o)
 .text.stbi__gif_test
                0x0000000000112050       0x30 /opt/devkitpro/portlibs/3ds/lib/libraylib.a(textures.o)
 .text.stbi__gif_parse_colortable
                0x0000000000112080       0xe4 /opt/devkitpro/portlibs/3ds/lib/libraylib.a(textures.o)
 .text.stbi__gif_header
                0x0000000000112164      0x1e8 /opt/devkitpro/portlibs/3ds/lib/libraylib.a(textures.o)
 .text.stbi__out_gif_code
                0x000000000011234c      0x2ac /opt/devkitpro/portlibs/3ds/lib/libraylib.a(textures.o)
 .text.stbi__process_gif_raster
                0x00000000001125f8      0x420 /opt/devkitpro/portlibs/3ds/lib/libraylib.a(textures.o)
 .text.stbi__gif_load_next
                0x0000000000112a18      0x8c8 /opt/devkitpro/portlibs/3ds/lib/libraylib.a(textures.o)
 .text.stbi__gif_load
                0x00000000001132e0      0x218 /opt/devkitpro/portlibs/3ds/lib/libraylib.a(textures.o)
 .text.stbi__hdr_test_core
                0x00000000001134f8       0x88 /opt/devkitpro/portlibs/3ds/lib/libraylib.a(textures.o)
 .text.stbi__hdr_test
                0x0000000000113580       0x60 /opt/devkitpro/portlibs/3ds/lib/libraylib.a(textures.o)
 .text.stbi__hdr_gettoken
                0x00000000001135e0       0xf4 /opt/devkitpro/portlibs/3ds/lib/libraylib.a(textures.o)
 *fill*         0x00000000001136d4        0x4 
 .text.stbi__hdr_convert
                0x00000000001136d8      0x1f4 /opt/devkitpro/portlibs/3ds/lib/libraylib.a(textures.o)
 .text.stbi__hdr_load
                0x00000000001138cc      0x740 /opt/devkitpro/portlibs/3ds/lib/libraylib.a(textures.o)
 .text.stbir__min
                0x000000000011400c       0x2c /opt/devkitpro/portlibs/3ds/lib/libraylib.a(textures.o)
 .text.stbir__saturate
                0x0000000000114038       0x54 /opt/devkitpro/portlibs/3ds/lib/libraylib.a(textures.o)
 *fill*         0x000000000011408c        0x4 
 .text.stbir__srgb_to_linear
                0x0000000000114090       0x80 /opt/devkitpro/portlibs/3ds/lib/libraylib.a(textures.o)
 .text.stbir__linear_to_srgb
                0x0000000000114110       0x80 /opt/devkitpro/portlibs/3ds/lib/libraylib.a(textures.o)
 .text.stbir__linear_to_srgb_uchar
                0x0000000000114190       0xf0 /opt/devkitpro/portlibs/3ds/lib/libraylib.a(textures.o)
 .text.stbir__filter_trapezoid
                0x0000000000114280       0xec /opt/devkitpro/portlibs/3ds/lib/libraylib.a(textures.o)
 .text.stbir__support_trapezoid
                0x000000000011436c       0x70 /opt/devkitpro/portlibs/3ds/lib/libraylib.a(textures.o)
 .text.stbir__filter_triangle
                0x00000000001143dc       0x54 /opt/devkitpro/portlibs/3ds/lib/libraylib.a(textures.o)
 .text.stbir__filter_cubic
                0x0000000000114430       0xdc /opt/devkitpro/portlibs/3ds/lib/libraylib.a(textures.o)
 .text.stbir__filter_catmullrom
                0x000000000011450c       0xd0 /opt/devkitpro/portlibs/3ds/lib/libraylib.a(textures.o)
 .text.stbir__filter_mitchell
                0x00000000001145dc       0xec /opt/devkitpro/portlibs/3ds/lib/libraylib.a(textures.o)
 .text.stbir__support_zero
                0x00000000001146c8       0x1c /opt/devkitpro/portlibs/3ds/lib/libraylib.a(textures.o)
 .text.stbir__support_one
                0x00000000001146e4       0x1c /opt/devkitpro/portlibs/3ds/lib/libraylib.a(textures.o)
 .text.stbir__support_two
                0x0000000000114700       0x1c /opt/devkitpro/portlibs/3ds/lib/libraylib.a(textures.o)
 .text.stbir__use_upsampling
                0x000000000011471c       0x34 /opt/devkitpro/portlibs/3ds/lib/libraylib.a(textures.o)
 .text.stbir__use_width_upsampling
                0x0000000000114750       0x2c /opt/devkitpro/portlibs/3ds/lib/libraylib.a(textures.o)
 .text.stbir__use_height_upsampling
                0x000000000011477c       0x2c /opt/devkitpro/portlibs/3ds/lib/libraylib.a(textures.o)
 .text.stbir__get_filter_pixel_width
                0x00000000001147a8      0x120 /opt/devkitpro/portlibs/3ds/lib/libraylib.a(textures.o)
 .text.stbir__get_filter_pixel_margin
                0x00000000001148c8       0x40 /opt/devkitpro/portlibs/3ds/lib/libraylib.a(textures.o)
 .text.stbir__get_coefficient_width
                0x0000000000114908       0xc0 /opt/devkitpro/portlibs/3ds/lib/libraylib.a(textures.o)
 .text.stbir__get_contributors
                0x00000000001149c8       0x64 /opt/devkitpro/portlibs/3ds/lib/libraylib.a(textures.o)
 .text.stbir__get_total_horizontal_coefficients
                0x0000000000114a2c       0x44 /opt/devkitpro/portlibs/3ds/lib/libraylib.a(textures.o)
 .text.stbir__get_total_vertical_coefficients
                0x0000000000114a70       0x44 /opt/devkitpro/portlibs/3ds/lib/libraylib.a(textures.o)
 .text.stbir__get_contributor
                0x0000000000114ab4       0x28 /opt/devkitpro/portlibs/3ds/lib/libraylib.a(textures.o)
 .text.stbir__get_coefficient
                0x0000000000114adc       0x60 /opt/devkitpro/portlibs/3ds/lib/libraylib.a(textures.o)
 .text.stbir__edge_wrap_slow
                0x0000000000114b3c      0x194 /opt/devkitpro/portlibs/3ds/lib/libraylib.a(textures.o)
 .text.stbir__edge_wrap
                0x0000000000114cd0       0x60 /opt/devkitpro/portlibs/3ds/lib/libraylib.a(textures.o)
 .text.stbir__calculate_sample_range_upsample
                0x0000000000114d30      0x11c /opt/devkitpro/portlibs/3ds/lib/libraylib.a(textures.o)
 *fill*         0x0000000000114e4c        0x4 
 .text.stbir__calculate_sample_range_downsample
                0x0000000000114e50      0x11c /opt/devkitpro/portlibs/3ds/lib/libraylib.a(textures.o)
 *fill*         0x0000000000114f6c        0x4 
 .text.stbir__calculate_coefficients_upsample
                0x0000000000114f70      0x3e0 /opt/devkitpro/portlibs/3ds/lib/libraylib.a(textures.o)
 .text.stbir__calculate_coefficients_downsample
                0x0000000000115350      0x264 /opt/devkitpro/portlibs/3ds/lib/libraylib.a(textures.o)
 .text.stbir__normalize_downsample_coefficients
                0x00000000001155b4      0x4f8 /opt/devkitpro/portlibs/3ds/lib/libraylib.a(textures.o)
 .text.stbir__calculate_filters
                0x0000000000115aac      0x258 /opt/devkitpro/portlibs/3ds/lib/libraylib.a(textures.o)
 .text.stbir__get_decode_buffer
                0x0000000000115d04       0x38 /opt/devkitpro/portlibs/3ds/lib/libraylib.a(textures.o)
 *fill*         0x0000000000115d3c        0x4 
 .text.stbir__decode_scanline
                0x0000000000115d40      0xbd0 /opt/devkitpro/portlibs/3ds/lib/libraylib.a(textures.o)
 .text.stbir__get_ring_buffer_entry
                0x0000000000116910       0x34 /opt/devkitpro/portlibs/3ds/lib/libraylib.a(textures.o)
 .text.stbir__add_empty_ring_buffer_entry
                0x0000000000116944      0x114 /opt/devkitpro/portlibs/3ds/lib/libraylib.a(textures.o)
 .text.stbir__resample_horizontal_upsample
                0x0000000000116a58      0x874 /opt/devkitpro/portlibs/3ds/lib/libraylib.a(textures.o)
 .text.stbir__resample_horizontal_downsample
                0x00000000001172cc      0x9f8 /opt/devkitpro/portlibs/3ds/lib/libraylib.a(textures.o)
 .text.stbir__decode_and_resample_upsample
                0x0000000000117cc4       0x78 /opt/devkitpro/portlibs/3ds/lib/libraylib.a(textures.o)
 .text.stbir__decode_and_resample_downsample
                0x0000000000117d3c       0x94 /opt/devkitpro/portlibs/3ds/lib/libraylib.a(textures.o)
 .text.stbir__get_ring_buffer_scanline
                0x0000000000117dd0       0x60 /opt/devkitpro/portlibs/3ds/lib/libraylib.a(textures.o)
 .text.stbir__encode_scanline
                0x0000000000117e30      0xa18 /opt/devkitpro/portlibs/3ds/lib/libraylib.a(textures.o)
 .text.stbir__resample_vertical_upsample
                0x0000000000118848      0x93c /opt/devkitpro/portlibs/3ds/lib/libraylib.a(textures.o)
 .text.stbir__resample_vertical_downsample
                0x0000000000119184      0x698 /opt/devkitpro/portlibs/3ds/lib/libraylib.a(textures.o)
 .text.stbir__buffer_loop_upsample
                0x000000000011981c      0x250 /opt/devkitpro/portlibs/3ds/lib/libraylib.a(textures.o)
 .text.stbir__empty_ring_buffer
                0x0000000000119a6c      0x1dc /opt/devkitpro/portlibs/3ds/lib/libraylib.a(textures.o)
 .text.stbir__buffer_loop_downsample
                0x0000000000119c48      0x1f8 /opt/devkitpro/portlibs/3ds/lib/libraylib.a(textures.o)
 .text.stbir__setup
                0x0000000000119e40       0x5c /opt/devkitpro/portlibs/3ds/lib/libraylib.a(textures.o)
 .text.stbir__calculate_transform
                0x0000000000119e9c      0x180 /opt/devkitpro/portlibs/3ds/lib/libraylib.a(textures.o)
 .text.stbir__choose_filter
                0x000000000011a01c       0xb0 /opt/devkitpro/portlibs/3ds/lib/libraylib.a(textures.o)
 .text.stbir__calculate_memory
                0x000000000011a0cc      0x32c /opt/devkitpro/portlibs/3ds/lib/libraylib.a(textures.o)
 .text.stbir__resize_allocated
                0x000000000011a3f8      0x6fc /opt/devkitpro/portlibs/3ds/lib/libraylib.a(textures.o)
 .text.stbir__resize_arbitrary
                0x000000000011aaf4      0x12c /opt/devkitpro/portlibs/3ds/lib/libraylib.a(textures.o)
 .text.stbir_resize_uint8
                0x000000000011ac20       0xcc /opt/devkitpro/portlibs/3ds/lib/libraylib.a(textures.o)
                0x000000000011ac20                stbir_resize_uint8
 .text.LoadImage
                0x000000000011acec      0x3f0 /opt/devkitpro/portlibs/3ds/lib/libraylib.a(textures.o)
                0x000000000011acec                LoadImage
 .text.UnloadImage
                0x000000000011b0dc       0x2c /opt/devkitpro/portlibs/3ds/lib/libraylib.a(textures.o)
                0x000000000011b0dc                UnloadImage
 .text.GenImageColor
                0x000000000011b108       0xd8 /opt/devkitpro/portlibs/3ds/lib/libraylib.a(textures.o)
                0x000000000011b108                GenImageColor
 .text.ImageCopy
                0x000000000011b1e0      0x16c /opt/devkitpro/portlibs/3ds/lib/libraylib.a(textures.o)
                0x000000000011b1e0                ImageCopy
 .text.ImageFromImage
                0x000000000011b34c      0x1b0 /opt/devkitpro/portlibs/3ds/lib/libraylib.a(textures.o)
                0x000000000011b34c                ImageFromImage
 .text.ImageFormat
                0x000000000011b4fc      0xf48 /opt/devkitpro/portlibs/3ds/lib/libraylib.a(textures.o)
                0x000000000011b4fc                ImageFormat
 .text.ImageResize
                0x000000000011c444      0x36c /opt/devkitpro/portlibs/3ds/lib/libraylib.a(textures.o)
                0x000000000011c444                ImageResize
 .text.ImageMipmaps
                0x000000000011c7b0      0x348 /opt/devkitpro/portlibs/3ds/lib/libraylib.a(textures.o)
                0x000000000011c7b0                ImageMipmaps
 .text.ImageFlipHorizontal
                0x000000000011caf8      0x1f4 /opt/devkitpro/portlibs/3ds/lib/libraylib.a(textures.o)
                0x000000000011caf8                ImageFlipHorizontal
 .text.GetImageData
                0x000000000011ccec      0x95c /opt/devkitpro/portlibs/3ds/lib/libraylib.a(textures.o)
                0x000000000011ccec                GetImageData
 .text.GetImageDataNormalized
                0x000000000011d648      0x894 /opt/devkitpro/portlibs/3ds/lib/libraylib.a(textures.o)
                0x000000000011d648                GetImageDataNormalized
 .text.ImageDrawPixel
                0x000000000011dedc      0xb3c /opt/devkitpro/portlibs/3ds/lib/libraylib.a(textures.o)
                0x000000000011dedc                ImageDrawPixel
 .text.LoadTextureFromImage
                0x000000000011ea18       0xe4 /opt/devkitpro/portlibs/3ds/lib/libraylib.a(textures.o)
                0x000000000011ea18                LoadTextureFromImage
 .text.UnloadTexture
                0x000000000011eafc       0x50 /opt/devkitpro/portlibs/3ds/lib/libraylib.a(textures.o)
                0x000000000011eafc                UnloadTexture
 .text.DrawTexture
                0x000000000011eb4c       0x84 /opt/devkitpro/portlibs/3ds/lib/libraylib.a(textures.o)
                0x000000000011eb4c                DrawTexture
 .text.DrawTextureEx
                0x000000000011ebd0      0x128 /opt/devkitpro/portlibs/3ds/lib/libraylib.a(textures.o)
                0x000000000011ebd0                DrawTextureEx
 .text.DrawTextureRec
                0x000000000011ecf8       0xfc /opt/devkitpro/portlibs/3ds/lib/libraylib.a(textures.o)
                0x000000000011ecf8                DrawTextureRec
 .text.DrawTexturePro
                0x000000000011edf4      0x35c /opt/devkitpro/portlibs/3ds/lib/libraylib.a(textures.o)
                0x000000000011edf4                DrawTexturePro
 .text.GetPixelDataSize
                0x000000000011f150      0x19c /opt/devkitpro/portlibs/3ds/lib/libraylib.a(textures.o)
                0x000000000011f150                GetPixelDataSize
 .text.LoadDDS  0x000000000011f2ec      0x688 /opt/devkitpro/portlibs/3ds/lib/libraylib.a(textures.o)
 .text.LoadKTX  0x000000000011f974      0x1f8 /opt/devkitpro/portlibs/3ds/lib/libraylib.a(textures.o)
 .text.LoadASTC
                0x000000000011fb6c      0x23c /opt/devkitpro/portlibs/3ds/lib/libraylib.a(textures.o)
 .text.LoadFontDefault
                0x000000000011fda8      0x5a0 /opt/devkitpro/portlibs/3ds/lib/libraylib.a(text.o)
                0x000000000011fda8                LoadFontDefault
 .text.UnloadFontDefault
                0x0000000000120348       0xb0 /opt/devkitpro/portlibs/3ds/lib/libraylib.a(text.o)
                0x0000000000120348                UnloadFontDefault
 .text.GetFontDefault
                0x00000000001203f8       0x44 /opt/devkitpro/portlibs/3ds/lib/libraylib.a(text.o)
                0x00000000001203f8                GetFontDefault
 .text.DrawFPS  0x000000000012043c       0x5c /opt/devkitpro/portlibs/3ds/lib/libraylib.a(text.o)
                0x000000000012043c                DrawFPS
 .text.DrawText
                0x0000000000120498      0x100 /opt/devkitpro/portlibs/3ds/lib/libraylib.a(text.o)
                0x0000000000120498                DrawText
 .text.DrawTextEx
                0x0000000000120598      0x38c /opt/devkitpro/portlibs/3ds/lib/libraylib.a(text.o)
                0x0000000000120598                DrawTextEx
 .text.GetGlyphIndex
                0x0000000000120924       0x8c /opt/devkitpro/portlibs/3ds/lib/libraylib.a(text.o)
                0x0000000000120924                GetGlyphIndex
 .text.TextLength
                0x00000000001209b0       0x54 /opt/devkitpro/portlibs/3ds/lib/libraylib.a(text.o)
                0x00000000001209b0                TextLength
 .text.TextFormat
                0x0000000000120a04       0x9c /opt/devkitpro/portlibs/3ds/lib/libraylib.a(text.o)
                0x0000000000120a04                TextFormat
 .text.TextIsEqual
                0x0000000000120aa0       0x48 /opt/devkitpro/portlibs/3ds/lib/libraylib.a(text.o)
                0x0000000000120aa0                TextIsEqual
 .text.TextSplit
                0x0000000000120ae8      0x148 /opt/devkitpro/portlibs/3ds/lib/libraylib.a(text.o)
                0x0000000000120ae8                TextSplit
 .text.TextToLower
                0x0000000000120c30       0xd4 /opt/devkitpro/portlibs/3ds/lib/libraylib.a(text.o)
                0x0000000000120c30                TextToLower
 .text.GetNextCodepoint
                0x0000000000120d04      0x3f8 /opt/devkitpro/portlibs/3ds/lib/libraylib.a(text.o)
                0x0000000000120d04                GetNextCodepoint
 .text.TraceLog
                0x00000000001210fc      0x1dc /opt/devkitpro/portlibs/3ds/lib/libraylib.a(utils.o)
                0x00000000001210fc                TraceLog
 .text.LoadFileData
                0x00000000001212d8      0x158 /opt/devkitpro/portlibs/3ds/lib/libraylib.a(utils.o)
                0x00000000001212d8                LoadFileData
 .text._stateInitialize
                0x0000000000121430      0x190 /opt/devkitpro/picaGL/lib/libpicaGL.a(state.o)
                0x0000000000121430                _stateInitialize
 .text._stateDefault
                0x00000000001215c0      0x1dc /opt/devkitpro/picaGL/lib/libpicaGL.a(state.o)
                0x00000000001215c0                _stateDefault
 .text._stateFlush
                0x000000000012179c      0x310 /opt/devkitpro/picaGL/lib/libpicaGL.a(state.o)
                0x000000000012179c                _stateFlush
 .text.glDisable
                0x0000000000121aac      0x17c /opt/devkitpro/picaGL/lib/libpicaGL.a(state.o)
                0x0000000000121aac                glDisable
 .text.glEnable
                0x0000000000121c28      0x17c /opt/devkitpro/picaGL/lib/libpicaGL.a(state.o)
                0x0000000000121c28                glEnable
 .text._readRGBA8
                0x0000000000121da4        0x8 /opt/devkitpro/picaGL/lib/libpicaGL.a(texture.o)
                0x0000000000121da4                _readRGBA8
 .text._readRGB8
                0x0000000000121dac       0x20 /opt/devkitpro/picaGL/lib/libpicaGL.a(texture.o)
                0x0000000000121dac                _readRGB8
 .text._readLA8
                0x0000000000121dcc       0x1c /opt/devkitpro/picaGL/lib/libpicaGL.a(texture.o)
                0x0000000000121dcc                _readLA8
 .text._readA8  0x0000000000121de8       0x10 /opt/devkitpro/picaGL/lib/libpicaGL.a(texture.o)
                0x0000000000121de8                _readA8
 .text._writeRGBA4
                0x0000000000121df8       0x2c /opt/devkitpro/picaGL/lib/libpicaGL.a(texture.o)
                0x0000000000121df8                _writeRGBA4
 .text._writeRGB565
                0x0000000000121e24       0x24 /opt/devkitpro/picaGL/lib/libpicaGL.a(texture.o)
                0x0000000000121e24                _writeRGB565
 .text._writeLA4
                0x0000000000121e48       0x10 /opt/devkitpro/picaGL/lib/libpicaGL.a(texture.o)
                0x0000000000121e48                _writeLA4
 .text._writeLA8
                0x0000000000121e58        0xc /opt/devkitpro/picaGL/lib/libpicaGL.a(texture.o)
                0x0000000000121e58                _writeLA8
 .text._writeA8
                0x0000000000121e64        0xc /opt/devkitpro/picaGL/lib/libpicaGL.a(texture.o)
                0x0000000000121e64                _writeA8
 .text._textureTile
                0x0000000000121e70      0x264 /opt/devkitpro/picaGL/lib/libpicaGL.a(texture.o)
 .text.glTexEnvi.part.0
                0x00000000001220d4      0x1dc /opt/devkitpro/picaGL/lib/libpicaGL.a(texture.o)
 .text.glActiveTexture
                0x00000000001222b0       0x18 /opt/devkitpro/picaGL/lib/libpicaGL.a(texture.o)
                0x00000000001222b0                glActiveTexture
 .text.glTexImage2D
                0x00000000001222c8      0x28c /opt/devkitpro/picaGL/lib/libpicaGL.a(texture.o)
                0x00000000001222c8                glTexImage2D
 .text.glTexParameterf
                0x0000000000122554      0x170 /opt/devkitpro/picaGL/lib/libpicaGL.a(texture.o)
                0x0000000000122554                glTexParameterf
 .text.glTexParameteri
                0x00000000001226c4        0xc /opt/devkitpro/picaGL/lib/libpicaGL.a(texture.o)
                0x00000000001226c4                glTexParameteri
 .text.glBindTexture
                0x00000000001226d0       0xa0 /opt/devkitpro/picaGL/lib/libpicaGL.a(texture.o)
                0x00000000001226d0                glBindTexture
 .text.glGenTextures
                0x0000000000122770       0x80 /opt/devkitpro/picaGL/lib/libpicaGL.a(texture.o)
                0x0000000000122770                glGenTextures
 .text.glDeleteTextures
                0x00000000001227f0       0x74 /opt/devkitpro/picaGL/lib/libpicaGL.a(texture.o)
                0x00000000001227f0                glDeleteTextures
 .text.glTexEnvf
                0x0000000000122864       0x18 /opt/devkitpro/picaGL/lib/libpicaGL.a(texture.o)
                0x0000000000122864                glTexEnvf
 .text._picaRenderBuffer
                0x000000000012287c      0x124 /opt/devkitpro/picaGL/lib/libpicaGL.a(pica.o)
                0x000000000012287c                _picaRenderBuffer
 .text._picaViewport
                0x00000000001229a0       0xb0 /opt/devkitpro/picaGL/lib/libpicaGL.a(pica.o)
                0x00000000001229a0                _picaViewport
 .text._picaScissorTest
                0x0000000000122a50       0x58 /opt/devkitpro/picaGL/lib/libpicaGL.a(pica.o)
                0x0000000000122a50                _picaScissorTest
 .text._picaCullMode
                0x0000000000122aa8       0x30 /opt/devkitpro/picaGL/lib/libpicaGL.a(pica.o)
                0x0000000000122aa8                _picaCullMode
 .text._picaAttribBuffersLocation
                0x0000000000122ad8       0x34 /opt/devkitpro/picaGL/lib/libpicaGL.a(pica.o)
                0x0000000000122ad8                _picaAttribBuffersLocation
 .text._picaAttribBuffersFormat
                0x0000000000122b0c       0xa8 /opt/devkitpro/picaGL/lib/libpicaGL.a(pica.o)
                0x0000000000122b0c                _picaAttribBuffersFormat
 .text._picaDepthMap
                0x0000000000122bb4       0x88 /opt/devkitpro/picaGL/lib/libpicaGL.a(pica.o)
                0x0000000000122bb4                _picaDepthMap
 .text._picaStencilTest
                0x0000000000122c3c       0x54 /opt/devkitpro/picaGL/lib/libpicaGL.a(pica.o)
                0x0000000000122c3c                _picaStencilTest
 .text._picaStencilOp
                0x0000000000122c90       0x3c /opt/devkitpro/picaGL/lib/libpicaGL.a(pica.o)
                0x0000000000122c90                _picaStencilOp
 .text._picaAlphaTest
                0x0000000000122ccc       0x44 /opt/devkitpro/picaGL/lib/libpicaGL.a(pica.o)
                0x0000000000122ccc                _picaAlphaTest
 .text._picaTextureEnvSet
                0x0000000000122d10       0x68 /opt/devkitpro/picaGL/lib/libpicaGL.a(pica.o)
                0x0000000000122d10                _picaTextureEnvSet
 .text._picaTextureEnvReset
                0x0000000000122d78       0x20 /opt/devkitpro/picaGL/lib/libpicaGL.a(pica.o)
                0x0000000000122d78                _picaTextureEnvReset
 .text._picaEarlyDepthTest
                0x0000000000122d98       0x44 /opt/devkitpro/picaGL/lib/libpicaGL.a(pica.o)
                0x0000000000122d98                _picaEarlyDepthTest
 .text._picaBlendFunction
                0x0000000000122ddc       0x78 /opt/devkitpro/picaGL/lib/libpicaGL.a(pica.o)
                0x0000000000122ddc                _picaBlendFunction
 .text._picaUniformFloat
                0x0000000000122e54       0x70 /opt/devkitpro/picaGL/lib/libpicaGL.a(pica.o)
                0x0000000000122e54                _picaUniformFloat
 .text._picaDepthTestWriteMask
                0x0000000000122ec4       0x44 /opt/devkitpro/picaGL/lib/libpicaGL.a(pica.o)
                0x0000000000122ec4                _picaDepthTestWriteMask
 .text._picaFinalize
                0x0000000000122f08       0x64 /opt/devkitpro/picaGL/lib/libpicaGL.a(pica.o)
                0x0000000000122f08                _picaFinalize
 .text._picaBlendColor
                0x0000000000122f6c       0x2c /opt/devkitpro/picaGL/lib/libpicaGL.a(pica.o)
                0x0000000000122f6c                _picaBlendColor
 .text._picaTextureObjectSet
                0x0000000000122f98      0x1bc /opt/devkitpro/picaGL/lib/libpicaGL.a(pica.o)
                0x0000000000122f98                _picaTextureObjectSet
 .text._picaImmediateBegin
                0x0000000000123154       0xb4 /opt/devkitpro/picaGL/lib/libpicaGL.a(pica.o)
                0x0000000000123154                _picaImmediateBegin
 .text._picaImmediateEnd
                0x0000000000123208       0x5c /opt/devkitpro/picaGL/lib/libpicaGL.a(pica.o)
                0x0000000000123208                _picaImmediateEnd
 .text._picaFixedAttribute
                0x0000000000123264       0xa8 /opt/devkitpro/picaGL/lib/libpicaGL.a(pica.o)
                0x0000000000123264                _picaFixedAttribute
 .text._picaTexUnitEnable
                0x000000000012330c       0x4c /opt/devkitpro/picaGL/lib/libpicaGL.a(pica.o)
                0x000000000012330c                _picaTexUnitEnable
 .text._picaLogicOp
                0x0000000000123358       0x48 /opt/devkitpro/picaGL/lib/libpicaGL.a(pica.o)
                0x0000000000123358                _picaLogicOp
 .text._queueWaitAndClear
                0x00000000001233a0       0x30 /opt/devkitpro/picaGL/lib/libpicaGL.a(queue.o)
                0x00000000001233a0                _queueWaitAndClear
 .text._queueRun
                0x00000000001233d0       0x44 /opt/devkitpro/picaGL/lib/libpicaGL.a(queue.o)
                0x00000000001233d0                _queueRun
 .text.glEnableClientState
                0x0000000000123414       0x6c /opt/devkitpro/picaGL/lib/libpicaGL.a(arrays.o)
                0x0000000000123414                glEnableClientState
 .text.glAlphaFunc
                0x0000000000123480       0x4c /opt/devkitpro/picaGL/lib/libpicaGL.a(blend.o)
                0x0000000000123480                glAlphaFunc
 .text.glBlendEquation
                0x00000000001234cc       0x50 /opt/devkitpro/picaGL/lib/libpicaGL.a(blend.o)
                0x00000000001234cc                glBlendEquation
 .text.glBlendFunc
                0x000000000012351c      0x204 /opt/devkitpro/picaGL/lib/libpicaGL.a(blend.o)
                0x000000000012351c                glBlendFunc
 .text.glClearDepth
                0x0000000000123720       0x1c /opt/devkitpro/picaGL/lib/libpicaGL.a(depth.o)
                0x0000000000123720                glClearDepth
 .text.glDepthFunc
                0x000000000012373c       0x38 /opt/devkitpro/picaGL/lib/libpicaGL.a(depth.o)
                0x000000000012373c                glDepthFunc
 .text.glClear  0x0000000000123774      0x1b0 /opt/devkitpro/picaGL/lib/libpicaGL.a(misc.o)
                0x0000000000123774                glClear
 .text.glClearColor
                0x0000000000123924       0x20 /opt/devkitpro/picaGL/lib/libpicaGL.a(misc.o)
                0x0000000000123924                glClearColor
 .text.glCullFace
                0x0000000000123944       0x34 /opt/devkitpro/picaGL/lib/libpicaGL.a(misc.o)
                0x0000000000123944                glCullFace
 .text.glFlush  0x0000000000123978       0xd8 /opt/devkitpro/picaGL/lib/libpicaGL.a(misc.o)
                0x0000000000123978                glFlush
 .text.glViewport
                0x0000000000123a50       0x44 /opt/devkitpro/picaGL/lib/libpicaGL.a(misc.o)
                0x0000000000123a50                glViewport
 .text.glScissor
                0x0000000000123a94       0x44 /opt/devkitpro/picaGL/lib/libpicaGL.a(misc.o)
                0x0000000000123a94                glScissor
 .text.glBegin  0x0000000000123ad8       0x7c /opt/devkitpro/picaGL/lib/libpicaGL.a(immediate.o)
                0x0000000000123ad8                glBegin
 .text.glColor4f
                0x0000000000123b54       0x28 /opt/devkitpro/picaGL/lib/libpicaGL.a(immediate.o)
                0x0000000000123b54                glColor4f
 .text.glColor4ub
                0x0000000000123b7c       0x60 /opt/devkitpro/picaGL/lib/libpicaGL.a(immediate.o)
                0x0000000000123b7c                glColor4ub
 .text.glTexCoord2f
                0x0000000000123bdc       0x1c /opt/devkitpro/picaGL/lib/libpicaGL.a(immediate.o)
                0x0000000000123bdc                glTexCoord2f
 .text.glVertex2f
                0x0000000000123bf8       0x88 /opt/devkitpro/picaGL/lib/libpicaGL.a(immediate.o)
                0x0000000000123bf8                glVertex2f
 .text.glEnd    0x0000000000123c80       0x30 /opt/devkitpro/picaGL/lib/libpicaGL.a(immediate.o)
                0x0000000000123c80                glEnd
 .text._AptEventHook
                0x0000000000123cb0       0x8c /opt/devkitpro/picaGL/lib/libpicaGL.a(picaGL.o)
 .text.pglInit  0x0000000000123d3c       0x40 /opt/devkitpro/picaGL/lib/libpicaGL.a(picaGL.o)
                0x0000000000123d3c                pglInit
 .text.pglExit  0x0000000000123d7c       0x20 /opt/devkitpro/picaGL/lib/libpicaGL.a(picaGL.o)
                0x0000000000123d7c                pglExit
 .text.pglSwapBuffers
                0x0000000000123d9c       0xa4 /opt/devkitpro/picaGL/lib/libpicaGL.a(picaGL.o)
                0x0000000000123d9c                pglSwapBuffers
 .text.pglSelectScreen
                0x0000000000123e40       0x18 /opt/devkitpro/picaGL/lib/libpicaGL.a(picaGL.o)
                0x0000000000123e40                pglSelectScreen
 .text.glShadeModel
                0x0000000000123e58        0x4 /opt/devkitpro/picaGL/lib/libpicaGL.a(stubs.o)
                0x0000000000123e58                glShadeModel
 .text.glHint   0x0000000000123e5c        0x4 /opt/devkitpro/picaGL/lib/libpicaGL.a(stubs.o)
                0x0000000000123e5c                glHint
 .text.glFrontFace
                0x0000000000123e60        0x4 /opt/devkitpro/picaGL/lib/libpicaGL.a(stubs.o)
                0x0000000000123e60                glFrontFace
 .text.glNormal3f
                0x0000000000123e64        0x4 /opt/devkitpro/picaGL/lib/libpicaGL.a(stubs.o)
                0x0000000000123e64                glNormal3f
 .text.glPixelStorei
                0x0000000000123e68        0x4 /opt/devkitpro/picaGL/lib/libpicaGL.a(stubs.o)
                0x0000000000123e68                glPixelStorei
 .text.glLoadIdentity
                0x0000000000123e6c       0x50 /opt/devkitpro/picaGL/lib/libpicaGL.a(matrix.o)
                0x0000000000123e6c                glLoadIdentity
 .text.glTranslatef
                0x0000000000123ebc       0x2c /opt/devkitpro/picaGL/lib/libpicaGL.a(matrix.o)
                0x0000000000123ebc                glTranslatef
 .text.glRotatef
                0x0000000000123ee8      0x118 /opt/devkitpro/picaGL/lib/libpicaGL.a(matrix.o)
                0x0000000000123ee8                glRotatef
 .text.glMatrixMode
                0x0000000000124000       0x30 /opt/devkitpro/picaGL/lib/libpicaGL.a(matrix.o)
                0x0000000000124000                glMatrixMode
 .text.glOrtho  0x0000000000124030       0x4c /opt/devkitpro/picaGL/lib/libpicaGL.a(matrix.o)
                0x0000000000124030                glOrtho
 .text.glPopMatrix
                0x000000000012407c       0xe4 /opt/devkitpro/picaGL/lib/libpicaGL.a(matrix.o)
                0x000000000012407c                glPopMatrix
 .text.glPushMatrix
                0x0000000000124160       0xd8 /opt/devkitpro/picaGL/lib/libpicaGL.a(matrix.o)
                0x0000000000124160                glPushMatrix
 .text.glMultMatrixf
                0x0000000000124238       0x94 /opt/devkitpro/picaGL/lib/libpicaGL.a(matrix.o)
                0x0000000000124238                glMultMatrixf
 .text.glGetString
                0x00000000001242cc       0x20 /opt/devkitpro/picaGL/lib/libpicaGL.a(get.o)
                0x00000000001242cc                glGetString
 .text.matrix4x4_multiply
                0x00000000001242ec       0x74 /opt/devkitpro/picaGL/lib/libpicaGL.a(math_utils.o)
                0x00000000001242ec                matrix4x4_multiply
 .text.matrix4x4_translate
                0x0000000000124360       0x9c /opt/devkitpro/picaGL/lib/libpicaGL.a(math_utils.o)
                0x0000000000124360                matrix4x4_translate
 .text.matrix4x4_rotate_x
                0x00000000001243fc       0xb8 /opt/devkitpro/picaGL/lib/libpicaGL.a(math_utils.o)
                0x00000000001243fc                matrix4x4_rotate_x
 .text.matrix4x4_rotate_y
                0x00000000001244b4       0xb8 /opt/devkitpro/picaGL/lib/libpicaGL.a(math_utils.o)
                0x00000000001244b4                matrix4x4_rotate_y
 .text.matrix4x4_rotate_z
                0x000000000012456c       0xb8 /opt/devkitpro/picaGL/lib/libpicaGL.a(math_utils.o)
                0x000000000012456c                matrix4x4_rotate_z
 .text.matrix4x4_ortho_tilt
                0x0000000000124624       0xec /opt/devkitpro/picaGL/lib/libpicaGL.a(math_utils.o)
                0x0000000000124624                matrix4x4_ortho_tilt
 .text.hashTableGet
                0x0000000000124710       0x48 /opt/devkitpro/picaGL/lib/libpicaGL.a(hashtable.o)
                0x0000000000124710                hashTableGet
 .text.hashTableInsert
                0x0000000000124758       0x8c /opt/devkitpro/picaGL/lib/libpicaGL.a(hashtable.o)
                0x0000000000124758                hashTableInsert
 .text.hashTableRemove
                0x00000000001247e4       0x58 /opt/devkitpro/picaGL/lib/libpicaGL.a(hashtable.o)
                0x00000000001247e4                hashTableRemove
 .text.hashTableUniqueKey
                0x000000000012483c        0xc /opt/devkitpro/picaGL/lib/libpicaGL.a(hashtable.o)
                0x000000000012483c                hashTableUniqueKey
 .text._ZL21addrMapNodeComparatorPK11rbtree_nodeS1_
                0x0000000000124848       0x24 /opt/devkitpro/libctru/lib/libctru.a(vram.o)
 .text._ZL21addrMapNodeDestructorP11rbtree_node
                0x000000000012486c        0x4 /opt/devkitpro/libctru/lib/libctru.a(vram.o)
 .text.vramMemAlign
                0x0000000000124870      0x114 /opt/devkitpro/libctru/lib/libctru.a(vram.o)
                0x0000000000124870                vramMemAlign
 .text.vramAlloc
                0x0000000000124984        0x8 /opt/devkitpro/libctru/lib/libctru.a(vram.o)
                0x0000000000124984                vramAlloc
 .text.vramFree
                0x000000000012498c       0x5c /opt/devkitpro/libctru/lib/libctru.a(vram.o)
                0x000000000012498c                vramFree
 .text._ZL21addrMapNodeComparatorPK11rbtree_nodeS1_
                0x00000000001249e8       0x24 /opt/devkitpro/libctru/lib/libctru.a(linear.o)
 .text._ZL21addrMapNodeDestructorP11rbtree_node
                0x0000000000124a0c        0x4 /opt/devkitpro/libctru/lib/libctru.a(linear.o)
 .text.linearMemAlign
                0x0000000000124a10      0x120 /opt/devkitpro/libctru/lib/libctru.a(linear.o)
                0x0000000000124a10                linearMemAlign
 .text.linearAlloc
                0x0000000000124b30        0x8 /opt/devkitpro/libctru/lib/libctru.a(linear.o)
                0x0000000000124b30                linearAlloc
 .text.linearFree
                0x0000000000124b38       0x5c /opt/devkitpro/libctru/lib/libctru.a(linear.o)
                0x0000000000124b38                linearFree
 .text._ZN7MemPool13CoalesceRightEP8MemBlock
                0x0000000000124b94       0x84 /opt/devkitpro/libctru/lib/libctru.a(mem_pool.o)
                0x0000000000124b94                MemPool::CoalesceRight(MemBlock*)
 .text._ZN7MemPool8AllocateER8MemChunkmi
                0x0000000000124c18      0x170 /opt/devkitpro/libctru/lib/libctru.a(mem_pool.o)
                0x0000000000124c18                MemPool::Allocate(MemChunk&, unsigned long, int)
 .text._ZN7MemPool10DeallocateERK8MemChunk
                0x0000000000124d88       0xfc /opt/devkitpro/libctru/lib/libctru.a(mem_pool.o)
                0x0000000000124d88                MemPool::Deallocate(MemChunk const&)
 .text.romfs_close
                0x0000000000124e84        0x8 /opt/devkitpro/libctru/lib/libctru.a(romfs_dev.o)
 .text.romfs_seek
                0x0000000000124e8c       0xc8 /opt/devkitpro/libctru/lib/libctru.a(romfs_dev.o)
 .text.romfs_dirreset
                0x0000000000124f54       0x24 /opt/devkitpro/libctru/lib/libctru.a(romfs_dev.o)
 .text.fill_dir
                0x0000000000124f78       0xc8 /opt/devkitpro/libctru/lib/libctru.a(romfs_dev.o)
 .text.romfs_dirnext
                0x0000000000125040      0x2b0 /opt/devkitpro/libctru/lib/libctru.a(romfs_dev.o)
 .text.romfs_free
                0x00000000001252f0       0x84 /opt/devkitpro/libctru/lib/libctru.a(romfs_dev.o)
 .text.searchForFile.constprop.0
                0x0000000000125374       0xd4 /opt/devkitpro/libctru/lib/libctru.a(romfs_dev.o)
 .text.searchForDir.constprop.0
                0x0000000000125448       0xd8 /opt/devkitpro/libctru/lib/libctru.a(romfs_dev.o)
 .text.navigateToDir.constprop.0
                0x0000000000125520      0x1c0 /opt/devkitpro/libctru/lib/libctru.a(romfs_dev.o)
 .text.romfs_open
                0x00000000001256e0      0x128 /opt/devkitpro/libctru/lib/libctru.a(romfs_dev.o)
 .text.romfs_chdir
                0x0000000000125808       0x4c /opt/devkitpro/libctru/lib/libctru.a(romfs_dev.o)
 .text.romfs_diropen
                0x0000000000125854       0x70 /opt/devkitpro/libctru/lib/libctru.a(romfs_dev.o)
 .text.romfs_stat
                0x00000000001258c4      0x17c /opt/devkitpro/libctru/lib/libctru.a(romfs_dev.o)
 .text.romfs_dirclose
                0x0000000000125a40        0x8 /opt/devkitpro/libctru/lib/libctru.a(romfs_dev.o)
 .text.romfs_fstat
                0x0000000000125a48       0x7c /opt/devkitpro/libctru/lib/libctru.a(romfs_dev.o)
 .text.romfs_read
                0x0000000000125ac4       0xd4 /opt/devkitpro/libctru/lib/libctru.a(romfs_dev.o)
 .text.romfsMountFromFile
                0x0000000000125b98      0x290 /opt/devkitpro/libctru/lib/libctru.a(romfs_dev.o)
                0x0000000000125b98                romfsMountFromFile
 .text.romfsMountFromCurrentProcess
                0x0000000000125e28       0x98 /opt/devkitpro/libctru/lib/libctru.a(romfs_dev.o)
                0x0000000000125e28                romfsMountFromCurrentProcess
 .text.romfsMountSelf
                0x0000000000125ec0      0x25c /opt/devkitpro/libctru/lib/libctru.a(romfs_dev.o)
                0x0000000000125ec0                romfsMountSelf
 .text.osConvertVirtToPhys
                0x000000000012611c       0x74 /opt/devkitpro/libctru/lib/libctru.a(os.o)
                0x000000000012611c                osConvertVirtToPhys
 .text.osGetTimeRef
                0x0000000000126190       0x54 /opt/devkitpro/libctru/lib/libctru.a(os.o)
                0x0000000000126190                osGetTimeRef
 .text.osGetTime
                0x00000000001261e4       0xe4 /opt/devkitpro/libctru/lib/libctru.a(os.o)
                0x00000000001261e4                osGetTime
 .text.__libctru_gtod
                0x00000000001262c8       0x74 /opt/devkitpro/libctru/lib/libctru.a(os.o)
                0x00000000001262c8                __libctru_gtod
 .text.__ctru_speedup_config
                0x000000000012633c       0x34 /opt/devkitpro/libctru/lib/libctru.a(os.o)
                0x000000000012633c                __ctru_speedup_config
 .text.osSetSpeedupEnable
                0x0000000000126370       0x38 /opt/devkitpro/libctru/lib/libctru.a(os.o)
                0x0000000000126370                osSetSpeedupEnable
 .text.gfxPresentFramebuffer
                0x00000000001263a8       0xd0 /opt/devkitpro/libctru/lib/libctru.a(gfx.o)
 .text.gfxSetScreenFormat
                0x0000000000126478       0xec /opt/devkitpro/libctru/lib/libctru.a(gfx.o)
                0x0000000000126478                gfxSetScreenFormat
 .text.gfxGetScreenFormat
                0x0000000000126564       0x10 /opt/devkitpro/libctru/lib/libctru.a(gfx.o)
                0x0000000000126564                gfxGetScreenFormat
 .text.gfxInit  0x0000000000126574      0x108 /opt/devkitpro/libctru/lib/libctru.a(gfx.o)
                0x0000000000126574                gfxInit
 .text.gfxInitDefault
                0x000000000012667c       0x10 /opt/devkitpro/libctru/lib/libctru.a(gfx.o)
                0x000000000012667c                gfxInitDefault
 .text.gfxExit  0x000000000012668c       0xb4 /opt/devkitpro/libctru/lib/libctru.a(gfx.o)
                0x000000000012668c                gfxExit
 .text.gfxGetFramebuffer
                0x0000000000126740       0xa0 /opt/devkitpro/libctru/lib/libctru.a(gfx.o)
                0x0000000000126740                gfxGetFramebuffer
 .text.gfxScreenSwapBuffers
                0x00000000001267e0       0x30 /opt/devkitpro/libctru/lib/libctru.a(gfx.o)
                0x00000000001267e0                gfxScreenSwapBuffers
 .text.shaderInstanceInit
                0x0000000000126810      0x1e0 /opt/devkitpro/libctru/lib/libctru.a(shaderProgram.o)
                0x0000000000126810                shaderInstanceInit
 .text.shaderProgramInit
                0x00000000001269f0       0x1c /opt/devkitpro/libctru/lib/libctru.a(shaderProgram.o)
                0x00000000001269f0                shaderProgramInit
 .text.shaderProgramSetVsh
                0x0000000000126a0c       0x80 /opt/devkitpro/libctru/lib/libctru.a(shaderProgram.o)
                0x0000000000126a0c                shaderProgramSetVsh
 .text.shaderProgramConfigure
                0x0000000000126a8c      0x8c0 /opt/devkitpro/libctru/lib/libctru.a(shaderProgram.o)
                0x0000000000126a8c                shaderProgramConfigure
 .text.shaderProgramUse
                0x000000000012734c      0x13c /opt/devkitpro/libctru/lib/libctru.a(shaderProgram.o)
                0x000000000012734c                shaderProgramUse
 .text.DVLE_GenerateOutmap.part.0
                0x0000000000127488      0x1f8 /opt/devkitpro/libctru/lib/libctru.a(shbin.o)
 .text.DVLB_ParseFile
                0x0000000000127680      0x1cc /opt/devkitpro/libctru/lib/libctru.a(shbin.o)
                0x0000000000127680                DVLB_ParseFile
 .text.GX_BindQueue
                0x000000000012784c       0x10 /opt/devkitpro/libctru/lib/libctru.a(gx.o)
                0x000000000012784c                GX_BindQueue
 .text.GX_ProcessCommandList
                0x000000000012785c       0x78 /opt/devkitpro/libctru/lib/libctru.a(gx.o)
                0x000000000012785c                GX_ProcessCommandList
 .text.GX_DisplayTransfer
                0x00000000001278d4       0x70 /opt/devkitpro/libctru/lib/libctru.a(gx.o)
                0x00000000001278d4                GX_DisplayTransfer
 .text.GX_TextureCopy
                0x0000000000127944       0x74 /opt/devkitpro/libctru/lib/libctru.a(gx.o)
                0x0000000000127944                GX_TextureCopy
 .text.GX_FlushCacheRegions
                0x00000000001279b8       0x44 /opt/devkitpro/libctru/lib/libctru.a(gx.o)
                0x00000000001279b8                GX_FlushCacheRegions
 .text.gxCmdQueueDoCommands.part.0
                0x00000000001279fc       0x68 /opt/devkitpro/libctru/lib/libctru.a(gxqueue.o)
 .text.gxCmdQueueInterrupt
                0x0000000000127a64       0xc8 /opt/devkitpro/libctru/lib/libctru.a(gxqueue.o)
                0x0000000000127a64                gxCmdQueueInterrupt
 .text.gxCmdQueueClear
                0x0000000000127b2c       0x4c /opt/devkitpro/libctru/lib/libctru.a(gxqueue.o)
                0x0000000000127b2c                gxCmdQueueClear
 .text.gxCmdQueueAdd
                0x0000000000127b78       0xf8 /opt/devkitpro/libctru/lib/libctru.a(gxqueue.o)
                0x0000000000127b78                gxCmdQueueAdd
 .text.gxCmdQueueRun
                0x0000000000127c70       0x80 /opt/devkitpro/libctru/lib/libctru.a(gxqueue.o)
                0x0000000000127c70                gxCmdQueueRun
 .text.gxCmdQueueStop
                0x0000000000127cf0       0x60 /opt/devkitpro/libctru/lib/libctru.a(gxqueue.o)
                0x0000000000127cf0                gxCmdQueueStop
 .text.gxCmdQueueWait
                0x0000000000127d50       0x74 /opt/devkitpro/libctru/lib/libctru.a(gxqueue.o)
                0x0000000000127d50                gxCmdQueueWait
 .text.GPUCMD_Add
                0x0000000000127dc4      0x13c /opt/devkitpro/libctru/lib/libctru.a(gpu.o)
                0x0000000000127dc4                GPUCMD_Add
 .text.GPUCMD_Split
                0x0000000000127f00       0xac /opt/devkitpro/libctru/lib/libctru.a(gpu.o)
                0x0000000000127f00                GPUCMD_Split
 .text.f32tof24
                0x0000000000127fac       0x40 /opt/devkitpro/libctru/lib/libctru.a(gpu.o)
                0x0000000000127fac                f32tof24
 .text.f32tof31
                0x0000000000127fec       0x44 /opt/devkitpro/libctru/lib/libctru.a(gpu.o)
                0x0000000000127fec                f32tof31
 .text.irrstInit
                0x0000000000128030      0x160 /opt/devkitpro/libctru/lib/libctru.a(irrst.o)
                0x0000000000128030                irrstInit
 .text.irrstExit
                0x0000000000128190       0xcc /opt/devkitpro/libctru/lib/libctru.a(irrst.o)
                0x0000000000128190                irrstExit
 .text.irrstScanInput
                0x000000000012825c       0xb0 /opt/devkitpro/libctru/lib/libctru.a(irrst.o)
                0x000000000012825c                irrstScanInput
 .text.irrstKeysHeld
                0x000000000012830c       0x24 /opt/devkitpro/libctru/lib/libctru.a(irrst.o)
                0x000000000012830c                irrstKeysHeld
 .text.irrstCstickRead
                0x0000000000128330       0x18 /opt/devkitpro/libctru/lib/libctru.a(irrst.o)
                0x0000000000128330                irrstCstickRead
 .text.gspHardwareInit
                0x0000000000128348      0xc58 /opt/devkitpro/libctru/lib/libctru.a(gspgpu.o)
 .text.gspInit  0x0000000000128fa0      0x254 /opt/devkitpro/libctru/lib/libctru.a(gspgpu.o)
                0x0000000000128fa0                gspInit
 .text.gspExit  0x00000000001291f4       0xf0 /opt/devkitpro/libctru/lib/libctru.a(gspgpu.o)
                0x00000000001291f4                gspExit
 .text.gspHasGpuRight
                0x00000000001292e4       0x10 /opt/devkitpro/libctru/lib/libctru.a(gspgpu.o)
                0x00000000001292e4                gspHasGpuRight
 .text.gspPresentBuffer
                0x00000000001292f4       0x98 /opt/devkitpro/libctru/lib/libctru.a(gspgpu.o)
                0x00000000001292f4                gspPresentBuffer
 .text.gspWaitForEvent
                0x000000000012938c       0x50 /opt/devkitpro/libctru/lib/libctru.a(gspgpu.o)
                0x000000000012938c                gspWaitForEvent
 .text.gspWaitForAnyEvent
                0x00000000001293dc       0x4c /opt/devkitpro/libctru/lib/libctru.a(gspgpu.o)
                0x00000000001293dc                gspWaitForAnyEvent
 .text.gspEventThreadMain
                0x0000000000129428      0x160 /opt/devkitpro/libctru/lib/libctru.a(gspgpu.o)
 .text.gspSubmitGxCommand
                0x0000000000129588      0x130 /opt/devkitpro/libctru/lib/libctru.a(gspgpu.o)
                0x0000000000129588                gspSubmitGxCommand
 .text.GSPGPU_FlushDataCache
                0x00000000001296b8       0x50 /opt/devkitpro/libctru/lib/libctru.a(gspgpu.o)
                0x00000000001296b8                GSPGPU_FlushDataCache
 .text.GSPGPU_SetLcdForceBlack
                0x0000000000129708       0x34 /opt/devkitpro/libctru/lib/libctru.a(gspgpu.o)
                0x0000000000129708                GSPGPU_SetLcdForceBlack
 .text.GSPGPU_AcquireRight
                0x000000000012973c       0x68 /opt/devkitpro/libctru/lib/libctru.a(gspgpu.o)
                0x000000000012973c                GSPGPU_AcquireRight
 .text.GSPGPU_ReleaseRight
                0x00000000001297a4       0x48 /opt/devkitpro/libctru/lib/libctru.a(gspgpu.o)
                0x00000000001297a4                GSPGPU_ReleaseRight
 .text.GSPGPU_ImportDisplayCaptureInfo
                0x00000000001297ec       0x7c /opt/devkitpro/libctru/lib/libctru.a(gspgpu.o)
                0x00000000001297ec                GSPGPU_ImportDisplayCaptureInfo
 .text.GSPGPU_SaveVramSysArea
                0x0000000000129868       0x2c /opt/devkitpro/libctru/lib/libctru.a(gspgpu.o)
                0x0000000000129868                GSPGPU_SaveVramSysArea
 .text.GSPGPU_RestoreVramSysArea
                0x0000000000129894       0x2c /opt/devkitpro/libctru/lib/libctru.a(gspgpu.o)
                0x0000000000129894                GSPGPU_RestoreVramSysArea
 .text.aptConvertScreenForCapture
                0x00000000001298c0      0x1b0 /opt/devkitpro/libctru/lib/libctru.a(apt.o)
 .text.aptDspSleep
                0x0000000000129a70        0x8 /opt/devkitpro/libctru/lib/libctru.a(apt.o)
                0x0000000000129a70                aptDspSleep
 .text.aptDspWakeup
                0x0000000000129a78        0x4 /opt/devkitpro/libctru/lib/libctru.a(apt.o)
                0x0000000000129a78                aptDspWakeup
 .text.aptDspCancel
                0x0000000000129a7c        0x4 /opt/devkitpro/libctru/lib/libctru.a(apt.o)
                0x0000000000129a7c                aptDspCancel
 .text.aptSendCommand
                0x0000000000129a80      0x15c /opt/devkitpro/libctru/lib/libctru.a(apt.o)
                0x0000000000129a80                aptSendCommand
 .text.aptExitProcess
                0x0000000000129bdc       0x38 /opt/devkitpro/libctru/lib/libctru.a(apt.o)
 .text.aptExit  0x0000000000129c14      0x2f0 /opt/devkitpro/libctru/lib/libctru.a(apt.o)
                0x0000000000129c14                aptExit
 .text.aptHandleSleep
                0x0000000000129f04       0xd8 /opt/devkitpro/libctru/lib/libctru.a(apt.o)
                0x0000000000129f04                aptHandleSleep
 .text.aptHook  0x0000000000129fdc       0x30 /opt/devkitpro/libctru/lib/libctru.a(apt.o)
                0x0000000000129fdc                aptHook
 .text.aptUnhook
                0x000000000012a00c       0x30 /opt/devkitpro/libctru/lib/libctru.a(apt.o)
                0x000000000012a00c                aptUnhook
 .text.APT_SleepIfShellClosed
                0x000000000012a03c       0x84 /opt/devkitpro/libctru/lib/libctru.a(apt.o)
                0x000000000012a03c                APT_SleepIfShellClosed
 .text.aptSetSleepAllowed
                0x000000000012a0c0       0x84 /opt/devkitpro/libctru/lib/libctru.a(apt.o)
                0x000000000012a0c0                aptSetSleepAllowed
 .text.APT_UnlockTransition
                0x000000000012a144       0x84 /opt/devkitpro/libctru/lib/libctru.a(apt.o)
                0x000000000012a144                APT_UnlockTransition
 .text.aptEventHandler
                0x000000000012a1c8      0x484 /opt/devkitpro/libctru/lib/libctru.a(apt.o)
 .text.APT_ReceiveParameter
                0x000000000012a64c       0xb0 /opt/devkitpro/libctru/lib/libctru.a(apt.o)
                0x000000000012a64c                APT_ReceiveParameter
 .text.aptReceiveParameter.constprop.0
                0x000000000012a6fc       0xb0 /opt/devkitpro/libctru/lib/libctru.a(apt.o)
 *fill*         0x000000000012a7ac        0x4 
 .text.aptScreenTransfer
                0x000000000012a7b0      0x2bc /opt/devkitpro/libctru/lib/libctru.a(apt.o)
 .text.aptWaitForWakeUp.isra.0
                0x000000000012aa6c      0x2d0 /opt/devkitpro/libctru/lib/libctru.a(apt.o)
 .text.aptJumpToHomeMenu
                0x000000000012ad3c       0xf8 /opt/devkitpro/libctru/lib/libctru.a(apt.o)
                0x000000000012ad3c                aptJumpToHomeMenu
 .text.aptMainLoop
                0x000000000012ae34       0x4c /opt/devkitpro/libctru/lib/libctru.a(apt.o)
                0x000000000012ae34                aptMainLoop
 .text.aptInit  0x000000000012ae80      0x234 /opt/devkitpro/libctru/lib/libctru.a(apt.o)
                0x000000000012ae80                aptInit
 .text.APT_CheckNew3DS
                0x000000000012b0b4       0x7c /opt/devkitpro/libctru/lib/libctru.a(apt.o)
                0x000000000012b0b4                APT_CheckNew3DS
 .text.hidShouldUseIrrst
                0x000000000012b130       0x24 /opt/devkitpro/libctru/lib/libctru.a(hid.o)
                0x000000000012b130                hidShouldUseIrrst
 .text.hidInit  0x000000000012b154      0x18c /opt/devkitpro/libctru/lib/libctru.a(hid.o)
                0x000000000012b154                hidInit
 .text.hidExit  0x000000000012b2e0       0xe8 /opt/devkitpro/libctru/lib/libctru.a(hid.o)
                0x000000000012b2e0                hidExit
 .text.hidScanInput
                0x000000000012b3c8      0x294 /opt/devkitpro/libctru/lib/libctru.a(hid.o)
                0x000000000012b3c8                hidScanInput
 .text.hidKeysHeld
                0x000000000012b65c       0x10 /opt/devkitpro/libctru/lib/libctru.a(hid.o)
                0x000000000012b65c                hidKeysHeld
 .text.hidKeysDown
                0x000000000012b66c       0x10 /opt/devkitpro/libctru/lib/libctru.a(hid.o)
                0x000000000012b66c                hidKeysDown
 .text.hidKeysUp
                0x000000000012b67c       0x10 /opt/devkitpro/libctru/lib/libctru.a(hid.o)
                0x000000000012b67c                hidKeysUp
 .text.hidTouchRead
                0x000000000012b68c       0x18 /opt/devkitpro/libctru/lib/libctru.a(hid.o)
                0x000000000012b68c                hidTouchRead
 .text.hidCircleRead
                0x000000000012b6a4       0x18 /opt/devkitpro/libctru/lib/libctru.a(hid.o)
                0x000000000012b6a4                hidCircleRead
 .text.ptmSysmInit
                0x000000000012b6bc       0x74 /opt/devkitpro/libctru/lib/libctru.a(ptmsysm.o)
                0x000000000012b6bc                ptmSysmInit
 .text.ptmSysmExit
                0x000000000012b730       0x3c /opt/devkitpro/libctru/lib/libctru.a(ptmsysm.o)
                0x000000000012b730                ptmSysmExit
 .text.PTMSYSM_ConfigureNew3DSCPU
                0x000000000012b76c       0x34 /opt/devkitpro/libctru/lib/libctru.a(ptmsysm.o)
                0x000000000012b76c                PTMSYSM_ConfigureNew3DSCPU
 .text.fsInit   0x000000000012b7a0       0xc8 /opt/devkitpro/libctru/lib/libctru.a(fs.o)
                0x000000000012b7a0                fsInit
 .text.fsExit   0x000000000012b868       0x3c /opt/devkitpro/libctru/lib/libctru.a(fs.o)
                0x000000000012b868                fsExit
 .text.fsExemptFromSession
                0x000000000012b8a4       0x60 /opt/devkitpro/libctru/lib/libctru.a(fs.o)
                0x000000000012b8a4                fsExemptFromSession
 .text.fsUnexemptFromSession
                0x000000000012b904       0x50 /opt/devkitpro/libctru/lib/libctru.a(fs.o)
                0x000000000012b904                fsUnexemptFromSession
 .text.FSUSER_OpenFile
                0x000000000012b954       0xcc /opt/devkitpro/libctru/lib/libctru.a(fs.o)
                0x000000000012b954                FSUSER_OpenFile
 .text.FSUSER_OpenFileDirectly
                0x000000000012ba20       0xd4 /opt/devkitpro/libctru/lib/libctru.a(fs.o)
                0x000000000012ba20                FSUSER_OpenFileDirectly
 .text.FSUSER_DeleteFile
                0x000000000012baf4       0xbc /opt/devkitpro/libctru/lib/libctru.a(fs.o)
                0x000000000012baf4                FSUSER_DeleteFile
 .text.FSUSER_RenameFile
                0x000000000012bbb0       0xf8 /opt/devkitpro/libctru/lib/libctru.a(fs.o)
                0x000000000012bbb0                FSUSER_RenameFile
 .text.FSUSER_DeleteDirectory
                0x000000000012bca8       0xbc /opt/devkitpro/libctru/lib/libctru.a(fs.o)
                0x000000000012bca8                FSUSER_DeleteDirectory
 .text.FSUSER_CreateFile
                0x000000000012bd64       0xd4 /opt/devkitpro/libctru/lib/libctru.a(fs.o)
                0x000000000012bd64                FSUSER_CreateFile
 .text.FSUSER_CreateDirectory
                0x000000000012be38       0xc4 /opt/devkitpro/libctru/lib/libctru.a(fs.o)
                0x000000000012be38                FSUSER_CreateDirectory
 .text.FSUSER_RenameDirectory
                0x000000000012befc       0xf8 /opt/devkitpro/libctru/lib/libctru.a(fs.o)
                0x000000000012befc                FSUSER_RenameDirectory
 .text.FSUSER_OpenDirectory
                0x000000000012bff4       0xb4 /opt/devkitpro/libctru/lib/libctru.a(fs.o)
                0x000000000012bff4                FSUSER_OpenDirectory
 .text.FSUSER_OpenArchive
                0x000000000012c0a8       0x94 /opt/devkitpro/libctru/lib/libctru.a(fs.o)
                0x000000000012c0a8                FSUSER_OpenArchive
 .text.FSUSER_CloseArchive
                0x000000000012c13c       0x8c /opt/devkitpro/libctru/lib/libctru.a(fs.o)
                0x000000000012c13c                FSUSER_CloseArchive
 .text.FSUSER_GetSdmcArchiveResource
                0x000000000012c1c8       0x74 /opt/devkitpro/libctru/lib/libctru.a(fs.o)
                0x000000000012c1c8                FSUSER_GetSdmcArchiveResource
 .text.FSUSER_IsSdmcWritable
                0x000000000012c23c       0x64 /opt/devkitpro/libctru/lib/libctru.a(fs.o)
                0x000000000012c23c                FSUSER_IsSdmcWritable
 .text.FSFILE_Read
                0x000000000012c2a0       0x58 /opt/devkitpro/libctru/lib/libctru.a(fs.o)
                0x000000000012c2a0                FSFILE_Read
 .text.FSFILE_Write
                0x000000000012c2f8       0x60 /opt/devkitpro/libctru/lib/libctru.a(fs.o)
                0x000000000012c2f8                FSFILE_Write
 .text.FSFILE_GetSize
                0x000000000012c358       0x38 /opt/devkitpro/libctru/lib/libctru.a(fs.o)
                0x000000000012c358                FSFILE_GetSize
 .text.FSFILE_SetSize
                0x000000000012c390       0x28 /opt/devkitpro/libctru/lib/libctru.a(fs.o)
                0x000000000012c390                FSFILE_SetSize
 .text.FSFILE_Close
                0x000000000012c3b8       0x3c /opt/devkitpro/libctru/lib/libctru.a(fs.o)
                0x000000000012c3b8                FSFILE_Close
 .text.FSFILE_Flush
                0x000000000012c3f4       0x24 /opt/devkitpro/libctru/lib/libctru.a(fs.o)
                0x000000000012c3f4                FSFILE_Flush
 .text.FSDIR_Read
                0x000000000012c418       0x50 /opt/devkitpro/libctru/lib/libctru.a(fs.o)
                0x000000000012c418                FSDIR_Read
 .text.FSDIR_Close
                0x000000000012c468       0x3c /opt/devkitpro/libctru/lib/libctru.a(fs.o)
                0x000000000012c468                FSDIR_Close
 .text.rbtree_init
                0x000000000012c4a4       0x10 /opt/devkitpro/libctru/lib/libctru.a(rbtree_init.o)
                0x000000000012c4a4                rbtree_init
 .text.do_insert
                0x000000000012c4b4      0x1a0 /opt/devkitpro/libctru/lib/libctru.a(rbtree_insert.o)
 .text.rbtree_insert
                0x000000000012c654        0x8 /opt/devkitpro/libctru/lib/libctru.a(rbtree_insert.o)
                0x000000000012c654                rbtree_insert
 .text.rbtree_rotate
                0x000000000012c65c       0x90 /opt/devkitpro/libctru/lib/libctru.a(rbtree_rotate.o)
                0x000000000012c65c                rbtree_rotate
 .text.rbtree_remove
                0x000000000012c6ec      0x338 /opt/devkitpro/libctru/lib/libctru.a(rbtree_remove.o)
                0x000000000012c6ec                rbtree_remove
 .text.rbtree_find
                0x000000000012ca24       0x74 /opt/devkitpro/libctru/lib/libctru.a(rbtree_find.o)
                0x000000000012ca24                rbtree_find
 .text.utf16_to_utf8
                0x000000000012ca98       0xe8 /opt/devkitpro/libctru/lib/libctru.a(utf16_to_utf8.o)
                0x000000000012ca98                utf16_to_utf8
 .text.decode_utf16
                0x000000000012cb80       0x64 /opt/devkitpro/libctru/lib/libctru.a(decode_utf16.o)
                0x000000000012cb80                decode_utf16
 .text.utf8_to_utf16
                0x000000000012cbe4       0xc0 /opt/devkitpro/libctru/lib/libctru.a(utf8_to_utf16.o)
                0x000000000012cbe4                utf8_to_utf16
 *fill*         0x000000000012cca4        0x4 
 .text.__system_allocateHeaps
                0x000000000012cca8      0x1e0 /opt/devkitpro/libctru/lib/libctru.a(allocateHeaps.o)
                0x000000000012cca8                __system_allocateHeaps
 .text.__libctru_init
                0x000000000012ce88       0x38 /opt/devkitpro/libctru/lib/libctru.a(ctru_init.o)
                0x000000000012ce88                __libctru_init
 .text.__system_initArgv
                0x000000000012cec0       0xf0 /opt/devkitpro/libctru/lib/libctru.a(initArgv.o)
                0x000000000012cec0                __system_initArgv
 .text.svcControlMemory
                0x000000000012cfb0       0x20 /opt/devkitpro/libctru/lib/libctru.a(svc.o)
                0x000000000012cfb0                svcControlMemory
 .text.svcQueryMemory
                0x000000000012cfd0       0x30 /opt/devkitpro/libctru/lib/libctru.a(svc.o)
                0x000000000012cfd0                svcQueryMemory
 .text.svcExitProcess
                0x000000000012d000        0x8 /opt/devkitpro/libctru/lib/libctru.a(svc.o)
                0x000000000012d000                svcExitProcess
 .text.svcCreateThread
                0x000000000012d008       0x20 /opt/devkitpro/libctru/lib/libctru.a(svc.o)
                0x000000000012d008                svcCreateThread
 .text.svcExitThread
                0x000000000012d028        0x8 /opt/devkitpro/libctru/lib/libctru.a(svc.o)
                0x000000000012d028                svcExitThread
 .text.svcSleepThread
                0x000000000012d030        0x8 /opt/devkitpro/libctru/lib/libctru.a(svc.o)
                0x000000000012d030                svcSleepThread
 .text.svcReleaseMutex
                0x000000000012d038        0x8 /opt/devkitpro/libctru/lib/libctru.a(svc.o)
                0x000000000012d038                svcReleaseMutex
 .text.svcCreateEvent
                0x000000000012d040       0x14 /opt/devkitpro/libctru/lib/libctru.a(svc.o)
                0x000000000012d040                svcCreateEvent
 .text.svcSignalEvent
                0x000000000012d054        0x8 /opt/devkitpro/libctru/lib/libctru.a(svc.o)
                0x000000000012d054                svcSignalEvent
 .text.svcClearEvent
                0x000000000012d05c        0x8 /opt/devkitpro/libctru/lib/libctru.a(svc.o)
                0x000000000012d05c                svcClearEvent
 .text.svcMapMemoryBlock
                0x000000000012d064        0x8 /opt/devkitpro/libctru/lib/libctru.a(svc.o)
                0x000000000012d064                svcMapMemoryBlock
 .text.svcUnmapMemoryBlock
                0x000000000012d06c        0x8 /opt/devkitpro/libctru/lib/libctru.a(svc.o)
                0x000000000012d06c                svcUnmapMemoryBlock
 .text.svcCreateAddressArbiter
                0x000000000012d074       0x14 /opt/devkitpro/libctru/lib/libctru.a(svc.o)
                0x000000000012d074                svcCreateAddressArbiter
 .text.svcArbitrateAddressNoTimeout
                0x000000000012d088        0x8 /opt/devkitpro/libctru/lib/libctru.a(svc.o)
                0x000000000012d088                svcArbitrateAddressNoTimeout
 .text.svcCloseHandle
                0x000000000012d090        0x8 /opt/devkitpro/libctru/lib/libctru.a(svc.o)
                0x000000000012d090                svcCloseHandle
 .text.svcWaitSynchronization
                0x000000000012d098        0x8 /opt/devkitpro/libctru/lib/libctru.a(svc.o)
                0x000000000012d098                svcWaitSynchronization
 .text.svcWaitSynchronizationN
                0x000000000012d0a0       0x28 /opt/devkitpro/libctru/lib/libctru.a(svc.o)
                0x000000000012d0a0                svcWaitSynchronizationN
 .text.svcDuplicateHandle
                0x000000000012d0c8       0x14 /opt/devkitpro/libctru/lib/libctru.a(svc.o)
                0x000000000012d0c8                svcDuplicateHandle
 .text.svcGetSystemTick
                0x000000000012d0dc        0x8 /opt/devkitpro/libctru/lib/libctru.a(svc.o)
                0x000000000012d0dc                svcGetSystemTick
 .text.svcConnectToPort
                0x000000000012d0e4       0x14 /opt/devkitpro/libctru/lib/libctru.a(svc.o)
                0x000000000012d0e4                svcConnectToPort
 .text.svcSendSyncRequest
                0x000000000012d0f8        0x8 /opt/devkitpro/libctru/lib/libctru.a(svc.o)
                0x000000000012d0f8                svcSendSyncRequest
 .text.svcGetResourceLimit
                0x000000000012d100       0x14 /opt/devkitpro/libctru/lib/libctru.a(svc.o)
                0x000000000012d100                svcGetResourceLimit
 .text.svcGetResourceLimitLimitValues
                0x000000000012d114        0x8 /opt/devkitpro/libctru/lib/libctru.a(svc.o)
                0x000000000012d114                svcGetResourceLimitLimitValues
 .text.svcGetResourceLimitCurrentValues
                0x000000000012d11c        0x8 /opt/devkitpro/libctru/lib/libctru.a(svc.o)
                0x000000000012d11c                svcGetResourceLimitCurrentValues
 .text.svcBreak
                0x000000000012d124        0x8 /opt/devkitpro/libctru/lib/libctru.a(svc.o)
                0x000000000012d124                svcBreak
 .text.initSystem
                0x000000000012d12c       0x50 /opt/devkitpro/libctru/lib/libctru.a(stack_adjust.o)
                0x000000000012d12c                initSystem
 .text.__ctru_exit
                0x000000000012d17c       0x18 /opt/devkitpro/libctru/lib/libctru.a(stack_adjust.o)
                0x000000000012d17c                __ctru_exit
 .text.__aeabi_read_tp
                0x000000000012d194        0xc /opt/devkitpro/libctru/lib/libctru.a(readtp.o)
                0x000000000012d194                __aeabi_read_tp
 .text.__sync_init
                0x000000000012d1a0        0xc /opt/devkitpro/libctru/lib/libctru.a(synchronization.o)
                0x000000000012d1a0                __sync_init
 .text.__sync_fini
                0x000000000012d1ac       0x18 /opt/devkitpro/libctru/lib/libctru.a(synchronization.o)
                0x000000000012d1ac                __sync_fini