Archive member included to satisfy reference by file (symbol)

/opt/devkitpro/portlibs/3ds/lib/libraylib.a(core.o)
                              main.o (InitWindow)
/opt/devkitpro/portlibs/3ds/lib/libraylib.a(shapes.o)
                              main.o (DrawRectangleRec)
/opt/devkitpro/portlibs/3ds/lib/libraylib.a(textures.o)
                              /opt/devkitpro/portlibs/3ds/lib/libraylib.a(core.o) (stbi_zlib_decode_malloc)
/opt/devkitpro/portlibs/3ds/lib/libraylib.a(text.o)
                              /opt/devkitpro/portlibs/3ds/lib/libraylib.a(core.o) (LoadFontDefault)
/opt/devkitpro/portlibs/3ds/lib/libraylib.a(utils.o)
                              /opt/devkitpro/portlibs/3ds/lib/libraylib.a(core.o) (TraceLog)
/opt/devkitpro/picaGL/lib/libpicaGL.a(state.o)
                              /opt/devkitpro/portlibs/3ds/lib/libraylib.a(core.o) (glDisable)
/opt/devkitpro/picaGL/lib/libpicaGL.a(texture.o)
                              /opt/devkitpro/picaGL/lib/libpicaGL.a(state.o) (glActiveTexture)
/opt/devkitpro/picaGL/lib/libpicaGL.a(stubs.o)
                              /opt/devkitpro/portlibs/3ds/lib/libraylib.a(core.o) (glShadeModel)
/opt/devkitpro/picaGL/lib/libpicaGL.a(queue.o)
                              /opt/devkitpro/picaGL/lib/libpicaGL.a(texture.o) (_queueWaitAndClear)
/opt/devkitpro/picaGL/lib/libpicaGL.a(pica.o)
                              /opt/devkitpro/picaGL/lib/libpicaGL.a(state.o) (_picaRenderBuffer)
/opt/devkitpro/picaGL/lib/libpicaGL.a(arrays.o)
                              /opt/devkitpro/portlibs/3ds/lib/libraylib.a(core.o) (glVertexPointer)
/opt/devkitpro/picaGL/lib/libpicaGL.a(depth.o)
                              /opt/devkitpro/portlibs/3ds/lib/libraylib.a(core.o) (glClearDepth)
/opt/devkitpro/picaGL/lib/libpicaGL.a(blend.o)
                              /opt/devkitpro/picaGL/lib/libpicaGL.a(state.o) (glAlphaFunc)
/opt/devkitpro/picaGL/lib/libpicaGL.a(immediate.o)
                              /opt/devkitpro/portlibs/3ds/lib/libraylib.a(core.o) (glBegin)
/opt/devkitpro/picaGL/lib/libpicaGL.a(picaGL.o)
                              /opt/devkitpro/portlibs/3ds/lib/libraylib.a(core.o) (pglInit)
/opt/devkitpro/picaGL/lib/libpicaGL.a(matrix.o)
                              /opt/devkitpro/portlibs/3ds/lib/libraylib.a(core.o) (glLoadIdentity)
/opt/devkitpro/picaGL/lib/libpicaGL.a(get.o)
                              /opt/devkitpro/portlibs/3ds/lib/libraylib.a(core.o) (glGetString)
/opt/devkitpro/picaGL/lib/libpicaGL.a(misc.o)
                              /opt/devkitpro/portlibs/3ds/lib/libraylib.a(core.o) (glClear)
/opt/devkitpro/picaGL/lib/libpicaGL.a(math_utils.o)
                              /opt/devkitpro/picaGL/lib/libpicaGL.a(state.o) (matrix4x4_multiply)
/opt/devkitpro/picaGL/lib/libpicaGL.a(hashtable.o)
                              /opt/devkitpro/picaGL/lib/libpicaGL.a(texture.o) (hashTableGet)
/opt/devkitpro/picaGL/lib/libpicaGL.a(clear.shbin.o)
                              /opt/devkitpro/picaGL/lib/libpicaGL.a(state.o) (clear_shbin)
/opt/devkitpro/picaGL/lib/libpicaGL.a(vshader.shbin.o)
                              /opt/devkitpro/picaGL/lib/libpicaGL.a(state.o) (vshader_shbin)
/opt/devkitpro/libctru/lib/libctru.a(vram.o)
                              /opt/devkitpro/picaGL/lib/libpicaGL.a(state.o) (vramAlloc)
/opt/devkitpro/libctru/lib/libctru.a(linear.o)
                              /opt/devkitpro/picaGL/lib/libpicaGL.a(state.o) (linearAlloc)
/opt/devkitpro/libctru/lib/libctru.a(mem_pool.o)
                              /opt/devkitpro/libctru/lib/libctru.a(vram.o) (MemPool::Allocate(MemChunk&, unsigned long, int))
/opt/devkitpro/libctru/lib/libctru.a(romfs_dev.o)
                              main.o (romfsMountSelf)
/opt/devkitpro/libctru/lib/libctru.a(os.o)
                              /opt/devkitpro/picaGL/lib/libpicaGL.a(pica.o) (osConvertVirtToPhys)
/opt/devkitpro/libctru/lib/libctru.a(path_buf.o)
                              /opt/devkitpro/libctru/lib/libctru.a(romfs_dev.o) (__ctru_dev_utf16_buf)
/opt/devkitpro/libctru/lib/libctru.a(gfx.o)
                              /opt/devkitpro/picaGL/lib/libpicaGL.a(picaGL.o) (gfxGetScreenFormat)
/opt/devkitpro/libctru/lib/libctru.a(shaderProgram.o)
                              /opt/devkitpro/picaGL/lib/libpicaGL.a(state.o) (shaderProgramInit)
/opt/devkitpro/libctru/lib/libctru.a(shbin.o)
                              /opt/devkitpro/picaGL/lib/libpicaGL.a(state.o) (DVLB_ParseFile)
/opt/devkitpro/libctru/lib/libctru.a(gx.o)
                              /opt/devkitpro/picaGL/lib/libpicaGL.a(state.o) (GX_BindQueue)
/opt/devkitpro/libctru/lib/libctru.a(gxqueue.o)
                              /opt/devkitpro/picaGL/lib/libpicaGL.a(queue.o) (gxCmdQueueClear)
/opt/devkitpro/libctru/lib/libctru.a(gpu.o)
                              /opt/devkitpro/picaGL/lib/libpicaGL.a(pica.o) (GPUCMD_Add)
/opt/devkitpro/libctru/lib/libctru.a(irrst.o)
[...]
Memory Configuration

Name             Origin             Length             Attributes
*default*        0x0000000000000000 0xffffffffffffffff

Linker script and memory map

                0x0000000000100000                PROVIDE (__start__ = 0x100000)
                0x0000000000100000                . = __start__

.text           0x0000000000100000    0x42810
 *(.crt0)
 .crt0          0x0000000000100000       0x94 /opt/devkitpro/devkitARM/lib/gcc/arm-none-eabi/10.1.0/../../../../arm-none-eabi/lib/armv6k/fpu/3dsx_crt0.o
                0x0000000000100000                _start
                0x0000000000100008                __service_ptr
                0x000000000010000c                __apt_appid
                0x0000000000100010                __heap_size
                0x0000000000100014                __linear_heap_size
                0x0000000000100018                __system_arglist
                0x000000000010001c                __system_runflags
 *(.init)
 .init          0x0000000000100094        0xc /opt/devkitpro/devkitARM/lib/gcc/arm-none-eabi/10.1.0/armv6k/fpu/crti.o
                0x0000000000100094                _init
 .init          0x00000000001000a0        0xc /opt/devkitpro/devkitARM/lib/gcc/arm-none-eabi/10.1.0/armv6k/fpu/crtn.o
                0x00000000001000ac                . = ALIGN (0x4)
 *(.text)
 .text          0x00000000001000ac      0x20c /opt/devkitpro/devkitARM/lib/gcc/arm-none-eabi/10.1.0/armv6k/fpu/libgcc.a(_udivsi3.o)
                0x00000000001000ac                __udivsi3
                0x00000000001000ac                __aeabi_uidiv
                0x0000000000100298                __aeabi_uidivmod
 .text          0x00000000001002b8      0x240 /opt/devkitpro/devkitARM/lib/gcc/arm-none-eabi/10.1.0/armv6k/fpu/libgcc.a(_divsi3.o)
                0x00000000001002b8                __aeabi_idiv
                0x00000000001002b8                __divsi3
                0x00000000001004d8                __aeabi_idivmod
 .text          0x00000000001004f8        0x4 /opt/devkitpro/devkitARM/lib/gcc/arm-none-eabi/10.1.0/armv6k/fpu/libgcc.a(_dvmd_tls.o)
                0x00000000001004f8                __aeabi_ldiv0
                0x00000000001004f8                __aeabi_idiv0
 .text          0x00000000001004fc      0x3c0 /opt/devkitpro/devkitARM/lib/gcc/arm-none-eabi/10.1.0/armv6k/fpu/libgcc.a(_arm_addsubdf3.o)
                0x00000000001004fc                __aeabi_drsub
                0x0000000000100504                __aeabi_dsub
                0x0000000000100504                __subdf3
                0x0000000000100508                __adddf3
                0x0000000000100508                __aeabi_dadd
                0x00000000001007b4                __aeabi_ui2d
                0x00000000001007b4                __floatunsidf
                0x00000000001007d8                __floatsidf
                0x00000000001007d8                __aeabi_i2d
                0x0000000000100800                __extendsfdf2
                0x0000000000100800                __aeabi_f2d
                0x0000000000100848                __aeabi_ul2d
                0x0000000000100848                __floatundidf
                0x000000000010085c                __floatdidf
                0x000000000010085c                __aeabi_l2d
 .text          0x00000000001008bc       0xd4 /opt/devkitpro/devkitARM/lib/gcc/arm-none-eabi/10.1.0/armv6k/fpu/libgcc.a(_aeabi_ldivmod.o)
                0x00000000001008bc                __aeabi_ldivmod
 .text          0x0000000000100990       0x3c /opt/devkitpro/devkitARM/lib/gcc/arm-none-eabi/10.1.0/armv6k/fpu/libgcc.a(_aeabi_uldivmod.o)
                0x0000000000100990                __aeabi_uldivmod
 *fill*         0x00000000001009cc       0x14 
 .text          0x00000000001009e0      0x390 /opt/devkitpro/devkitARM/lib/gcc/arm-none-eabi/10.1.0/../../../../arm-none-eabi/lib/armv6k/fpu/libg.a(lib_a-strcmp.o)
                0x00000000001009e8                strcmp
 *(.text.*)
 .text.deregister_tm_clones
                0x0000000000100d70       0x2c /opt/devkitpro/devkitARM/lib/gcc/arm-none-eabi/10.1.0/armv6k/fpu/crtbegin.o
 .text.register_tm_clones
                0x0000000000100d9c       0x38 /opt/devkitpro/devkitARM/lib/gcc/arm-none-eabi/10.1.0/armv6k/fpu/crtbegin.o
 .text.__do_global_dtors_aux
                0x0000000000100dd4       0x44 /opt/devkitpro/devkitARM/lib/gcc/arm-none-eabi/10.1.0/armv6k/fpu/crtbegin.o
 .text.frame_dummy
                0x0000000000100e18       0x34 /opt/devkitpro/devkitARM/lib/gcc/arm-none-eabi/10.1.0/armv6k/fpu/crtbegin.o
 .text.LoadMapFromImage
                0x0000000000100e4c       0x98 main.o
                0x0000000000100e4c                LoadMapFromImage
 .text.MoveBox  0x0000000000100ee4      0x334 main.o
                0x0000000000100ee4                MoveBox
 .text.MovePlayer
                0x0000000000101218      0x7a0 main.o
                0x0000000000101218                MovePlayer
 .text.startup.main
                0x00000000001019b8     0x1694 main.o
                0x00000000001019b8                main
 .text.Vector2Distance
                0x000000000010304c       0x84 /opt/devkitpro/portlibs/3ds/lib/libraylib.a(core.o)
                0x000000000010304c                Vector2Distance
 .text.Vector2Angle
                0x00000000001030d0       0x98 /opt/devkitpro/portlibs/3ds/lib/libraylib.a(core.o)
                0x00000000001030d0                Vector2Angle
 .text.MatrixIdentity
                0x0000000000103168       0x74 /opt/devkitpro/portlibs/3ds/lib/libraylib.a(core.o)
                0x0000000000103168                MatrixIdentity
 .text.MatrixTranslate
                0x00000000001031dc       0xd0 /opt/devkitpro/portlibs/3ds/lib/libraylib.a(core.o)
                0x00000000001031dc                MatrixTranslate
 .text.MatrixRotate
                0x00000000001032ac      0x2c4 /opt/devkitpro/portlibs/3ds/lib/libraylib.a(core.o)
                0x00000000001032ac                MatrixRotate
 .text.MatrixScale
                0x0000000000103570       0xd0 /opt/devkitpro/portlibs/3ds/lib/libraylib.a(core.o)
                0x0000000000103570                MatrixScale
 .text.MatrixMultiply
                0x0000000000103640      0x46c /opt/devkitpro/portlibs/3ds/lib/libraylib.a(core.o)
                0x0000000000103640                MatrixMultiply
 .text.MatrixToFloatV
                0x0000000000103aac       0xec /opt/devkitpro/portlibs/3ds/lib/libraylib.a(core.o)
                0x0000000000103aac                MatrixToFloatV
 .text.rlMatrixMode
                0x0000000000103b98       0x84 /opt/devkitpro/portlibs/3ds/lib/libraylib.a(core.o)
                0x0000000000103b98                rlMatrixMode
 .text.rlOrtho  0x0000000000103c1c       0x48 /opt/devkitpro/portlibs/3ds/lib/libraylib.a(core.o)
                0x0000000000103c1c                rlOrtho
 .text.rlPushMatrix
                0x0000000000103c64       0x10 /opt/devkitpro/portlibs/3ds/lib/libraylib.a(core.o)
                0x0000000000103c64                rlPushMatrix
 .text.rlPopMatrix
                0x0000000000103c74       0x10 /opt/devkitpro/portlibs/3ds/lib/libraylib.a(core.o)
                0x0000000000103c74                rlPopMatrix
 .text.rlLoadIdentity
                0x0000000000103c84       0x10 /opt/devkitpro/portlibs/3ds/lib/libraylib.a(core.o)
                0x0000000000103c84                rlLoadIdentity
 .text.rlTranslatef
                0x0000000000103c94       0x30 /opt/devkitpro/portlibs/3ds/lib/libraylib.a(core.o)
                0x0000000000103c94                rlTranslatef
 .text.rlRotatef
                0x0000000000103cc4       0x38 /opt/devkitpro/portlibs/3ds/lib/libraylib.a(core.o)
                0x0000000000103cc4                rlRotatef
 .text.rlMultMatrixf
                0x0000000000103cfc       0x20 /opt/devkitpro/portlibs/3ds/lib/libraylib.a(core.o)
                0x0000000000103cfc                rlMultMatrixf
 .text.rlViewport
                0x0000000000103d1c       0x38 /opt/devkitpro/portlibs/3ds/lib/libraylib.a(core.o)
                0x0000000000103d1c                rlViewport
 .text.rlBegin  0x0000000000103d54       0x74 /opt/devkitpro/portlibs/3ds/lib/libraylib.a(core.o)
                0x0000000000103d54                rlBegin
 .text.rlEnd    0x0000000000103dc8       0x10 /opt/devkitpro/portlibs/3ds/lib/libraylib.a(core.o)
                0x0000000000103dc8                rlEnd
 .text.rlVertex2f
                0x0000000000103dd8       0x28 /opt/devkitpro/portlibs/3ds/lib/libraylib.a(core.o)
                0x0000000000103dd8                rlVertex2f
 .text.rlTexCoord2f
                0x0000000000103e00       0x28 /opt/devkitpro/portlibs/3ds/lib/libraylib.a(core.o)
                0x0000000000103e00                rlTexCoord2f
 .text.rlNormal3f
                0x0000000000103e28       0x30 /opt/devkitpro/portlibs/3ds/lib/libraylib.a(core.o)
                0x0000000000103e28                rlNormal3f
 .text.rlColor4ub
                0x0000000000103e58       0x58 /opt/devkitpro/portlibs/3ds/lib/libraylib.a(core.o)
                0x0000000000103e58                rlColor4ub
 .text.rlEnableTexture
                0x0000000000103eb0       0x30 /opt/devkitpro/portlibs/3ds/lib/libraylib.a(core.o)
                0x0000000000103eb0                rlEnableTexture
 .text.rlDisableTexture
                0x0000000000103ee0       0x24 /opt/devkitpro/portlibs/3ds/lib/libraylib.a(core.o)
                0x0000000000103ee0                rlDisableTexture
 .text.rlDeleteTextures
                0x0000000000103f04       0x34 /opt/devkitpro/portlibs/3ds/lib/libraylib.a(core.o)
                0x0000000000103f04                rlDeleteTextures
 .text.rlClearColor
                0x0000000000103f38       0xbc /opt/devkitpro/portlibs/3ds/lib/libraylib.a(core.o)
                0x0000000000103f38                rlClearColor
 .text.rlClearScreenBuffers
                0x0000000000103ff4       0x14 /opt/devkitpro/portlibs/3ds/lib/libraylib.a(core.o)
                0x0000000000103ff4                rlClearScreenBuffers
 .text.rlglInit
                0x0000000000104008      0x1dc /opt/devkitpro/portlibs/3ds/lib/libraylib.a(core.o)
                0x0000000000104008                rlglInit
 .text.rlglClose
                0x00000000001041e4        0x8 /opt/devkitpro/portlibs/3ds/lib/libraylib.a(core.o)
                0x00000000001041e4                rlglClose
 .text.rlglDraw
                0x00000000001041ec        0x8 /opt/devkitpro/portlibs/3ds/lib/libraylib.a(core.o)
                0x00000000001041ec                rlglDraw
 .text.rlCheckBufferLimit
                0x00000000001041f4       0x20 /opt/devkitpro/portlibs/3ds/lib/libraylib.a(core.o)
                0x00000000001041f4                rlCheckBufferLimit
 .text.rlLoadTexture
                0x0000000000104214      0x268 /opt/devkitpro/portlibs/3ds/lib/libraylib.a(core.o)
                0x0000000000104214                rlLoadTexture
 .text.rlGetGlTextureFormats
                0x000000000010447c      0x1c8 /opt/devkitpro/portlibs/3ds/lib/libraylib.a(core.o)
                0x000000000010447c                rlGetGlTextureFormats
 .text.GetTextureDefault
                0x0000000000104644       0x50 /opt/devkitpro/portlibs/3ds/lib/libraylib.a(core.o)
                0x0000000000104644                GetTextureDefault
 .text.GetShapesTexture
                0x0000000000104694       0x40 /opt/devkitpro/portlibs/3ds/lib/libraylib.a(core.o)
                0x0000000000104694                GetShapesTexture
 .text.GetShapesTextureRec
                0x00000000001046d4       0x54 /opt/devkitpro/portlibs/3ds/lib/libraylib.a(core.o)
                0x00000000001046d4                GetShapesTextureRec
 .text.SetShapesTexture
                0x0000000000104728       0x80 /opt/devkitpro/portlibs/3ds/lib/libraylib.a(core.o)
                0x0000000000104728                SetShapesTexture
 .text.ProcessGestureEvent
                0x00000000001047a8      0x88c /opt/devkitpro/portlibs/3ds/lib/libraylib.a(core.o)
                0x00000000001047a8                ProcessGestureEvent
 *fill*         0x0000000000105034        0x4 
 .text.UpdateGestures
                0x0000000000105038      0x11c /opt/devkitpro/portlibs/3ds/lib/libraylib.a(core.o)
                0x0000000000105038                UpdateGestures
 *fill*         0x0000000000105154        0x4 
 .text.GetCurrentTime
                0x0000000000105158       0x38 /opt/devkitpro/portlibs/3ds/lib/libraylib.a(core.o)
 .text.u64_to_double
                0x0000000000105190       0x50 /opt/devkitpro/portlibs/3ds/lib/libraylib.a(core.o)
 .text.InitWindow
                0x00000000001051e0      0x1b8 /opt/devkitpro/portlibs/3ds/lib/libraylib.a(core.o)
                0x00000000001051e0                InitWindow
 .text.CloseWindow
                0x0000000000105398       0x2c /opt/devkitpro/portlibs/3ds/lib/libraylib.a(core.o)
                0x0000000000105398                CloseWindow
 .text.WindowShouldClose
                0x00000000001053c4       0x50 /opt/devkitpro/portlibs/3ds/lib/libraylib.a(core.o)
                0x00000000001053c4                WindowShouldClose
 .text.SetWindowMonitor
                0x0000000000105414       0x38 /opt/devkitpro/portlibs/3ds/lib/libraylib.a(core.o)
                0x0000000000105414                SetWindowMonitor
 .text.GetScreenWidth
                0x000000000010544c       0x14 /opt/devkitpro/portlibs/3ds/lib/libraylib.a(core.o)
                0x000000000010544c                GetScreenWidth
 .text.GetScreenHeight
                0x0000000000105460       0x14 /opt/devkitpro/portlibs/3ds/lib/libraylib.a(core.o)
                0x0000000000105460                GetScreenHeight
 .text.ClearBackground
                0x0000000000105474       0x30 /opt/devkitpro/portlibs/3ds/lib/libraylib.a(core.o)
                0x0000000000105474                ClearBackground
 .text.BeginDrawing
                0x00000000001054a4       0xbc /opt/devkitpro/portlibs/3ds/lib/libraylib.a(core.o)
                0x00000000001054a4                BeginDrawing
 .text.EndDrawing
                0x0000000000105560      0x168 /opt/devkitpro/portlibs/3ds/lib/libraylib.a(core.o)
                0x0000000000105560                EndDrawing
 .text.BeginMode2D
                0x00000000001056c8       0xec /opt/devkitpro/portlibs/3ds/lib/libraylib.a(core.o)
                0x00000000001056c8                BeginMode2D
 .text.EndMode2D
                0x00000000001057b4       0x6c /opt/devkitpro/portlibs/3ds/lib/libraylib.a(core.o)
                0x00000000001057b4                EndMode2D
 .text.GetCameraMatrix2D
                0x0000000000105820      0x258 /opt/devkitpro/portlibs/3ds/lib/libraylib.a(core.o)
                0x0000000000105820                GetCameraMatrix2D
 .text.SetTargetFPS
                0x0000000000105a78       0xa4 /opt/devkitpro/portlibs/3ds/lib/libraylib.a(core.o)
                0x0000000000105a78                SetTargetFPS
 *fill*         0x0000000000105b1c        0x4 
 .text.GetFPS   0x0000000000105b20      0x174 /opt/devkitpro/portlibs/3ds/lib/libraylib.a(core.o)
                0x0000000000105b20                GetFPS
 .text.GetFrameTime
                0x0000000000105c94       0x1c /opt/devkitpro/portlibs/3ds/lib/libraylib.a(core.o)
                0x0000000000105c94                GetFrameTime
 .text.GetTime  0x0000000000105cb0       0x5c /opt/devkitpro/portlibs/3ds/lib/libraylib.a(core.o)
                0x0000000000105cb0                GetTime
 .text.IsFileExtension
                0x0000000000105d0c      0x10c /opt/devkitpro/portlibs/3ds/lib/libraylib.a(core.o)
                0x0000000000105d0c                IsFileExtension
 .text.GetExtension
                0x0000000000105e18       0x54 /opt/devkitpro/portlibs/3ds/lib/libraylib.a(core.o)
                0x0000000000105e18                GetExtension
 .text.GetGamepadAxisMovement
                0x0000000000105e6c       0xe8 /opt/devkitpro/portlibs/3ds/lib/libraylib.a(core.o)
                0x0000000000105e6c                GetGamepadAxisMovement
 .text.IsGamepadButtonDown
                0x0000000000105f54       0x94 /opt/devkitpro/portlibs/3ds/lib/libraylib.a(core.o)
                0x0000000000105f54                IsGamepadButtonDown
 .text.GetTouchPosition
                0x0000000000105fe8       0x98 /opt/devkitpro/portlibs/3ds/lib/libraylib.a(core.o)
                0x0000000000105fe8                GetTouchPosition
 .text.InitGraphicsDevice
                0x0000000000106080      0x17c /opt/devkitpro/portlibs/3ds/lib/libraylib.a(core.o)
 *fill*         0x00000000001061fc        0x4 
 .text.SetupViewport
                0x0000000000106200      0x108 /opt/devkitpro/portlibs/3ds/lib/libraylib.a(core.o)
 .text.SetupFramebuffer
                0x0000000000106308      0x494 /opt/devkitpro/portlibs/3ds/lib/libraylib.a(core.o)
 .text.InitTimer
                0x000000000010679c       0x58 /opt/devkitpro/portlibs/3ds/lib/libraylib.a(core.o)
 .text.Wait     0x00000000001067f4       0x84 /opt/devkitpro/portlibs/3ds/lib/libraylib.a(core.o)
 .text.GetGamepadButton
                0x0000000000106878       0xf0 /opt/devkitpro/portlibs/3ds/lib/libraylib.a(core.o)
 .text.PollInputEvents
                0x0000000000106968      0x370 /opt/devkitpro/portlibs/3ds/lib/libraylib.a(core.o)
 .text.SwapBuffers
                0x0000000000106cd8       0x10 /opt/devkitpro/portlibs/3ds/lib/libraylib.a(core.o)
 .text.DrawRectangleRec
                0x0000000000106ce8       0x88 /opt/devkitpro/portlibs/3ds/lib/libraylib.a(shapes.o)
                0x0000000000106ce8                DrawRectangleRec
 .text.DrawRectanglePro
                0x0000000000106d70      0x454 /opt/devkitpro/portlibs/3ds/lib/libraylib.a(shapes.o)
                0x0000000000106d70                DrawRectanglePro
 .text.CheckCollisionPointRec
                0x00000000001071c4       0xb4 /opt/devkitpro/portlibs/3ds/lib/libraylib.a(shapes.o)
                0x00000000001071c4                CheckCollisionPointRec
 .text.CheckCollisionRecs
                0x0000000000107278       0xd4 /opt/devkitpro/portlibs/3ds/lib/libraylib.a(shapes.o)
                0x0000000000107278                CheckCollisionRecs
 .text.stbi__start_mem
                0x000000000010734c       0x74 /opt/devkitpro/portlibs/3ds/lib/libraylib.a(textures.o)
 .text.stbi__stdio_read
                0x00000000001073c0       0x38 /opt/devkitpro/portlibs/3ds/lib/libraylib.a(textures.o)
 .text.stbi__stdio_skip
                0x00000000001073f8       0x2c /opt/devkitpro/portlibs/3ds/lib/libraylib.a(textures.o)
 .text.stbi__stdio_eof
                0x0000000000107424       0x34 /opt/devkitpro/portlibs/3ds/lib/libraylib.a(textures.o)
 .text.stbi__rewind
                0x0000000000107458       0x34 /opt/devkitpro/portlibs/3ds/lib/libraylib.a(textures.o)
 .text.stbi__err
                0x000000000010748c       0x34 /opt/devkitpro/portlibs/3ds/lib/libraylib.a(textures.o)
 .text.stbi__malloc
                0x00000000001074c0       0x24 /opt/devkitpro/portlibs/3ds/lib/libraylib.a(textures.o)
 .text.stbi__addsizes_valid
                0x00000000001074e4       0x4c /opt/devkitpro/portlibs/3ds/lib/libraylib.a(textures.o)
 .text.stbi__mul2sizes_valid
                0x0000000000107530       0x78 /opt/devkitpro/portlibs/3ds/lib/libraylib.a(textures.o)
 .text.stbi__mad2sizes_valid
                0x00000000001075a8       0x68 /opt/devkitpro/portlibs/3ds/lib/libraylib.a(textures.o)
 .text.stbi__mad3sizes_valid
                0x0000000000107610       0x98 /opt/devkitpro/portlibs/3ds/lib/libraylib.a(textures.o)
 .text.stbi__mad4sizes_valid
                0x00000000001076a8       0xcc /opt/devkitpro/portlibs/3ds/lib/libraylib.a(textures.o)
 .text.stbi__malloc_mad2
                0x0000000000107774       0x64 /opt/devkitpro/portlibs/3ds/lib/libraylib.a(textures.o)
 .text.stbi__malloc_mad3
                0x00000000001077d8       0x74 /opt/devkitpro/portlibs/3ds/lib/libraylib.a(textures.o)
 .text.stbi__malloc_mad4
                0x000000000010784c       0x84 /opt/devkitpro/portlibs/3ds/lib/libraylib.a(textures.o)
 .text.stbi__load_main
                0x00000000001078d0      0x1e0 /opt/devkitpro/portlibs/3ds/lib/libraylib.a(textures.o)
 .text.stbi__convert_16_to_8
                0x0000000000107ab0       0xd0 /opt/devkitpro/portlibs/3ds/lib/libraylib.a(textures.o)
 .text.stbi__vertical_flip
                0x0000000000107b80      0x150 /opt/devkitpro/portlibs/3ds/lib/libraylib.a(textures.o)
 .text.stbi__load_and_postprocess_8bit
                0x0000000000107cd0      0x18c /opt/devkitpro/portlibs/3ds/lib/libraylib.a(textures.o)
 .text.stbi__float_postprocess
                0x0000000000107e5c       0xd8 /opt/devkitpro/portlibs/3ds/lib/libraylib.a(textures.o)
 .text.stbi_load_from_memory
                0x0000000000107f34       0x58 /opt/devkitpro/portlibs/3ds/lib/libraylib.a(textures.o)
                0x0000000000107f34                stbi_load_from_memory
 .text.stbi__loadf_main
                0x0000000000107f8c      0x108 /opt/devkitpro/portlibs/3ds/lib/libraylib.a(textures.o)
 .text.stbi_loadf_from_memory
                0x0000000000108094       0x58 /opt/devkitpro/portlibs/3ds/lib/libraylib.a(textures.o)
                0x0000000000108094                stbi_loadf_from_memory
 .text.stbi__refill_buffer
                0x00000000001080ec       0xb8 /opt/devkitpro/portlibs/3ds/lib/libraylib.a(textures.o)
 .text.stbi__get8
                0x00000000001081a4       0x84 /opt/devkitpro/portlibs/3ds/lib/libraylib.a(textures.o)
 .text.stbi__at_eof
                0x0000000000108228       0x8c /opt/devkitpro/portlibs/3ds/lib/libraylib.a(textures.o)
 .text.stbi__skip
                0x00000000001082b4       0xc0 /opt/devkitpro/portlibs/3ds/lib/libraylib.a(textures.o)
 .text.stbi__getn
                0x0000000000108374      0x13c /opt/devkitpro/portlibs/3ds/lib/libraylib.a(textures.o)
 .text.stbi__get16be
                0x00000000001084b0       0x40 /opt/devkitpro/portlibs/3ds/lib/libraylib.a(textures.o)
 .text.stbi__get32be
                0x00000000001084f0       0x40 /opt/devkitpro/portlibs/3ds/lib/libraylib.a(textures.o)
 .text.stbi__get16le
                0x0000000000108530       0x40 /opt/devkitpro/portlibs/3ds/lib/libraylib.a(textures.o)
 .text.stbi__get32le
                0x0000000000108570       0x44 /opt/devkitpro/portlibs/3ds/lib/libraylib.a(textures.o)
 .text.stbi__compute_y
                0x00000000001085b4       0x88 /opt/devkitpro/portlibs/3ds/lib/libraylib.a(textures.o)
 .text.stbi__convert_format
                0x000000000010863c      0x7b8 /opt/devkitpro/portlibs/3ds/lib/libraylib.a(textures.o)
 .text.stbi__compute_y_16
                0x0000000000108df4       0x88 /opt/devkitpro/portlibs/3ds/lib/libraylib.a(textures.o)
 .text.stbi__convert_format16
                0x0000000000108e7c      0x7cc /opt/devkitpro/portlibs/3ds/lib/libraylib.a(textures.o)
 .text.stbi__ldr_to_hdr
                0x0000000000109648      0x23c /opt/devkitpro/portlibs/3ds/lib/libraylib.a(textures.o)
 .text.stbi__hdr_to_ldr
                0x0000000000109884      0x298 /opt/devkitpro/portlibs/3ds/lib/libraylib.a(textures.o)
 .text.stbi__bitreverse16
                0x0000000000109b1c       0xc8 /opt/devkitpro/portlibs/3ds/lib/libraylib.a(textures.o)
 .text.stbi__bit_reverse
                0x0000000000109be4       0x64 /opt/devkitpro/portlibs/3ds/lib/libraylib.a(textures.o)
 .text.stbi__zbuild_huffman
                0x0000000000109c48      0x404 /opt/devkitpro/portlibs/3ds/lib/libraylib.a(textures.o)
 .text.stbi__zget8
                0x000000000010a04c       0x4c /opt/devkitpro/portlibs/3ds/lib/libraylib.a(textures.o)
 .text.stbi__fill_bits
                0x000000000010a098       0xb0 /opt/devkitpro/portlibs/3ds/lib/libraylib.a(textures.o)
 .text.stbi__zreceive
                0x000000000010a148       0x8c /opt/devkitpro/portlibs/3ds/lib/libraylib.a(textures.o)
 .text.stbi__zhuffman_decode_slowpath
                0x000000000010a1d4      0x168 /opt/devkitpro/portlibs/3ds/lib/libraylib.a(textures.o)
 .text.stbi__zhuffman_decode
                0x000000000010a33c       0xc0 /opt/devkitpro/portlibs/3ds/lib/libraylib.a(textures.o)
 .text.stbi__zexpand
                0x000000000010a3fc      0x124 /opt/devkitpro/portlibs/3ds/lib/libraylib.a(textures.o)
 .text.stbi__parse_huffman_block
                0x000000000010a520      0x304 /opt/devkitpro/portlibs/3ds/lib/libraylib.a(textures.o)
 .text.stbi__compute_huffman_codes
                0x000000000010a824      0x368 /opt/devkitpro/portlibs/3ds/lib/libraylib.a(textures.o)
 .text.stbi__parse_uncompressed_block
                0x000000000010ab8c      0x238 /opt/devkitpro/portlibs/3ds/lib/libraylib.a(textures.o)
 .text.stbi__parse_zlib_header
                0x000000000010adc4       0xe4 /opt/devkitpro/portlibs/3ds/lib/libraylib.a(textures.o)
 .text.stbi__parse_zlib
                0x000000000010aea8      0x178 /opt/devkitpro/portlibs/3ds/lib/libraylib.a(textures.o)
 .text.stbi__do_zlib
                0x000000000010b020       0x6c /opt/devkitpro/portlibs/3ds/lib/libraylib.a(textures.o)
 .text.stbi_zlib_decode_malloc_guesssize_headerflag
                0x000000000010b08c       0xf8 /opt/devkitpro/portlibs/3ds/lib/libraylib.a(textures.o)
                0x000000000010b08c                stbi_zlib_decode_malloc_guesssize_headerflag
 .text.stbi__get_chunk_header
                0x000000000010b184       0x50 /opt/devkitpro/portlibs/3ds/lib/libraylib.a(textures.o)
 .text.stbi__check_png_header
                0x000000000010b1d4       0x80 /opt/devkitpro/portlibs/3ds/lib/libraylib.a(textures.o)
 .text.stbi__paeth
                0x000000000010b254       0xc0 /opt/devkitpro/portlibs/3ds/lib/libraylib.a(textures.o)
 .text.stbi__create_png_image_raw
                0x000000000010b314     0x199c /opt/devkitpro/portlibs/3ds/lib/libraylib.a(textures.o)
 .text.stbi__create_png_image
                0x000000000010ccb0      0x450 /opt/devkitpro/portlibs/3ds/lib/libraylib.a(textures.o)
 .text.stbi__compute_transparency
                0x000000000010d100      0x1a0 /opt/devkitpro/portlibs/3ds/lib/libraylib.a(textures.o)
 .text.stbi__compute_transparency16
                0x000000000010d2a0      0x1a4 /opt/devkitpro/portlibs/3ds/lib/libraylib.a(textures.o)
 .text.stbi__expand_png_palette
                0x000000000010d444      0x228 /opt/devkitpro/portlibs/3ds/lib/libraylib.a(textures.o)
 .text.stbi__de_iphone
                0x000000000010d66c      0x2c0 /opt/devkitpro/portlibs/3ds/lib/libraylib.a(textures.o)
 .text.stbi__parse_png_file
                0x000000000010d92c      0xe54 /opt/devkitpro/portlibs/3ds/lib/libraylib.a(textures.o)
 .text.stbi__do_png
                0x000000000010e780      0x238 /opt/devkitpro/portlibs/3ds/lib/libraylib.a(textures.o)
 .text.stbi__png_load
                0x000000000010e9b8       0x54 /opt/devkitpro/portlibs/3ds/lib/libraylib.a(textures.o)
 .text.stbi__png_test
                0x000000000010ea0c       0x30 /opt/devkitpro/portlibs/3ds/lib/libraylib.a(textures.o)
 .text.stbi__bmp_test_raw
                0x000000000010ea3c       0xd0 /opt/devkitpro/portlibs/3ds/lib/libraylib.a(textures.o)
 .text.stbi__bmp_test
                0x000000000010eb0c       0x30 /opt/devkitpro/portlibs/3ds/lib/libraylib.a(textures.o)
 .text.stbi__high_bit
                0x000000000010eb3c       0xdc /opt/devkitpro/portlibs/3ds/lib/libraylib.a(textures.o)
 .text.stbi__bitcount
                0x000000000010ec18       0xb4 /opt/devkitpro/portlibs/3ds/lib/libraylib.a(textures.o)
 .text.stbi__shiftsigned
                0x000000000010eccc       0xfc /opt/devkitpro/portlibs/3ds/lib/libraylib.a(textures.o)
 .text.stbi__bmp_parse_header
                0x000000000010edc8      0x4c8 /opt/devkitpro/portlibs/3ds/lib/libraylib.a(textures.o)
 .text.stbi__bmp_load
                0x000000000010f290      0xf8c /opt/devkitpro/portlibs/3ds/lib/libraylib.a(textures.o)
 .text.stbi__tga_get_comp
                0x000000000011021c      0x108 /opt/devkitpro/portlibs/3ds/lib/libraylib.a(textures.o)
 .text.stbi__tga_test
                0x0000000000110324      0x208 /opt/devkitpro/portlibs/3ds/lib/libraylib.a(textures.o)
 .text.stbi__tga_read_rgb16
                0x000000000011052c      0x128 /opt/devkitpro/portlibs/3ds/lib/libraylib.a(textures.o)
 .text.stbi__tga_load
                0x0000000000110654      0x8b0 /opt/devkitpro/portlibs/3ds/lib/libraylib.a(textures.o)
 .text.stbi__gif_test_raw
                0x0000000000110f04       0xc0 /opt/devkitpro/portlibs/3ds/lib/libraylib.a(textures.o)
 .text.stbi__gif_test
                0x0000000000110fc4       0x30 /opt/devkitpro/portlibs/3ds/lib/libraylib.a(textures.o)
 .text.stbi__gif_parse_colortable
                0x0000000000110ff4       0xe4 /opt/devkitpro/portlibs/3ds/lib/libraylib.a(textures.o)
 .text.stbi__gif_header
                0x00000000001110d8      0x1e8 /opt/devkitpro/portlibs/3ds/lib/libraylib.a(textures.o)
 .text.stbi__out_gif_code
                0x00000000001112c0      0x2ac /opt/devkitpro/portlibs/3ds/lib/libraylib.a(textures.o)
 .text.stbi__process_gif_raster
                0x000000000011156c      0x420 /opt/devkitpro/portlibs/3ds/lib/libraylib.a(textures.o)
 .text.stbi__gif_load_next
                0x000000000011198c      0x8c8 /opt/devkitpro/portlibs/3ds/lib/libraylib.a(textures.o)
 .text.stbi__gif_load
                0x0000000000112254      0x218 /opt/devkitpro/portlibs/3ds/lib/libraylib.a(textures.o)
 .text.stbi__hdr_test_core
                0x000000000011246c       0x88 /opt/devkitpro/portlibs/3ds/lib/libraylib.a(textures.o)
 .text.stbi__hdr_test
                0x00000000001124f4       0x60 /opt/devkitpro/portlibs/3ds/lib/libraylib.a(textures.o)
 .text.stbi__hdr_gettoken
                0x0000000000112554       0xf4 /opt/devkitpro/portlibs/3ds/lib/libraylib.a(textures.o)
 .text.stbi__hdr_convert
                0x0000000000112648      0x1f4 /opt/devkitpro/portlibs/3ds/lib/libraylib.a(textures.o)
 .text.stbi__hdr_load
                0x000000000011283c      0x740 /opt/devkitpro/portlibs/3ds/lib/libraylib.a(textures.o)
 .text.stbir__min
                0x0000000000112f7c       0x2c /opt/devkitpro/portlibs/3ds/lib/libraylib.a(textures.o)
 .text.stbir__saturate
                0x0000000000112fa8       0x54 /opt/devkitpro/portlibs/3ds/lib/libraylib.a(textures.o)
 *fill*         0x0000000000112ffc        0x4 
 .text.stbir__srgb_to_linear
                0x0000000000113000       0x80 /opt/devkitpro/portlibs/3ds/lib/libraylib.a(textures.o)
 .text.stbir__linear_to_srgb
                0x0000000000113080       0x80 /opt/devkitpro/portlibs/3ds/lib/libraylib.a(textures.o)
 .text.stbir__linear_to_srgb_uchar
                0x0000000000113100       0xf0 /opt/devkitpro/portlibs/3ds/lib/libraylib.a(textures.o)
 .text.stbir__filter_trapezoid
                0x00000000001131f0       0xec /opt/devkitpro/portlibs/3ds/lib/libraylib.a(textures.o)
 .text.stbir__support_trapezoid
                0x00000000001132dc       0x70 /opt/devkitpro/portlibs/3ds/lib/libraylib.a(textures.o)
 .text.stbir__filter_triangle
                0x000000000011334c       0x54 /opt/devkitpro/portlibs/3ds/lib/libraylib.a(textures.o)
 .text.stbir__filter_cubic
                0x00000000001133a0       0xdc /opt/devkitpro/portlibs/3ds/lib/libraylib.a(textures.o)
 .text.stbir__filter_catmullrom
                0x000000000011347c       0xd0 /opt/devkitpro/portlibs/3ds/lib/libraylib.a(textures.o)
 .text.stbir__filter_mitchell
                0x000000000011354c       0xec /opt/devkitpro/portlibs/3ds/lib/libraylib.a(textures.o)
 .text.stbir__support_zero
                0x0000000000113638       0x1c /opt/devkitpro/portlibs/3ds/lib/libraylib.a(textures.o)
 .text.stbir__support_one
                0x0000000000113654       0x1c /opt/devkitpro/portlibs/3ds/lib/libraylib.a(textures.o)
 .text.stbir__support_two
                0x0000000000113670       0x1c /opt/devkitpro/portlibs/3ds/lib/libraylib.a(textures.o)
 .text.stbir__use_upsampling
                0x000000000011368c       0x34 /opt/devkitpro/portlibs/3ds/lib/libraylib.a(textures.o)
 .text.stbir__use_width_upsampling
                0x00000000001136c0       0x2c /opt/devkitpro/portlibs/3ds/lib/libraylib.a(textures.o)
 .text.stbir__use_height_upsampling
                0x00000000001136ec       0x2c /opt/devkitpro/portlibs/3ds/lib/libraylib.a(textures.o)
 .text.stbir__get_filter_pixel_width
                0x0000000000113718      0x120 /opt/devkitpro/portlibs/3ds/lib/libraylib.a(textures.o)
 .text.stbir__get_filter_pixel_margin
                0x0000000000113838       0x40 /opt/devkitpro/portlibs/3ds/lib/libraylib.a(textures.o)
 .text.stbir__get_coefficient_width
                0x0000000000113878       0xc0 /opt/devkitpro/portlibs/3ds/lib/libraylib.a(textures.o)
 .text.stbir__get_contributors
                0x0000000000113938       0x64 /opt/devkitpro/portlibs/3ds/lib/libraylib.a(textures.o)
 .text.stbir__get_total_horizontal_coefficients
                0x000000000011399c       0x44 /opt/devkitpro/portlibs/3ds/lib/libraylib.a(textures.o)
 .text.stbir__get_total_vertical_coefficients
                0x00000000001139e0       0x44 /opt/devkitpro/portlibs/3ds/lib/libraylib.a(textures.o)
 .text.stbir__get_contributor
                0x0000000000113a24       0x28 /opt/devkitpro/portlibs/3ds/lib/libraylib.a(textures.o)
 .text.stbir__get_coefficient
                0x0000000000113a4c       0x60 /opt/devkitpro/portlibs/3ds/lib/libraylib.a(textures.o)
 .text.stbir__edge_wrap_slow
                0x0000000000113aac      0x194 /opt/devkitpro/portlibs/3ds/lib/libraylib.a(textures.o)
 .text.stbir__edge_wrap
                0x0000000000113c40       0x60 /opt/devkitpro/portlibs/3ds/lib/libraylib.a(textures.o)
 .text.stbir__calculate_sample_range_upsample
                0x0000000000113ca0      0x11c /opt/devkitpro/portlibs/3ds/lib/libraylib.a(textures.o)
 *fill*         0x0000000000113dbc        0x4 
 .text.stbir__calculate_sample_range_downsample
                0x0000000000113dc0      0x11c /opt/devkitpro/portlibs/3ds/lib/libraylib.a(textures.o)
 *fill*         0x0000000000113edc        0x4 
 .text.stbir__calculate_coefficients_upsample
                0x0000000000113ee0      0x3e0 /opt/devkitpro/portlibs/3ds/lib/libraylib.a(textures.o)
 .text.stbir__calculate_coefficients_downsample
                0x00000000001142c0      0x264 /opt/devkitpro/portlibs/3ds/lib/libraylib.a(textures.o)
 .text.stbir__normalize_downsample_coefficients
                0x0000000000114524      0x4f8 /opt/devkitpro/portlibs/3ds/lib/libraylib.a(textures.o)
 .text.stbir__calculate_filters
                0x0000000000114a1c      0x258 /opt/devkitpro/portlibs/3ds/lib/libraylib.a(textures.o)
 .text.stbir__get_decode_buffer
                0x0000000000114c74       0x38 /opt/devkitpro/portlibs/3ds/lib/libraylib.a(textures.o)
 *fill*         0x0000000000114cac        0x4 
 .text.stbir__decode_scanline
                0x0000000000114cb0      0xbd0 /opt/devkitpro/portlibs/3ds/lib/libraylib.a(textures.o)
 .text.stbir__get_ring_buffer_entry
                0x0000000000115880       0x34 /opt/devkitpro/portlibs/3ds/lib/libraylib.a(textures.o)
 .text.stbir__add_empty_ring_buffer_entry
                0x00000000001158b4      0x114 /opt/devkitpro/portlibs/3ds/lib/libraylib.a(textures.o)
 .text.stbir__resample_horizontal_upsample
                0x00000000001159c8      0x874 /opt/devkitpro/portlibs/3ds/lib/libraylib.a(textures.o)
 .text.stbir__resample_horizontal_downsample
                0x000000000011623c      0x9f8 /opt/devkitpro/portlibs/3ds/lib/libraylib.a(textures.o)
 .text.stbir__decode_and_resample_upsample
                0x0000000000116c34       0x78 /opt/devkitpro/portlibs/3ds/lib/libraylib.a(textures.o)
 .text.stbir__decode_and_resample_downsample
                0x0000000000116cac       0x94 /opt/devkitpro/portlibs/3ds/lib/libraylib.a(textures.o)
 .text.stbir__get_ring_buffer_scanline
                0x0000000000116d40       0x60 /opt/devkitpro/portlibs/3ds/lib/libraylib.a(textures.o)
 .text.stbir__encode_scanline
                0x0000000000116da0      0xa18 /opt/devkitpro/portlibs/3ds/lib/libraylib.a(textures.o)
 .text.stbir__resample_vertical_upsample
                0x00000000001177b8      0x93c /opt/devkitpro/portlibs/3ds/lib/libraylib.a(textures.o)
 .text.stbir__resample_vertical_downsample
                0x00000000001180f4      0x698 /opt/devkitpro/portlibs/3ds/lib/libraylib.a(textures.o)
 .text.stbir__buffer_loop_upsample
                0x000000000011878c      0x250 /opt/devkitpro/portlibs/3ds/lib/libraylib.a(textures.o)
 .text.stbir__empty_ring_buffer
                0x00000000001189dc      0x1dc /opt/devkitpro/portlibs/3ds/lib/libraylib.a(textures.o)
 .text.stbir__buffer_loop_downsample
                0x0000000000118bb8      0x1f8 /opt/devkitpro/portlibs/3ds/lib/libraylib.a(textures.o)
 .text.stbir__setup
                0x0000000000118db0       0x5c /opt/devkitpro/portlibs/3ds/lib/libraylib.a(textures.o)
 .text.stbir__calculate_transform
                0x0000000000118e0c      0x180 /opt/devkitpro/portlibs/3ds/lib/libraylib.a(textures.o)
 .text.stbir__choose_filter
                0x0000000000118f8c       0xb0 /opt/devkitpro/portlibs/3ds/lib/libraylib.a(textures.o)
 .text.stbir__calculate_memory
                0x000000000011903c      0x32c /opt/devkitpro/portlibs/3ds/lib/libraylib.a(textures.o)
 .text.stbir__resize_allocated
                0x0000000000119368      0x6fc /opt/devkitpro/portlibs/3ds/lib/libraylib.a(textures.o)
 .text.stbir__resize_arbitrary
                0x0000000000119a64      0x12c /opt/devkitpro/portlibs/3ds/lib/libraylib.a(textures.o)
 .text.stbir_resize_uint8
                0x0000000000119b90       0xcc /opt/devkitpro/portlibs/3ds/lib/libraylib.a(textures.o)
                0x0000000000119b90                stbir_resize_uint8
 .text.LoadImage
                0x0000000000119c5c      0x3f0 /opt/devkitpro/portlibs/3ds/lib/libraylib.a(textures.o)
                0x0000000000119c5c                LoadImage
 .text.UnloadImage
                0x000000000011a04c       0x2c /opt/devkitpro/portlibs/3ds/lib/libraylib.a(textures.o)
                0x000000000011a04c                UnloadImage
 .text.GenImageColor
                0x000000000011a078       0xd8 /opt/devkitpro/portlibs/3ds/lib/libraylib.a(textures.o)
                0x000000000011a078                GenImageColor
 .text.ImageCopy
                0x000000000011a150      0x16c /opt/devkitpro/portlibs/3ds/lib/libraylib.a(textures.o)
                0x000000000011a150                ImageCopy
 .text.ImageFromImage
                0x000000000011a2bc      0x1b0 /opt/devkitpro/portlibs/3ds/lib/libraylib.a(textures.o)
                0x000000000011a2bc                ImageFromImage
 .text.ImageFormat
                0x000000000011a46c      0xf48 /opt/devkitpro/portlibs/3ds/lib/libraylib.a(textures.o)
                0x000000000011a46c                ImageFormat
 .text.ImageResize
                0x000000000011b3b4      0x36c /opt/devkitpro/portlibs/3ds/lib/libraylib.a(textures.o)
                0x000000000011b3b4                ImageResize
 .text.ImageMipmaps
                0x000000000011b720      0x348 /opt/devkitpro/portlibs/3ds/lib/libraylib.a(textures.o)
                0x000000000011b720                ImageMipmaps
 .text.ImageFlipHorizontal
                0x000000000011ba68      0x1f4 /opt/devkitpro/portlibs/3ds/lib/libraylib.a(textures.o)
                0x000000000011ba68                ImageFlipHorizontal
 .text.GetImageData
                0x000000000011bc5c      0x95c /opt/devkitpro/portlibs/3ds/lib/libraylib.a(textures.o)
                0x000000000011bc5c                GetImageData
 .text.GetImageDataNormalized
                0x000000000011c5b8      0x894 /opt/devkitpro/portlibs/3ds/lib/libraylib.a(textures.o)
                0x000000000011c5b8                GetImageDataNormalized
 .text.ImageDrawPixel
                0x000000000011ce4c      0xb3c /opt/devkitpro/portlibs/3ds/lib/libraylib.a(textures.o)
                0x000000000011ce4c                ImageDrawPixel
 .text.LoadTextureFromImage
                0x000000000011d988       0xe4 /opt/devkitpro/portlibs/3ds/lib/libraylib.a(textures.o)
                0x000000000011d988                LoadTextureFromImage
 .text.UnloadTexture
                0x000000000011da6c       0x50 /opt/devkitpro/portlibs/3ds/lib/libraylib.a(textures.o)
                0x000000000011da6c                UnloadTexture
 .text.DrawTexture
                0x000000000011dabc       0x84 /opt/devkitpro/portlibs/3ds/lib/libraylib.a(textures.o)
                0x000000000011dabc                DrawTexture
 .text.DrawTextureEx
                0x000000000011db40      0x128 /opt/devkitpro/portlibs/3ds/lib/libraylib.a(textures.o)
                0x000000000011db40                DrawTextureEx
 .text.DrawTextureRec
                0x000000000011dc68       0xfc /opt/devkitpro/portlibs/3ds/lib/libraylib.a(textures.o)
                0x000000000011dc68                DrawTextureRec
 .text.DrawTexturePro
                0x000000000011dd64      0x35c /opt/devkitpro/portlibs/3ds/lib/libraylib.a(textures.o)
                0x000000000011dd64                DrawTexturePro
 .text.GetPixelDataSize
                0x000000000011e0c0      0x19c /opt/devkitpro/portlibs/3ds/lib/libraylib.a(textures.o)
                0x000000000011e0c0                GetPixelDataSize
 .text.LoadDDS  0x000000000011e25c      0x688 /opt/devkitpro/portlibs/3ds/lib/libraylib.a(textures.o)
 .text.LoadKTX  0x000000000011e8e4      0x1f8 /opt/devkitpro/portlibs/3ds/lib/libraylib.a(textures.o)
 .text.LoadASTC
                0x000000000011eadc      0x23c /opt/devkitpro/portlibs/3ds/lib/libraylib.a(textures.o)
 .text.LoadFontDefault
                0x000000000011ed18      0x5a0 /opt/devkitpro/portlibs/3ds/lib/libraylib.a(text.o)
                0x000000000011ed18                LoadFontDefault
 .text.UnloadFontDefault
                0x000000000011f2b8       0xb0 /opt/devkitpro/portlibs/3ds/lib/libraylib.a(text.o)
                0x000000000011f2b8                UnloadFontDefault
 .text.GetFontDefault
                0x000000000011f368       0x44 /opt/devkitpro/portlibs/3ds/lib/libraylib.a(text.o)
                0x000000000011f368                GetFontDefault
 .text.DrawFPS  0x000000000011f3ac       0x5c /opt/devkitpro/portlibs/3ds/lib/libraylib.a(text.o)
                0x000000000011f3ac                DrawFPS
 .text.DrawText
                0x000000000011f408      0x100 /opt/devkitpro/portlibs/3ds/lib/libraylib.a(text.o)
                0x000000000011f408                DrawText
 .text.DrawTextEx
                0x000000000011f508      0x38c /opt/devkitpro/portlibs/3ds/lib/libraylib.a(text.o)
                0x000000000011f508                DrawTextEx
 .text.GetGlyphIndex
                0x000000000011f894       0x8c /opt/devkitpro/portlibs/3ds/lib/libraylib.a(text.o)
                0x000000000011f894                GetGlyphIndex
 .text.TextLength
                0x000000000011f920       0x54 /opt/devkitpro/portlibs/3ds/lib/libraylib.a(text.o)
                0x000000000011f920                TextLength
 .text.TextFormat
                0x000000000011f974       0x9c /opt/devkitpro/portlibs/3ds/lib/libraylib.a(text.o)
                0x000000000011f974                TextFormat
 .text.TextIsEqual
                0x000000000011fa10       0x48 /opt/devkitpro/portlibs/3ds/lib/libraylib.a(text.o)
                0x000000000011fa10                TextIsEqual
 .text.TextSplit
                0x000000000011fa58      0x148 /opt/devkitpro/portlibs/3ds/lib/libraylib.a(text.o)
                0x000000000011fa58                TextSplit
 .text.TextToLower
                0x000000000011fba0       0xd4 /opt/devkitpro/portlibs/3ds/lib/libraylib.a(text.o)
                0x000000000011fba0                TextToLower
 .text.GetNextCodepoint
                0x000000000011fc74      0x3f8 /opt/devkitpro/portlibs/3ds/lib/libraylib.a(text.o)
                0x000000000011fc74                GetNextCodepoint
 .text.TraceLog
                0x000000000012006c      0x1dc /opt/devkitpro/portlibs/3ds/lib/libraylib.a(utils.o)
                0x000000000012006c                TraceLog
 .text.LoadFileData
                0x0000000000120248      0x158 /opt/devkitpro/portlibs/3ds/lib/libraylib.a(utils.o)
                0x0000000000120248                LoadFileData
 .text._stateInitialize
                0x00000000001203a0      0x190 /opt/devkitpro/picaGL/lib/libpicaGL.a(state.o)
                0x00000000001203a0                _stateInitialize
 .text._stateDefault
                0x0000000000120530      0x1dc /opt/devkitpro/picaGL/lib/libpicaGL.a(state.o)
                0x0000000000120530                _stateDefault
 .text._stateFlush
                0x000000000012070c      0x310 /opt/devkitpro/picaGL/lib/libpicaGL.a(state.o)
                0x000000000012070c                _stateFlush
 .text.glDisable
                0x0000000000120a1c      0x17c /opt/devkitpro/picaGL/lib/libpicaGL.a(state.o)
                0x0000000000120a1c                glDisable
 .text.glEnable
                0x0000000000120b98      0x17c /opt/devkitpro/picaGL/lib/libpicaGL.a(state.o)
                0x0000000000120b98                glEnable
 .text._readRGBA8
                0x0000000000120d14        0x8 /opt/devkitpro/picaGL/lib/libpicaGL.a(texture.o)
                0x0000000000120d14                _readRGBA8
 .text._readRGB8
                0x0000000000120d1c       0x20 /opt/devkitpro/picaGL/lib/libpicaGL.a(texture.o)
                0x0000000000120d1c                _readRGB8
 .text._readLA8
                0x0000000000120d3c       0x1c /opt/devkitpro/picaGL/lib/libpicaGL.a(texture.o)
                0x0000000000120d3c                _readLA8
 .text._readA8  0x0000000000120d58       0x10 /opt/devkitpro/picaGL/lib/libpicaGL.a(texture.o)
                0x0000000000120d58                _readA8
 .text._writeRGBA4
                0x0000000000120d68       0x2c /opt/devkitpro/picaGL/lib/libpicaGL.a(texture.o)
                0x0000000000120d68                _writeRGBA4
 .text._writeRGB565
                0x0000000000120d94       0x24 /opt/devkitpro/picaGL/lib/libpicaGL.a(texture.o)
                0x0000000000120d94                _writeRGB565
 .text._writeLA4
                0x0000000000120db8       0x10 /opt/devkitpro/picaGL/lib/libpicaGL.a(texture.o)
                0x0000000000120db8                _writeLA4
 .text._writeLA8
                0x0000000000120dc8        0xc /opt/devkitpro/picaGL/lib/libpicaGL.a(texture.o)
                0x0000000000120dc8                _writeLA8
 .text._writeA8
                0x0000000000120dd4        0xc /opt/devkitpro/picaGL/lib/libpicaGL.a(texture.o)
                0x0000000000120dd4                _writeA8
 .text._textureTile
                0x0000000000120de0      0x264 /opt/devkitpro/picaGL/lib/libpicaGL.a(texture.o)
 .text.glTexEnvi.part.0
                0x0000000000121044      0x1dc /opt/devkitpro/picaGL/lib/libpicaGL.a(texture.o)
 .text.glActiveTexture
                0x0000000000121220       0x18 /opt/devkitpro/picaGL/lib/libpicaGL.a(texture.o)
                0x0000000000121220                glActiveTexture
 .text.glTexImage2D
                0x0000000000121238      0x28c /opt/devkitpro/picaGL/lib/libpicaGL.a(texture.o)
                0x0000000000121238                glTexImage2D
 .text.glTexParameterf
                0x00000000001214c4      0x170 /opt/devkitpro/picaGL/lib/libpicaGL.a(texture.o)
                0x00000000001214c4                glTexParameterf
 .text.glTexParameteri
                0x0000000000121634        0xc /opt/devkitpro/picaGL/lib/libpicaGL.a(texture.o)
                0x0000000000121634                glTexParameteri
 .text.glBindTexture
                0x0000000000121640       0xa0 /opt/devkitpro/picaGL/lib/libpicaGL.a(texture.o)
                0x0000000000121640                glBindTexture
 .text.glGenTextures
                0x00000000001216e0       0x80 /opt/devkitpro/picaGL/lib/libpicaGL.a(texture.o)
                0x00000000001216e0                glGenTextures
 .text.glDeleteTextures
                0x0000000000121760       0x74 /opt/devkitpro/picaGL/lib/libpicaGL.a(texture.o)
                0x0000000000121760                glDeleteTextures
 .text.glTexEnvf
                0x00000000001217d4       0x18 /opt/devkitpro/picaGL/lib/libpicaGL.a(texture.o)
                0x00000000001217d4                glTexEnvf
 .text.glShadeModel
                0x00000000001217ec        0x4 /opt/devkitpro/picaGL/lib/libpicaGL.a(stubs.o)
                0x00000000001217ec                glShadeModel
 .text.glHint   0x00000000001217f0        0x4 /opt/devkitpro/picaGL/lib/libpicaGL.a(stubs.o)
                0x00000000001217f0                glHint
 .text.glFrontFace
                0x00000000001217f4        0x4 /opt/devkitpro/picaGL/lib/libpicaGL.a(stubs.o)
                0x00000000001217f4                glFrontFace
 .text.glNormal3f
                0x00000000001217f8        0x4 /opt/devkitpro/picaGL/lib/libpicaGL.a(stubs.o)
                0x00000000001217f8                glNormal3f
 .text.glPixelStorei
                0x00000000001217fc        0x4 /opt/devkitpro/picaGL/lib/libpicaGL.a(stubs.o)
                0x00000000001217fc                glPixelStorei
 .text._queueWaitAndClear
                0x0000000000121800       0x30 /opt/devkitpro/picaGL/lib/libpicaGL.a(queue.o)
                0x0000000000121800                _queueWaitAndClear
 .text._queueRun
                0x0000000000121830       0x44 /opt/devkitpro/picaGL/lib/libpicaGL.a(queue.o)
                0x0000000000121830                _queueRun
 .text._picaRenderBuffer
                0x0000000000121874      0x124 /opt/devkitpro/picaGL/lib/libpicaGL.a(pica.o)
                0x0000000000121874                _picaRenderBuffer
 .text._picaViewport
                0x0000000000121998       0xb0 /opt/devkitpro/picaGL/lib/libpicaGL.a(pica.o)
                0x0000000000121998                _picaViewport
 .text._picaScissorTest
                0x0000000000121a48       0x58 /opt/devkitpro/picaGL/lib/libpicaGL.a(pica.o)
                0x0000000000121a48                _picaScissorTest
 .text._picaCullMode
                0x0000000000121aa0       0x30 /opt/devkitpro/picaGL/lib/libpicaGL.a(pica.o)
                0x0000000000121aa0                _picaCullMode
 .text._picaAttribBuffersLocation
                0x0000000000121ad0       0x34 /opt/devkitpro/picaGL/lib/libpicaGL.a(pica.o)
                0x0000000000121ad0                _picaAttribBuffersLocation
 .text._picaAttribBuffersFormat
                0x0000000000121b04       0xa8 /opt/devkitpro/picaGL/lib/libpicaGL.a(pica.o)
                0x0000000000121b04                _picaAttribBuffersFormat
 .text._picaDepthMap
                0x0000000000121bac       0x88 /opt/devkitpro/picaGL/lib/libpicaGL.a(pica.o)
                0x0000000000121bac                _picaDepthMap
 .text._picaStencilTest
                0x0000000000121c34       0x54 /opt/devkitpro/picaGL/lib/libpicaGL.a(pica.o)
                0x0000000000121c34                _picaStencilTest
 .text._picaStencilOp
                0x0000000000121c88       0x3c /opt/devkitpro/picaGL/lib/libpicaGL.a(pica.o)
                0x0000000000121c88                _picaStencilOp
 .text._picaAlphaTest
                0x0000000000121cc4       0x44 /opt/devkitpro/picaGL/lib/libpicaGL.a(pica.o)
                0x0000000000121cc4                _picaAlphaTest
 .text._picaTextureEnvSet
                0x0000000000121d08       0x68 /opt/devkitpro/picaGL/lib/libpicaGL.a(pica.o)
                0x0000000000121d08                _picaTextureEnvSet
 .text._picaTextureEnvReset
                0x0000000000121d70       0x20 /opt/devkitpro/picaGL/lib/libpicaGL.a(pica.o)
                0x0000000000121d70                _picaTextureEnvReset
 .text._picaEarlyDepthTest
                0x0000000000121d90       0x44 /opt/devkitpro/picaGL/lib/libpicaGL.a(pica.o)
                0x0000000000121d90                _picaEarlyDepthTest
 .text._picaBlendFunction
                0x0000000000121dd4       0x78 /opt/devkitpro/picaGL/lib/libpicaGL.a(pica.o)
                0x0000000000121dd4                _picaBlendFunction
 .text._picaUniformFloat
                0x0000000000121e4c       0x70 /opt/devkitpro/picaGL/lib/libpicaGL.a(pica.o)
                0x0000000000121e4c                _picaUniformFloat
 .text._picaDepthTestWriteMask
                0x0000000000121ebc       0x44 /opt/devkitpro/picaGL/lib/libpicaGL.a(pica.o)
                0x0000000000121ebc                _picaDepthTestWriteMask
 .text._picaFinalize
                0x0000000000121f00       0x64 /opt/devkitpro/picaGL/lib/libpicaGL.a(pica.o)
                0x0000000000121f00                _picaFinalize
 .text._picaBlendColor
                0x0000000000121f64       0x2c /opt/devkitpro/picaGL/lib/libpicaGL.a(pica.o)
                0x0000000000121f64                _picaBlendColor
 .text._picaTextureObjectSet
                0x0000000000121f90      0x1bc /opt/devkitpro/picaGL/lib/libpicaGL.a(pica.o)
                0x0000000000121f90                _picaTextureObjectSet
 .text._picaImmediateBegin
                0x000000000012214c       0xb4 /opt/devkitpro/picaGL/lib/libpicaGL.a(pica.o)
                0x000000000012214c                _picaImmediateBegin
 .text._picaImmediateEnd
                0x0000000000122200       0x5c /opt/devkitpro/picaGL/lib/libpicaGL.a(pica.o)
                0x0000000000122200                _picaImmediateEnd
 .text._picaFixedAttribute
                0x000000000012225c       0xa8 /opt/devkitpro/picaGL/lib/libpicaGL.a(pica.o)
                0x000000000012225c                _picaFixedAttribute
 .text._picaTexUnitEnable
                0x0000000000122304       0x4c /opt/devkitpro/picaGL/lib/libpicaGL.a(pica.o)
                0x0000000000122304                _picaTexUnitEnable
 .text._picaLogicOp
                0x0000000000122350       0x48 /opt/devkitpro/picaGL/lib/libpicaGL.a(pica.o)
                0x0000000000122350                _picaLogicOp
 .text.glEnableClientState
                0x0000000000122398       0x6c /opt/devkitpro/picaGL/lib/libpicaGL.a(arrays.o)
                0x0000000000122398                glEnableClientState
 .text.glClearDepth
                0x0000000000122404       0x1c /opt/devkitpro/picaGL/lib/libpicaGL.a(depth.o)
                0x0000000000122404                glClearDepth
 .text.glDepthFunc
                0x0000000000122420       0x38 /opt/devkitpro/picaGL/lib/libpicaGL.a(depth.o)
                0x0000000000122420                glDepthFunc
 .text.glAlphaFunc
                0x0000000000122458       0x4c /opt/devkitpro/picaGL/lib/libpicaGL.a(blend.o)
                0x0000000000122458                glAlphaFunc
 .text.glBlendEquation
                0x00000000001224a4       0x50 /opt/devkitpro/picaGL/lib/libpicaGL.a(blend.o)
                0x00000000001224a4                glBlendEquation
 .text.glBlendFunc
                0x00000000001224f4      0x204 /opt/devkitpro/picaGL/lib/libpicaGL.a(blend.o)
                0x00000000001224f4                glBlendFunc
 .text.glBegin  0x00000000001226f8       0x7c /opt/devkitpro/picaGL/lib/libpicaGL.a(immediate.o)
                0x00000000001226f8                glBegin
 .text.glColor4f
                0x0000000000122774       0x28 /opt/devkitpro/picaGL/lib/libpicaGL.a(immediate.o)
                0x0000000000122774                glColor4f
 .text.glColor4ub
                0x000000000012279c       0x60 /opt/devkitpro/picaGL/lib/libpicaGL.a(immediate.o)
                0x000000000012279c                glColor4ub
 .text.glTexCoord2f
                0x00000000001227fc       0x1c /opt/devkitpro/picaGL/lib/libpicaGL.a(immediate.o)
                0x00000000001227fc                glTexCoord2f
 .text.glVertex2f
                0x0000000000122818       0x88 /opt/devkitpro/picaGL/lib/libpicaGL.a(immediate.o)
                0x0000000000122818                glVertex2f
 .text.glEnd    0x00000000001228a0       0x30 /opt/devkitpro/picaGL/lib/libpicaGL.a(immediate.o)
                0x00000000001228a0                glEnd
 .text._AptEventHook
                0x00000000001228d0       0x8c /opt/devkitpro/picaGL/lib/libpicaGL.a(picaGL.o)
 .text.pglInit  0x000000000012295c       0x40 /opt/devkitpro/picaGL/lib/libpicaGL.a(picaGL.o)
                0x000000000012295c                pglInit
 .text.pglExit  0x000000000012299c       0x20 /opt/devkitpro/picaGL/lib/libpicaGL.a(picaGL.o)
                0x000000000012299c                pglExit
 .text.pglSwapBuffers
                0x00000000001229bc       0xa4 /opt/devkitpro/picaGL/lib/libpicaGL.a(picaGL.o)
                0x00000000001229bc                pglSwapBuffers
 .text.pglSelectScreen
                0x0000000000122a60       0x18 /opt/devkitpro/picaGL/lib/libpicaGL.a(picaGL.o)
                0x0000000000122a60                pglSelectScreen
 .text.glLoadIdentity
                0x0000000000122a78       0x50 /opt/devkitpro/picaGL/lib/libpicaGL.a(matrix.o)
                0x0000000000122a78                glLoadIdentity
 .text.glTranslatef
                0x0000000000122ac8       0x2c /opt/devkitpro/picaGL/lib/libpicaGL.a(matrix.o)
                0x0000000000122ac8                glTranslatef
 *fill*         0x0000000000122af4        0x4 
 .text.glRotatef
                0x0000000000122af8      0x118 /opt/devkitpro/picaGL/lib/libpicaGL.a(matrix.o)
                0x0000000000122af8                glRotatef
 .text.glMatrixMode
                0x0000000000122c10       0x30 /opt/devkitpro/picaGL/lib/libpicaGL.a(matrix.o)
                0x0000000000122c10                glMatrixMode
 .text.glOrtho  0x0000000000122c40       0x4c /opt/devkitpro/picaGL/lib/libpicaGL.a(matrix.o)
                0x0000000000122c40                glOrtho
 .text.glPopMatrix
                0x0000000000122c8c       0xe4 /opt/devkitpro/picaGL/lib/libpicaGL.a(matrix.o)
                0x0000000000122c8c                glPopMatrix
 .text.glPushMatrix
                0x0000000000122d70       0xd8 /opt/devkitpro/picaGL/lib/libpicaGL.a(matrix.o)
                0x0000000000122d70                glPushMatrix
 .text.glMultMatrixf
                0x0000000000122e48       0x94 /opt/devkitpro/picaGL/lib/libpicaGL.a(matrix.o)
                0x0000000000122e48                glMultMatrixf
 .text.glGetString
                0x0000000000122edc       0x20 /opt/devkitpro/picaGL/lib/libpicaGL.a(get.o)
                0x0000000000122edc                glGetString
 .text.glClear  0x0000000000122efc      0x1b0 /opt/devkitpro/picaGL/lib/libpicaGL.a(misc.o)
                0x0000000000122efc                glClear
 .text.glClearColor
                0x00000000001230ac       0x20 /opt/devkitpro/picaGL/lib/libpicaGL.a(misc.o)
                0x00000000001230ac                glClearColor
 .text.glCullFace
                0x00000000001230cc       0x34 /opt/devkitpro/picaGL/lib/libpicaGL.a(misc.o)
                0x00000000001230cc                glCullFace
 .text.glFlush  0x0000000000123100       0xd8 /opt/devkitpro/picaGL/lib/libpicaGL.a(misc.o)
                0x0000000000123100                glFlush
 .text.glViewport
                0x00000000001231d8       0x44 /opt/devkitpro/picaGL/lib/libpicaGL.a(misc.o)
                0x00000000001231d8                glViewport
 .text.glScissor
                0x000000000012321c       0x44 /opt/devkitpro/picaGL/lib/libpicaGL.a(misc.o)
                0x000000000012321c                glScissor
 .text.matrix4x4_multiply
                0x0000000000123260       0x74 /opt/devkitpro/picaGL/lib/libpicaGL.a(math_utils.o)
                0x0000000000123260                matrix4x4_multiply
 .text.matrix4x4_translate
                0x00000000001232d4       0x9c /opt/devkitpro/picaGL/lib/libpicaGL.a(math_utils.o)
                0x00000000001232d4                matrix4x4_translate
 .text.matrix4x4_rotate_x
                0x0000000000123370       0xb8 /opt/devkitpro/picaGL/lib/libpicaGL.a(math_utils.o)
                0x0000000000123370                matrix4x4_rotate_x
 .text.matrix4x4_rotate_y
                0x0000000000123428       0xb8 /opt/devkitpro/picaGL/lib/libpicaGL.a(math_utils.o)
                0x0000000000123428                matrix4x4_rotate_y
 .text.matrix4x4_rotate_z
                0x00000000001234e0       0xb8 /opt/devkitpro/picaGL/lib/libpicaGL.a(math_utils.o)
                0x00000000001234e0                matrix4x4_rotate_z
 .text.matrix4x4_ortho_tilt
                0x0000000000123598       0xec /opt/devkitpro/picaGL/lib/libpicaGL.a(math_utils.o)
                0x0000000000123598                matrix4x4_ortho_tilt
 .text.hashTableGet
                0x0000000000123684       0x48 /opt/devkitpro/picaGL/lib/libpicaGL.a(hashtable.o)
                0x0000000000123684                hashTableGet
 .text.hashTableInsert
                0x00000000001236cc       0x8c /opt/devkitpro/picaGL/lib/libpicaGL.a(hashtable.o)
                0x00000000001236cc                hashTableInsert
 .text.hashTableRemove
                0x0000000000123758       0x58 /opt/devkitpro/picaGL/lib/libpicaGL.a(hashtable.o)
                0x0000000000123758                hashTableRemove
 .text.hashTableUniqueKey
                0x00000000001237b0        0xc /opt/devkitpro/picaGL/lib/libpicaGL.a(hashtable.o)
                0x00000000001237b0                hashTableUniqueKey
 .text._ZL21addrMapNodeComparatorPK11rbtree_nodeS1_
                0x00000000001237bc       0x24 /opt/devkitpro/libctru/lib/libctru.a(vram.o)
 .text._ZL21addrMapNodeDestructorP11rbtree_node
                0x00000000001237e0        0x4 /opt/devkitpro/libctru/lib/libctru.a(vram.o)
 .text.vramMemAlign
                0x00000000001237e4      0x114 /opt/devkitpro/libctru/lib/libctru.a(vram.o)
                0x00000000001237e4                vramMemAlign
 .text.vramAlloc
                0x00000000001238f8        0x8 /opt/devkitpro/libctru/lib/libctru.a(vram.o)
                0x00000000001238f8                vramAlloc
 .text.vramFree
                0x0000000000123900       0x5c /opt/devkitpro/libctru/lib/libctru.a(vram.o)
                0x0000000000123900                vramFree
 .text._ZL21addrMapNodeComparatorPK11rbtree_nodeS1_
                0x000000000012395c       0x24 /opt/devkitpro/libctru/lib/libctru.a(linear.o)
 .text._ZL21addrMapNodeDestructorP11rbtree_node
                0x0000000000123980        0x4 /opt/devkitpro/libctru/lib/libctru.a(linear.o)
 .text.linearMemAlign
                0x0000000000123984      0x120 /opt/devkitpro/libctru/lib/libctru.a(linear.o)
                0x0000000000123984                linearMemAlign
 .text.linearAlloc
                0x0000000000123aa4        0x8 /opt/devkitpro/libctru/lib/libctru.a(linear.o)
                0x0000000000123aa4                linearAlloc
 .text.linearFree
                0x0000000000123aac       0x5c /opt/devkitpro/libctru/lib/libctru.a(linear.o)
                0x0000000000123aac                linearFree
 .text._ZN7MemPool13CoalesceRightEP8MemBlock
                0x0000000000123b08       0x84 /opt/devkitpro/libctru/lib/libctru.a(mem_pool.o)
                0x0000000000123b08                MemPool::CoalesceRight(MemBlock*)
 .text._ZN7MemPool8AllocateER8MemChunkmi
                0x0000000000123b8c      0x170 /opt/devkitpro/libctru/lib/libctru.a(mem_pool.o)
                0x0000000000123b8c                MemPool::Allocate(MemChunk&, unsigned long, int)
 .text._ZN7MemPool10DeallocateERK8MemChunk
                0x0000000000123cfc       0xfc /opt/devkitpro/libctru/lib/libctru.a(mem_pool.o)
                0x0000000000123cfc                MemPool::Deallocate(MemChunk const&)
 .text.romfs_close
                0x0000000000123df8        0x8 /opt/devkitpro/libctru/lib/libctru.a(romfs_dev.o)
 .text.romfs_seek
                0x0000000000123e00       0xc8 /opt/devkitpro/libctru/lib/libctru.a(romfs_dev.o)
 .text.romfs_dirreset
                0x0000000000123ec8       0x24 /opt/devkitpro/libctru/lib/libctru.a(romfs_dev.o)
 .text.fill_dir
                0x0000000000123eec       0xc8 /opt/devkitpro/libctru/lib/libctru.a(romfs_dev.o)
 .text.romfs_dirnext
                0x0000000000123fb4      0x2b0 /opt/devkitpro/libctru/lib/libctru.a(romfs_dev.o)
 .text.romfs_free
                0x0000000000124264       0x84 /opt/devkitpro/libctru/lib/libctru.a(romfs_dev.o)
 .text.searchForFile.constprop.0
                0x00000000001242e8       0xd4 /opt/devkitpro/libctru/lib/libctru.a(romfs_dev.o)
 .text.searchForDir.constprop.0
                0x00000000001243bc       0xd8 /opt/devkitpro/libctru/lib/libctru.a(romfs_dev.o)
 .text.navigateToDir.constprop.0
                0x0000000000124494      0x1c0 /opt/devkitpro/libctru/lib/libctru.a(romfs_dev.o)
 .text.romfs_open
                0x0000000000124654      0x128 /opt/devkitpro/libctru/lib/libctru.a(romfs_dev.o)
 .text.romfs_chdir
                0x000000000012477c       0x4c /opt/devkitpro/libctru/lib/libctru.a(romfs_dev.o)
 .text.romfs_diropen
                0x00000000001247c8       0x70 /opt/devkitpro/libctru/lib/libctru.a(romfs_dev.o)
 .text.romfs_stat
                0x0000000000124838      0x17c /opt/devkitpro/libctru/lib/libctru.a(romfs_dev.o)
 .text.romfs_dirclose
                0x00000000001249b4        0x8 /opt/devkitpro/libctru/lib/libctru.a(romfs_dev.o)
 .text.romfs_fstat
                0x00000000001249bc       0x7c /opt/devkitpro/libctru/lib/libctru.a(romfs_dev.o)
 .text.romfs_read
                0x0000000000124a38       0xd4 /opt/devkitpro/libctru/lib/libctru.a(romfs_dev.o)
 .text.romfsMountFromFile
                0x0000000000124b0c      0x290 /opt/devkitpro/libctru/lib/libctru.a(romfs_dev.o)
                0x0000000000124b0c                romfsMountFromFile
 .text.romfsMountFromCurrentProcess
                0x0000000000124d9c       0x98 /opt/devkitpro/libctru/lib/libctru.a(romfs_dev.o)
                0x0000000000124d9c                romfsMountFromCurrentProcess
 .text.romfsMountSelf
                0x0000000000124e34      0x25c /opt/devkitpro/libctru/lib/libctru.a(romfs_dev.o)
                0x0000000000124e34                romfsMountSelf
 .text.osConvertVirtToPhys
                0x0000000000125090       0x74 /opt/devkitpro/libctru/lib/libctru.a(os.o)
                0x0000000000125090                osConvertVirtToPhys
 .text.osGetTimeRef
                0x0000000000125104       0x54 /opt/devkitpro/libctru/lib/libctru.a(os.o)
                0x0000000000125104                osGetTimeRef
 .text.osGetTime
                0x0000000000125158       0xe4 /opt/devkitpro/libctru/lib/libctru.a(os.o)
                0x0000000000125158                osGetTime
 .text.__libctru_gtod
                0x000000000012523c       0x74 /opt/devkitpro/libctru/lib/libctru.a(os.o)
                0x000000000012523c                __libctru_gtod
 .text.__ctru_speedup_config
                0x00000000001252b0       0x34 /opt/devkitpro/libctru/lib/libctru.a(os.o)
                0x00000000001252b0                __ctru_speedup_config
 .text.osSetSpeedupEnable
                0x00000000001252e4       0x38 /opt/devkitpro/libctru/lib/libctru.a(os.o)
                0x00000000001252e4                osSetSpeedupEnable
 .text.gfxPresentFramebuffer
                0x000000000012531c       0xd0 /opt/devkitpro/libctru/lib/libctru.a(gfx.o)
 .text.gfxSetScreenFormat
                0x00000000001253ec       0xec /opt/devkitpro/libctru/lib/libctru.a(gfx.o)
                0x00000000001253ec                gfxSetScreenFormat
 .text.gfxGetScreenFormat
                0x00000000001254d8       0x10 /opt/devkitpro/libctru/lib/libctru.a(gfx.o)
                0x00000000001254d8                gfxGetScreenFormat
 .text.gfxInit  0x00000000001254e8      0x108 /opt/devkitpro/libctru/lib/libctru.a(gfx.o)
                0x00000000001254e8                gfxInit
 .text.gfxInitDefault
                0x00000000001255f0       0x10 /opt/devkitpro/libctru/lib/libctru.a(gfx.o)
                0x00000000001255f0                gfxInitDefault
 .text.gfxExit  0x0000000000125600       0xb4 /opt/devkitpro/libctru/lib/libctru.a(gfx.o)
                0x0000000000125600                gfxExit
 .text.gfxGetFramebuffer
                0x00000000001256b4       0xa0 /opt/devkitpro/libctru/lib/libctru.a(gfx.o)
                0x00000000001256b4                gfxGetFramebuffer
 .text.gfxScreenSwapBuffers
                0x0000000000125754       0x30 /opt/devkitpro/libctru/lib/libctru.a(gfx.o)
                0x0000000000125754                gfxScreenSwapBuffers
 .text.shaderInstanceInit
                0x0000000000125784      0x1e0 /opt/devkitpro/libctru/lib/libctru.a(shaderProgram.o)
                0x0000000000125784                shaderInstanceInit
 .text.shaderProgramInit
                0x0000000000125964       0x1c /opt/devkitpro/libctru/lib/libctru.a(shaderProgram.o)
                0x0000000000125964                shaderProgramInit
 .text.shaderProgramSetVsh
                0x0000000000125980       0x80 /opt/devkitpro/libctru/lib/libctru.a(shaderProgram.o)
                0x0000000000125980                shaderProgramSetVsh
 .text.shaderProgramConfigure
                0x0000000000125a00      0x8c0 /opt/devkitpro/libctru/lib/libctru.a(shaderProgram.o)
                0x0000000000125a00                shaderProgramConfigure
 .text.shaderProgramUse
                0x00000000001262c0      0x13c /opt/devkitpro/libctru/lib/libctru.a(shaderProgram.o)
                0x00000000001262c0                shaderProgramUse
 .text.DVLE_GenerateOutmap.part.0
                0x00000000001263fc      0x1f8 /opt/devkitpro/libctru/lib/libctru.a(shbin.o)
 .text.DVLB_ParseFile
                0x00000000001265f4      0x1cc /opt/devkitpro/libctru/lib/libctru.a(shbin.o)
                0x00000000001265f4                DVLB_ParseFile
 .text.GX_BindQueue
                0x00000000001267c0       0x10 /opt/devkitpro/libctru/lib/libctru.a(gx.o)
                0x00000000001267c0                GX_BindQueue
 .text.GX_ProcessCommandList
                0x00000000001267d0       0x78 /opt/devkitpro/libctru/lib/libctru.a(gx.o)
                0x00000000001267d0                GX_ProcessCommandList
 .text.GX_DisplayTransfer
                0x0000000000126848       0x70 /opt/devkitpro/libctru/lib/libctru.a(gx.o)
                0x0000000000126848                GX_DisplayTransfer
 .text.GX_TextureCopy
                0x00000000001268b8       0x74 /opt/devkitpro/libctru/lib/libctru.a(gx.o)
                0x00000000001268b8                GX_TextureCopy
 .text.GX_FlushCacheRegions
                0x000000000012692c       0x44 /opt/devkitpro/libctru/lib/libctru.a(gx.o)
                0x000000000012692c                GX_FlushCacheRegions
 .text.gxCmdQueueDoCommands.part.0
                0x0000000000126970       0x68 /opt/devkitpro/libctru/lib/libctru.a(gxqueue.o)
 .text.gxCmdQueueInterrupt
                0x00000000001269d8       0xc8 /opt/devkitpro/libctru/lib/libctru.a(gxqueue.o)
                0x00000000001269d8                gxCmdQueueInterrupt
 .text.gxCmdQueueClear
                0x0000000000126aa0       0x4c /opt/devkitpro/libctru/lib/libctru.a(gxqueue.o)
                0x0000000000126aa0                gxCmdQueueClear
 .text.gxCmdQueueAdd
                0x0000000000126aec       0xf8 /opt/devkitpro/libctru/lib/libctru.a(gxqueue.o)
                0x0000000000126aec                gxCmdQueueAdd
 .text.gxCmdQueueRun
                0x0000000000126be4       0x80 /opt/devkitpro/libctru/lib/libctru.a(gxqueue.o)
                0x0000000000126be4                gxCmdQueueRun
 .text.gxCmdQueueStop
                0x0000000000126c64       0x60 /opt/devkitpro/libctru/lib/libctru.a(gxqueue.o)
                0x0000000000126c64                gxCmdQueueStop
 .text.gxCmdQueueWait
                0x0000000000126cc4       0x74 /opt/devkitpro/libctru/lib/libctru.a(gxqueue.o)
                0x0000000000126cc4                gxCmdQueueWait
 .text.GPUCMD_Add
                0x0000000000126d38      0x13c /opt/devkitpro/libctru/lib/libctru.a(gpu.o)
                0x0000000000126d38                GPUCMD_Add
 .text.GPUCMD_Split
                0x0000000000126e74       0xac /opt/devkitpro/libctru/lib/libctru.a(gpu.o)
                0x0000000000126e74                GPUCMD_Split
 .text.f32tof24
                0x0000000000126f20       0x40 /opt/devkitpro/libctru/lib/libctru.a(gpu.o)
                0x0000000000126f20                f32tof24
 .text.f32tof31
                0x0000000000126f60       0x44 /opt/devkitpro/libctru/lib/libctru.a(gpu.o)
                0x0000000000126f60                f32tof31
 .text.irrstInit
                0x0000000000126fa4      0x160 /opt/devkitpro/libctru/lib/libctru.a(irrst.o)
                0x0000000000126fa4                irrstInit
 .text.irrstExit
                0x0000000000127104       0xcc /opt/devkitpro/libctru/lib/libctru.a(irrst.o)
                0x0000000000127104                irrstExit
 .text.irrstScanInput
                0x00000000001271d0       0xb0 /opt/devkitpro/libctru/lib/libctru.a(irrst.o)
                0x00000000001271d0                irrstScanInput
 .text.irrstKeysHeld
                0x0000000000127280       0x24 /opt/devkitpro/libctru/lib/libctru.a(irrst.o)
                0x0000000000127280                irrstKeysHeld
 .text.irrstCstickRead
                0x00000000001272a4       0x18 /opt/devkitpro/libctru/lib/libctru.a(irrst.o)
                0x00000000001272a4                irrstCstickRead
 .text.gspHardwareInit
                0x00000000001272bc      0xc58 /opt/devkitpro/libctru/lib/libctru.a(gspgpu.o)
 .text.gspInit  0x0000000000127f14      0x254 /opt/devkitpro/libctru/lib/libctru.a(gspgpu.o)
                0x0000000000127f14                gspInit
 .text.gspExit  0x0000000000128168       0xf0 /opt/devkitpro/libctru/lib/libctru.a(gspgpu.o)
                0x0000000000128168                gspExit
 .text.gspHasGpuRight
                0x0000000000128258       0x10 /opt/devkitpro/libctru/lib/libctru.a(gspgpu.o)
                0x0000000000128258                gspHasGpuRight
 .text.gspPresentBuffer
                0x0000000000128268       0x98 /opt/devkitpro/libctru/lib/libctru.a(gspgpu.o)
                0x0000000000128268                gspPresentBuffer
 .text.gspWaitForEvent
                0x0000000000128300       0x50 /opt/devkitpro/libctru/lib/libctru.a(gspgpu.o)
                0x0000000000128300                gspWaitForEvent
 .text.gspWaitForAnyEvent
                0x0000000000128350       0x4c /opt/devkitpro/libctru/lib/libctru.a(gspgpu.o)
                0x0000000000128350                gspWaitForAnyEvent
 .text.gspEventThreadMain
                0x000000000012839c      0x160 /opt/devkitpro/libctru/lib/libctru.a(gspgpu.o)
 .text.gspSubmitGxCommand
                0x00000000001284fc      0x130 /opt/devkitpro/libctru/lib/libctru.a(gspgpu.o)
                0x00000000001284fc                gspSubmitGxCommand
 .text.GSPGPU_FlushDataCache
                0x000000000012862c       0x50 /opt/devkitpro/libctru/lib/libctru.a(gspgpu.o)
                0x000000000012862c                GSPGPU_FlushDataCache
 .text.GSPGPU_SetLcdForceBlack
                0x000000000012867c       0x34 /opt/devkitpro/libctru/lib/libctru.a(gspgpu.o)
                0x000000000012867c                GSPGPU_SetLcdForceBlack
 .text.GSPGPU_AcquireRight
                0x00000000001286b0       0x68 /opt/devkitpro/libctru/lib/libctru.a(gspgpu.o)
                0x00000000001286b0                GSPGPU_AcquireRight
 .text.GSPGPU_ReleaseRight
                0x0000000000128718       0x48 /opt/devkitpro/libctru/lib/libctru.a(gspgpu.o)
                0x0000000000128718                GSPGPU_ReleaseRight
 .text.GSPGPU_ImportDisplayCaptureInfo
                0x0000000000128760       0x7c /opt/devkitpro/libctru/lib/libctru.a(gspgpu.o)
                0x0000000000128760                GSPGPU_ImportDisplayCaptureInfo
 .text.GSPGPU_SaveVramSysArea
                0x00000000001287dc       0x2c /opt/devkitpro/libctru/lib/libctru.a(gspgpu.o)
                0x00000000001287dc                GSPGPU_SaveVramSysArea
 .text.GSPGPU_RestoreVramSysArea
                0x0000000000128808       0x2c /opt/devkitpro/libctru/lib/libctru.a(gspgpu.o)
                0x0000000000128808                GSPGPU_RestoreVramSysArea
 .text.aptConvertScreenForCapture
                0x0000000000128834      0x1b0 /opt/devkitpro/libctru/lib/libctru.a(apt.o)
 .text.aptDspSleep
                0x00000000001289e4        0x8 /opt/devkitpro/libctru/lib/libctru.a(apt.o)
                0x00000000001289e4                aptDspSleep
 .text.aptDspWakeup
                0x00000000001289ec        0x4 /opt/devkitpro/libctru/lib/libctru.a(apt.o)
                0x00000000001289ec                aptDspWakeup
 .text.aptDspCancel
                0x00000000001289f0        0x4 /opt/devkitpro/libctru/lib/libctru.a(apt.o)
                0x00000000001289f0                aptDspCancel
 .text.aptSendCommand
                0x00000000001289f4      0x15c /opt/devkitpro/libctru/lib/libctru.a(apt.o)
                0x00000000001289f4                aptSendCommand
 .text.aptExitProcess
                0x0000000000128b50       0x38 /opt/devkitpro/libctru/lib/libctru.a(apt.o)
 .text.aptExit  0x0000000000128b88      0x2f0 /opt/devkitpro/libctru/lib/libctru.a(apt.o)
                0x0000000000128b88                aptExit
 .text.aptHandleSleep
                0x0000000000128e78       0xd8 /opt/devkitpro/libctru/lib/libctru.a(apt.o)
                0x0000000000128e78                aptHandleSleep
 .text.aptHook  0x0000000000128f50       0x30 /opt/devkitpro/libctru/lib/libctru.a(apt.o)
                0x0000000000128f50                aptHook
 .text.aptUnhook
                0x0000000000128f80       0x30 /opt/devkitpro/libctru/lib/libctru.a(apt.o)
                0x0000000000128f80                aptUnhook
 .text.APT_SleepIfShellClosed
                0x0000000000128fb0       0x84 /opt/devkitpro/libctru/lib/libctru.a(apt.o)
                0x0000000000128fb0                APT_SleepIfShellClosed
 .text.aptSetSleepAllowed
                0x0000000000129034       0x84 /opt/devkitpro/libctru/lib/libctru.a(apt.o)
                0x0000000000129034                aptSetSleepAllowed
 .text.APT_UnlockTransition
                0x00000000001290b8       0x84 /opt/devkitpro/libctru/lib/libctru.a(apt.o)
                0x00000000001290b8                APT_UnlockTransition
 *fill*         0x000000000012913c        0x4 
 .text.aptEventHandler
                0x0000000000129140      0x484 /opt/devkitpro/libctru/lib/libctru.a(apt.o)
 .text.APT_ReceiveParameter
                0x00000000001295c4       0xb0 /opt/devkitpro/libctru/lib/libctru.a(apt.o)
                0x00000000001295c4                APT_ReceiveParameter
 .text.aptReceiveParameter.constprop.0
                0x0000000000129674       0xb0 /opt/devkitpro/libctru/lib/libctru.a(apt.o)
 *fill*         0x0000000000129724        0x4 
 .text.aptScreenTransfer
                0x0000000000129728      0x2bc /opt/devkitpro/libctru/lib/libctru.a(apt.o)
 .text.aptWaitForWakeUp.isra.0
                0x00000000001299e4      0x2d0 /opt/devkitpro/libctru/lib/libctru.a(apt.o)
 .text.aptJumpToHomeMenu
                0x0000000000129cb4       0xf8 /opt/devkitpro/libctru/lib/libctru.a(apt.o)
                0x0000000000129cb4                aptJumpToHomeMenu
 .text.aptMainLoop
                0x0000000000129dac       0x4c /opt/devkitpro/libctru/lib/libctru.a(apt.o)
                0x0000000000129dac                aptMainLoop
 .text.aptInit  0x0000000000129df8      0x234 /opt/devkitpro/libctru/lib/libctru.a(apt.o)
                0x0000000000129df8                aptInit
 .text.APT_CheckNew3DS
                0x000000000012a02c       0x7c /opt/devkitpro/libctru/lib/libctru.a(apt.o)
                0x000000000012a02c                APT_CheckNew3DS
 .text.hidShouldUseIrrst
                0x000000000012a0a8       0x24 /opt/devkitpro/libctru/lib/libctru.a(hid.o)
                0x000000000012a0a8                hidShouldUseIrrst
 .text.hidInit  0x000000000012a0cc      0x18c /opt/devkitpro/libctru/lib/libctru.a(hid.o)
                0x000000000012a0cc                hidInit
 .text.hidExit  0x000000000012a258       0xe8 /opt/devkitpro/libctru/lib/libctru.a(hid.o)
                0x000000000012a258                hidExit
 .text.hidScanInput
                0x000000000012a340      0x294 /opt/devkitpro/libctru/lib/libctru.a(hid.o)
                0x000000000012a340                hidScanInput
 .text.hidKeysHeld
                0x000000000012a5d4       0x10 /opt/devkitpro/libctru/lib/libctru.a(hid.o)
                0x000000000012a5d4                hidKeysHeld
 .text.hidKeysDown
                0x000000000012a5e4       0x10 /opt/devkitpro/libctru/lib/libctru.a(hid.o)
                0x000000000012a5e4                hidKeysDown
 .text.hidKeysUp
                0x000000000012a5f4       0x10 /opt/devkitpro/libctru/lib/libctru.a(hid.o)
                0x000000000012a5f4                hidKeysUp
 .text.hidTouchRead
                0x000000000012a604       0x18 /opt/devkitpro/libctru/lib/libctru.a(hid.o)
                0x000000000012a604                hidTouchRead
 .text.hidCircleRead
                0x000000000012a61c       0x18 /opt/devkitpro/libctru/lib/libctru.a(hid.o)
                0x000000000012a61c                hidCircleRead
 .text.ptmSysmInit
                0x000000000012a634       0x74 /opt/devkitpro/libctru/lib/libctru.a(ptmsysm.o)
                0x000000000012a634                ptmSysmInit
 .text.ptmSysmExit
                0x000000000012a6a8       0x3c /opt/devkitpro/libctru/lib/libctru.a(ptmsysm.o)
                0x000000000012a6a8                ptmSysmExit
 .text.PTMSYSM_ConfigureNew3DSCPU
                0x000000000012a6e4       0x34 /opt/devkitpro/libctru/lib/libctru.a(ptmsysm.o)
                0x000000000012a6e4                PTMSYSM_ConfigureNew3DSCPU
 .text.fsInit   0x000000000012a718       0xc8 /opt/devkitpro/libctru/lib/libctru.a(fs.o)
                0x000000000012a718                fsInit
 .text.fsExit   0x000000000012a7e0       0x3c /opt/devkitpro/libctru/lib/libctru.a(fs.o)
                0x000000000012a7e0                fsExit
 .text.fsExemptFromSession
                0x000000000012a81c       0x60 /opt/devkitpro/libctru/lib/libctru.a(fs.o)
                0x000000000012a81c                fsExemptFromSession
 .text.fsUnexemptFromSession
                0x000000000012a87c       0x50 /opt/devkitpro/libctru/lib/libctru.a(fs.o)
                0x000000000012a87c                fsUnexemptFromSession
 .text.FSUSER_OpenFile
                0x000000000012a8cc       0xcc /opt/devkitpro/libctru/lib/libctru.a(fs.o)
                0x000000000012a8cc                FSUSER_OpenFile
 .text.FSUSER_OpenFileDirectly
                0x000000000012a998       0xd4 /opt/devkitpro/libctru/lib/libctru.a(fs.o)
                0x000000000012a998                FSUSER_OpenFileDirectly
 .text.FSUSER_DeleteFile
                0x000000000012aa6c       0xbc /opt/devkitpro/libctru/lib/libctru.a(fs.o)
                0x000000000012aa6c                FSUSER_DeleteFile
 .text.FSUSER_RenameFile
                0x000000000012ab28       0xf8 /opt/devkitpro/libctru/lib/libctru.a(fs.o)
                0x000000000012ab28                FSUSER_RenameFile
 .text.FSUSER_DeleteDirectory
                0x000000000012ac20       0xbc /opt/devkitpro/libctru/lib/libctru.a(fs.o)
                0x000000000012ac20                FSUSER_DeleteDirectory
 .text.FSUSER_CreateFile
                0x000000000012acdc       0xd4 /opt/devkitpro/libctru/lib/libctru.a(fs.o)
                0x000000000012acdc                FSUSER_CreateFile
 .text.FSUSER_CreateDirectory
                0x000000000012adb0       0xc4 /opt/devkitpro/libctru/lib/libctru.a(fs.o)
                0x000000000012adb0                FSUSER_CreateDirectory
 .text.FSUSER_RenameDirectory
                0x000000000012ae74       0xf8 /opt/devkitpro/libctru/lib/libctru.a(fs.o)
                0x000000000012ae74                FSUSER_RenameDirectory
 .text.FSUSER_OpenDirectory
                0x000000000012af6c       0xb4 /opt/devkitpro/libctru/lib/libctru.a(fs.o)
                0x000000000012af6c                FSUSER_OpenDirectory
 .text.FSUSER_OpenArchive
                0x000000000012b020       0x94 /opt/devkitpro/libctru/lib/libctru.a(fs.o)
                0x000000000012b020                FSUSER_OpenArchive
 .text.FSUSER_CloseArchive
                0x000000000012b0b4       0x8c /opt/devkitpro/libctru/lib/libctru.a(fs.o)
                0x000000000012b0b4                FSUSER_CloseArchive
 .text.FSUSER_GetSdmcArchiveResource
                0x000000000012b140       0x74 /opt/devkitpro/libctru/lib/libctru.a(fs.o)
                0x000000000012b140                FSUSER_GetSdmcArchiveResource
 .text.FSUSER_IsSdmcWritable
                0x000000000012b1b4       0x64 /opt/devkitpro/libctru/lib/libctru.a(fs.o)
                0x000000000012b1b4                FSUSER_IsSdmcWritable
 .text.FSFILE_Read
                0x000000000012b218       0x58 /opt/devkitpro/libctru/lib/libctru.a(fs.o)
                0x000000000012b218                FSFILE_Read
 .text.FSFILE_Write
                0x000000000012b270       0x60 /opt/devkitpro/libctru/lib/libctru.a(fs.o)
                0x000000000012b270                FSFILE_Write
 .text.FSFILE_GetSize
                0x000000000012b2d0       0x38 /opt/devkitpro/libctru/lib/libctru.a(fs.o)
                0x000000000012b2d0                FSFILE_GetSize
 .text.FSFILE_SetSize
                0x000000000012b308       0x28 /opt/devkitpro/libctru/lib/libctru.a(fs.o)
                0x000000000012b308                FSFILE_SetSize
 .text.FSFILE_Close
                0x000000000012b330       0x3c /opt/devkitpro/libctru/lib/libctru.a(fs.o)
                0x000000000012b330                FSFILE_Close
 .text.FSFILE_Flush
                0x000000000012b36c       0x24 /opt/devkitpro/libctru/lib/libctru.a(fs.o)
                0x000000000012b36c                FSFILE_Flush
 .text.FSDIR_Read
                0x000000000012b390       0x50 /opt/devkitpro/libctru/lib/libctru.a(fs.o)
                0x000000000012b390                FSDIR_Read
 .text.FSDIR_Close
                0x000000000012b3e0       0x3c /opt/devkitpro/libctru/lib/libctru.a(fs.o)
                0x000000000012b3e0                FSDIR_Close
 .text.rbtree_init
                0x000000000012b41c       0x10 /opt/devkitpro/libctru/lib/libctru.a(rbtree_init.o)
                0x000000000012b41c                rbtree_init
 .text.do_insert
                0x000000000012b42c      0x1a0 /opt/devkitpro/libctru/lib/libctru.a(rbtree_insert.o)
 .text.rbtree_insert
                0x000000000012b5cc        0x8 /opt/devkitpro/libctru/lib/libctru.a(rbtree_insert.o)
                0x000000000012b5cc                rbtree_insert
 .text.rbtree_rotate
                0x000000000012b5d4       0x90 /opt/devkitpro/libctru/lib/libctru.a(rbtree_rotate.o)
                0x000000000012b5d4                rbtree_rotate
 .text.rbtree_remove
                0x000000000012b664      0x338 /opt/devkitpro/libctru/lib/libctru.a(rbtree_remove.o)
                0x000000000012b664                rbtree_remove
 .text.rbtree_find
                0x000000000012b99c       0x74 /opt/devkitpro/libctru/lib/libctru.a(rbtree_find.o)
                0x000000000012b99c                rbtree_find
 .text.utf16_to_utf8
                0x000000000012ba10       0xe8 /opt/devkitpro/libctru/lib/libctru.a(utf16_to_utf8.o)
                0x000000000012ba10                utf16_to_utf8
 .text.decode_utf16
                0x000000000012baf8       0x64 /opt/devkitpro/libctru/lib/libctru.a(decode_utf16.o)
                0x000000000012baf8                decode_utf16
 .text.utf8_to_utf16
                0x000000000012bb5c       0xc0 /opt/devkitpro/libctru/lib/libctru.a(utf8_to_utf16.o)
                0x000000000012bb5c                utf8_to_utf16
 *fill*         0x000000000012bc1c        0x4 
 .text.__system_allocateHeaps
                0x000000000012bc20      0x1e0 /opt/devkitpro/libctru/lib/libctru.a(allocateHeaps.o)
                0x000000000012bc20                __system_allocateHeaps
 .text.__libctru_init
                0x000000000012be00       0x38 /opt/devkitpro/libctru/lib/libctru.a(ctru_init.o)
                0x000000000012be00                __libctru_init
 .text.__system_initArgv
                0x000000000012be38       0xf0 /opt/devkitpro/libctru/lib/libctru.a(initArgv.o)
                0x000000000012be38                __system_initArgv
 .text.svcControlMemory
                0x000000000012bf28       0x20 /opt/devkitpro/libctru/lib/libctru.a(svc.o)
                0x000000000012bf28                svcControlMemory
 .text.svcQueryMemory
                0x000000000012bf48       0x30 /opt/devkitpro/libctru/lib/libctru.a(svc.o)
                0x000000000012bf48                svcQueryMemory
 .text.svcExitProcess
                0x000000000012bf78        0x8 /opt/devkitpro/libctru/lib/libctru.a(svc.o)
                0x000000000012bf78                svcExitProcess
 .text.svcCreateThread
                0x000000000012bf80       0x20 /opt/devkitpro/libctru/lib/libctru.a(svc.o)
                0x000000000012bf80                svcCreateThread
 .text.svcExitThread
                0x000000000012bfa0        0x8 /opt/devkitpro/libctru/lib/libctru.a(svc.o)
                0x000000000012bfa0                svcExitThread
 .text.svcSleepThread
                0x000000000012bfa8        0x8 /opt/devkitpro/libctru/lib/libctru.a(svc.o)
                0x000000000012bfa8                svcSleepThread
 .text.svcReleaseMutex
                0x000000000012bfb0        0x8 /opt/devkitpro/libctru/lib/libctru.a(svc.o)
                0x000000000012bfb0                svcReleaseMutex
 .text.svcCreateEvent
                0x000000000012bfb8       0x14 /opt/devkitpro/libctru/lib/libctru.a(svc.o)
                0x000000000012bfb8                svcCreateEvent
 .text.svcSignalEvent
                0x000000000012bfcc        0x8 /opt/devkitpro/libctru/lib/libctru.a(svc.o)
                0x000000000012bfcc                svcSignalEvent
 .text.svcClearEvent
                0x000000000012bfd4        0x8 /opt/devkitpro/libctru/lib/libctru.a(svc.o)
                0x000000000012bfd4                svcClearEvent
 .text.svcMapMemoryBlock
                0x000000000012bfdc        0x8 /opt/devkitpro/libctru/lib/libctru.a(svc.o)
                0x000000000012bfdc                svcMapMemoryBlock
 .text.svcUnmapMemoryBlock
                0x000000000012bfe4        0x8 /opt/devkitpro/libctru/lib/libctru.a(svc.o)
                0x000000000012bfe4                svcUnmapMemoryBlock
 .text.svcCreateAddressArbiter
                0x000000000012bfec       0x14 /opt/devkitpro/libctru/lib/libctru.a(svc.o)
                0x000000000012bfec                svcCreateAddressArbiter
 .text.svcArbitrateAddressNoTimeout
                0x000000000012c000        0x8 /opt/devkitpro/libctru/lib/libctru.a(svc.o)
                0x000000000012c000                svcArbitrateAddressNoTimeout
 .text.svcCloseHandle
                0x000000000012c008        0x8 /opt/devkitpro/libctru/lib/libctru.a(svc.o)
                0x000000000012c008                svcCloseHandle
 .text.svcWaitSynchronization
                0x000000000012c010        0x8 /opt/devkitpro/libctru/lib/libctru.a(svc.o)
                0x000000000012c010                svcWaitSynchronization
 .text.svcWaitSynchronizationN
                0x000000000012c018       0x28 /opt/devkitpro/libctru/lib/libctru.a(svc.o)
                0x000000000012c018                svcWaitSynchronizationN
 .text.svcDuplicateHandle
                0x000000000012c040       0x14 /opt/devkitpro/libctru/lib/libctru.a(svc.o)
                0x000000000012c040                svcDuplicateHandle
 .text.svcGetSystemTick
                0x000000000012c054        0x8 /opt/devkitpro/libctru/lib/libctru.a(svc.o)
                0x000000000012c054                svcGetSystemTick
 .text.svcConnectToPort
                0x000000000012c05c       0x14 /opt/devkitpro/libctru/lib/libctru.a(svc.o)
                0x000000000012c05c                svcConnectToPort
 .text.svcSendSyncRequest
                0x000000000012c070        0x8 /opt/devkitpro/libctru/lib/libctru.a(svc.o)
                0x000000000012c070                svcSendSyncRequest
 .text.svcGetResourceLimit
                0x000000000012c078       0x14 /opt/devkitpro/libctru/lib/libctru.a(svc.o)
                0x000000000012c078                svcGetResourceLimit
 .text.svcGetResourceLimitLimitValues
                0x000000000012c08c        0x8 /opt/devkitpro/libctru/lib/libctru.a(svc.o)
                0x000000000012c08c                svcGetResourceLimitLimitValues
 .text.svcGetResourceLimitCurrentValues
                0x000000000012c094        0x8 /opt/devkitpro/libctru/lib/libctru.a(svc.o)
                0x000000000012c094                svcGetResourceLimitCurrentValues
 .text.svcBreak
                0x000000000012c09c        0x8 /opt/devkitpro/libctru/lib/libctru.a(svc.o)
                0x000000000012c09c                svcBreak
 .text.initSystem
                0x000000000012c0a4       0x50 /opt/devkitpro/libctru/lib/libctru.a(stack_adjust.o)
                0x000000000012c0a4                initSystem
 .text.__ctru_exit
                0x000000000012c0f4       0x18 /opt/devkitpro/libctru/lib/libctru.a(stack_adjust.o)
                0x000000000012c0f4                __ctru_exit
 .text.__aeabi_read_tp
                0x000000000012c10c        0xc /opt/devkitpro/libctru/lib/libctru.a(readtp.o)
                0x000000000012c10c                __aeabi_read_tp
 .text.__sync_init
                0x000000000012c118        0xc /opt/devkitpro/libctru/lib/libctru.a(synchronization.o)
                0x000000000012c118                __sync_init
 .text.__sync_fini
                0x000000000012c124       0x18 /opt/devkitpro/libctru/lib/libctru.a(synchronization.o)
                0x000000000012c124                __sync_fini
 .text.syncArbitrateAddress
                0x000000000012c13c       0x2c /opt/devkitpro/libctru/lib/libctru.a(synchronization.o)
                0x000000000012c13c                syncArbitrateAddress
 .text.LightLock_Init
                0x000000000012c168       0x1c /opt/devkitpro/libctru/lib/libctru.a(synchronization.o)
                0x000000000012c168                LightLock_Init
 .text.LightLock_Lock